Archive member included to satisfy reference by file (symbol)

c:/chibistudio/tools/gnu tools arm embedded/10.3 2021.10/bin/../lib/gcc/arm-none-eabi/10.3.1/../../../../arm-none-eabi/lib/thumb/v7e-m/nofp\libg.a(lib_a-ctype_.o)
                              ./build/obj/chscanf.o (symbol from plugin) (_ctype_)
c:/chibistudio/tools/gnu tools arm embedded/10.3 2021.10/bin/../lib/gcc/arm-none-eabi/10.3.1/thumb/v7e-m/nofp\libgcc.a(_aeabi_uldivmod.o)
                              C:\Users\nello\AppData\Local\Temp\GestureLogicv3.elf.vIHagE.ltrans0.ltrans.o (__aeabi_uldivmod)
c:/chibistudio/tools/gnu tools arm embedded/10.3 2021.10/bin/../lib/gcc/arm-none-eabi/10.3.1/thumb/v7e-m/nofp\libgcc.a(_udivmoddi4.o)
                              c:/chibistudio/tools/gnu tools arm embedded/10.3 2021.10/bin/../lib/gcc/arm-none-eabi/10.3.1/thumb/v7e-m/nofp\libgcc.a(_aeabi_uldivmod.o) (__udivmoddi4)
c:/chibistudio/tools/gnu tools arm embedded/10.3 2021.10/bin/../lib/gcc/arm-none-eabi/10.3.1/thumb/v7e-m/nofp\libgcc.a(_dvmd_tls.o)
                              c:/chibistudio/tools/gnu tools arm embedded/10.3 2021.10/bin/../lib/gcc/arm-none-eabi/10.3.1/thumb/v7e-m/nofp\libgcc.a(_aeabi_uldivmod.o) (__aeabi_ldiv0)
c:/chibistudio/tools/gnu tools arm embedded/10.3 2021.10/bin/../lib/gcc/arm-none-eabi/10.3.1/../../../../arm-none-eabi/lib/thumb/v7e-m/nofp\libg.a(lib_a-memcpy.o)
                              C:\Users\nello\AppData\Local\Temp\GestureLogicv3.elf.vIHagE.ltrans0.ltrans.o (memcpy)
c:/chibistudio/tools/gnu tools arm embedded/10.3 2021.10/bin/../lib/gcc/arm-none-eabi/10.3.1/../../../../arm-none-eabi/lib/thumb/v7e-m/nofp\libg.a(lib_a-memmove.o)
                              C:\Users\nello\AppData\Local\Temp\GestureLogicv3.elf.vIHagE.ltrans0.ltrans.o (memmove)
c:/chibistudio/tools/gnu tools arm embedded/10.3 2021.10/bin/../lib/gcc/arm-none-eabi/10.3.1/../../../../arm-none-eabi/lib/thumb/v7e-m/nofp\libg.a(lib_a-memset.o)
                              C:\Users\nello\AppData\Local\Temp\GestureLogicv3.elf.vIHagE.ltrans0.ltrans.o (memset)

Discarded input sections

 .data          0x00000000        0x0 ./build/obj/crt0_v7m.o
 .bss           0x00000000        0x0 ./build/obj/crt0_v7m.o
 .data          0x00000000        0x0 ./build/obj/vectors.o
 .bss           0x00000000        0x0 ./build/obj/vectors.o
 .data          0x00000000        0x0 ./build/obj/chcoreasm.o
 .bss           0x00000000        0x0 ./build/obj/chcoreasm.o
 .text          0x00000000        0x0 C:\Users\nello\AppData\Local\Temp\GestureLogicv3.elf.vIHagE.ltrans0.ltrans.o
 .data          0x00000000        0x0 C:\Users\nello\AppData\Local\Temp\GestureLogicv3.elf.vIHagE.ltrans0.ltrans.o
 .bss           0x00000000        0x0 C:\Users\nello\AppData\Local\Temp\GestureLogicv3.elf.vIHagE.ltrans0.ltrans.o
 .comment       0x00000000       0x4a C:\Users\nello\AppData\Local\Temp\ccRESkrU.debug.temp.o
 .comment       0x00000000       0x4a C:\Users\nello\AppData\Local\Temp\ccm4CBYG.debug.temp.o
 .comment       0x00000000       0x4a C:\Users\nello\AppData\Local\Temp\cc3hOiAt.debug.temp.o
 .debug_info    0x00000000      0xc56 C:\Users\nello\AppData\Local\Temp\cc2mkP2f.debug.temp.o
 .debug_abbrev  0x00000000      0x1be C:\Users\nello\AppData\Local\Temp\cc2mkP2f.debug.temp.o
 .debug_line    0x00000000      0x308 C:\Users\nello\AppData\Local\Temp\cc2mkP2f.debug.temp.o
 .debug_str     0x00000000      0x79b C:\Users\nello\AppData\Local\Temp\cc2mkP2f.debug.temp.o
 .comment       0x00000000       0x4a C:\Users\nello\AppData\Local\Temp\cc2mkP2f.debug.temp.o
 .debug_info    0x00000000      0x931 C:\Users\nello\AppData\Local\Temp\ccPvDcJ1.debug.temp.o
 .debug_abbrev  0x00000000      0x1b3 C:\Users\nello\AppData\Local\Temp\ccPvDcJ1.debug.temp.o
 .debug_line    0x00000000      0x2d1 C:\Users\nello\AppData\Local\Temp\ccPvDcJ1.debug.temp.o
 .debug_str     0x00000000      0x58a C:\Users\nello\AppData\Local\Temp\ccPvDcJ1.debug.temp.o
 .comment       0x00000000       0x4a C:\Users\nello\AppData\Local\Temp\ccPvDcJ1.debug.temp.o
 .comment       0x00000000       0x4a C:\Users\nello\AppData\Local\Temp\ccMr7ddN.debug.temp.o
 .debug_info    0x00000000      0x5de C:\Users\nello\AppData\Local\Temp\ccvysCLy.debug.temp.o
 .debug_abbrev  0x00000000      0x13e C:\Users\nello\AppData\Local\Temp\ccvysCLy.debug.temp.o
 .debug_line    0x00000000      0x20a C:\Users\nello\AppData\Local\Temp\ccvysCLy.debug.temp.o
 .debug_str     0x00000000      0x51f C:\Users\nello\AppData\Local\Temp\ccvysCLy.debug.temp.o
 .comment       0x00000000       0x4a C:\Users\nello\AppData\Local\Temp\ccvysCLy.debug.temp.o
 .debug_info    0x00000000       0x79 C:\Users\nello\AppData\Local\Temp\ccqJEGHk.debug.temp.o
 .debug_abbrev  0x00000000       0x26 C:\Users\nello\AppData\Local\Temp\ccqJEGHk.debug.temp.o
 .debug_line    0x00000000       0x1e C:\Users\nello\AppData\Local\Temp\ccqJEGHk.debug.temp.o
 .debug_str     0x00000000      0x1b6 C:\Users\nello\AppData\Local\Temp\ccqJEGHk.debug.temp.o
[...]
Memory Configuration

Name             Origin             Length             Attributes
flash0           0x08000000         0x00080000         xr
flash1           0x00000000         0x00000000         xr
flash2           0x00000000         0x00000000         xr
flash3           0x00000000         0x00000000         xr
flash4           0x00000000         0x00000000         xr
flash5           0x00000000         0x00000000         xr
flash6           0x00000000         0x00000000         xr
flash7           0x00000000         0x00000000         xr
ram0             0x20000000         0x00020000         xw
ram1             0x20000000         0x00018000         xw
ram2             0x20000000         0x00014000         xw
ram3             0x20014000         0x00004000         xw
ram4             0x20018000         0x00008000         xw
ram5             0x10000000         0x00008000         xw
ram6             0x00000000         0x00000000         xw
ram7             0x00000000         0x00000000         xw
*default*        0x00000000         0xffffffff

Linker script and memory map

LOAD ./build/obj/crt0_v7m.o
LOAD ./build/obj/vectors.o
LOAD ./build/obj/chcoreasm.o
LOAD ./build/obj/crt1.o
LOAD C:\Users\nello\AppData\Local\Temp\GestureLogicv3.elf.vIHagE.ltrans0.ltrans.o
LOAD C:\Users\nello\AppData\Local\Temp\ccRESkrU.debug.temp.o
LOAD C:\Users\nello\AppData\Local\Temp\ccm4CBYG.debug.temp.o
LOAD C:\Users\nello\AppData\Local\Temp\cc3hOiAt.debug.temp.o
LOAD C:\Users\nello\AppData\Local\Temp\cc2mkP2f.debug.temp.o
LOAD C:\Users\nello\AppData\Local\Temp\ccPvDcJ1.debug.temp.o
LOAD C:\Users\nello\AppData\Local\Temp\ccMr7ddN.debug.temp.o
LOAD C:\Users\nello\AppData\Local\Temp\ccvysCLy.debug.temp.o
LOAD C:\Users\nello\AppData\Local\Temp\ccqJEGHk.debug.temp.o
LOAD C:\Users\nello\AppData\Local\Temp\ccbV58s6.debug.temp.o
LOAD C:\Users\nello\AppData\Local\Temp\ccKmIfjS.debug.temp.o
LOAD C:\Users\nello\AppData\Local\Temp\ccDUEdlD.debug.temp.o
LOAD C:\Users\nello\AppData\Local\Temp\cc4jO0eo.debug.temp.o
LOAD C:\Users\nello\AppData\Local\Temp\cctGuDC9.debug.temp.o
LOAD C:\Users\nello\AppData\Local\Temp\ccoFAd3U.debug.temp.o
LOAD C:\Users\nello\AppData\Local\Temp\cctN8cgG.debug.temp.o
LOAD C:\Users\nello\AppData\Local\Temp\ccsiEAxr.debug.temp.o
LOAD C:\Users\nello\AppData\Local\Temp\ccNAhaMg.debug.temp.o
LOAD C:\Users\nello\AppData\Local\Temp\ccQPZWM5.debug.temp.o
LOAD C:\Users\nello\AppData\Local\Temp\ccb2fudV.debug.temp.o
LOAD C:\Users\nello\AppData\Local\Temp\ccq7ZxIK.debug.temp.o
LOAD C:\Users\nello\AppData\Local\Temp\ccnBFMiz.debug.temp.o
LOAD C:\Users\nello\AppData\Local\Temp\ccwNQPJn.debug.temp.o
LOAD C:\Users\nello\AppData\Local\Temp\cczEaudc.debug.temp.o
LOAD C:\Users\nello\AppData\Local\Temp\cciXb750.debug.temp.o
LOAD C:\Users\nello\AppData\Local\Temp\ccJeBuPP.debug.temp.o
LOAD C:\Users\nello\AppData\Local\Temp\ccslY3MD.debug.temp.o
LOAD C:\Users\nello\AppData\Local\Temp\ccBvMtBr.debug.temp.o
LOAD C:\Users\nello\AppData\Local\Temp\ccQyXBPe.debug.temp.o
LOAD C:\Users\nello\AppData\Local\Temp\ccRO2n81.debug.temp.o
LOAD C:\Users\nello\AppData\Local\Temp\ccQFRHNP.debug.temp.o
LOAD C:\Users\nello\AppData\Local\Temp\ccL46vyD.debug.temp.o
LOAD C:\Users\nello\AppData\Local\Temp\cc4nnl9q.debug.temp.o
LOAD C:\Users\nello\AppData\Local\Temp\ccnHDaKe.debug.temp.o
LOAD C:\Users\nello\AppData\Local\Temp\cc2noCe6.debug.temp.o
LOAD C:\Users\nello\AppData\Local\Temp\ccPG6RzX.debug.temp.o
LOAD C:\Users\nello\AppData\Local\Temp\ccCZO7UO.debug.temp.o
LOAD C:\Users\nello\AppData\Local\Temp\ccjFuLkG.debug.temp.o
LOAD C:\Users\nello\AppData\Local\Temp\cc6rYb1x.debug.temp.o
LOAD C:\Users\nello\AppData\Local\Temp\cc7JC1Ip.debug.temp.o
LOAD C:\Users\nello\AppData\Local\Temp\ccMsmEFg.debug.temp.o
LOAD C:\Users\nello\AppData\Local\Temp\ccjpR2s7.debug.temp.o
LOAD C:\Users\nello\AppData\Local\Temp\ccQlmrgY.debug.temp.o
LOAD C:\Users\nello\AppData\Local\Temp\cclXWbvP.debug.temp.o
LOAD C:\Users\nello\AppData\Local\Temp\ccwcfgPG.debug.temp.o
LOAD C:\Users\nello\AppData\Local\Temp\cc5poDVx.debug.temp.o
LOAD C:\Users\nello\AppData\Local\Temp\ccIrUN3o.debug.temp.o
LOAD C:\Users\nello\AppData\Local\Temp\ccltqYbg.debug.temp.o
LOAD C:\Users\nello\AppData\Local\Temp\ccKRJKw6.debug.temp.o
LOAD C:\Users\nello\AppData\Local\Temp\ccxSE7VW.debug.temp.o
LOAD C:\Users\nello\AppData\Local\Temp\cckh8J7M.debug.temp.o
LOAD C:\Users\nello\AppData\Local\Temp\ccBXy6nD.debug.temp.o
LOAD C:\Users\nello\AppData\Local\Temp\ccKp8tZt.debug.temp.o
LOAD C:\Users\nello\AppData\Local\Temp\ccLTc2Gk.debug.temp.o
LOAD C:\Users\nello\AppData\Local\Temp\cceMUn9a.debug.temp.o
LOAD C:\Users\nello\AppData\Local\Temp\ccfY1VF1.debug.temp.o
LOAD C:\Users\nello\AppData\Local\Temp\ccWNuooR.debug.temp.o
LOAD C:\Users\nello\AppData\Local\Temp\ccTzZybH.debug.temp.o
LOAD C:\Users\nello\AppData\Local\Temp\ccWuxXLw.debug.temp.o
LOAD C:\Users\nello\AppData\Local\Temp\cc1Y8Kqm.debug.temp.o
LOAD C:\Users\nello\AppData\Local\Temp\cc0XV5rc.debug.temp.o
LOAD C:\Users\nello\AppData\Local\Temp\ccZWIqt2.debug.temp.o
LOAD C:\Users\nello\AppData\Local\Temp\cc88jZlS.debug.temp.o
LOAD C:\Users\nello\AppData\Local\Temp\cchlVxeI.debug.temp.o
LOAD ./build/obj/hal.o
LOAD ./build/obj/hal_st.o
LOAD ./build/obj/hal_buffered_serial.o
LOAD ./build/obj/hal_buffers.o
LOAD ./build/obj/hal_queues.o
LOAD ./build/obj/hal_flash.o
LOAD ./build/obj/hal_mmcsd.o
LOAD ./build/obj/hal_i2c.o
LOAD ./build/obj/hal_pal.o
LOAD ./build/obj/hal_serial.o
LOAD ./build/obj/hal_sio.o
LOAD ./build/obj/nvic.o
LOAD ./build/obj/stm32_isr.o
LOAD ./build/obj/hal_lld.o
LOAD ./build/obj/hal_efl_lld.o
LOAD ./build/obj/stm32_dma.o
LOAD ./build/obj/stm32_exti.o
LOAD ./build/obj/hal_pal_lld.o
LOAD ./build/obj/hal_i2c_lld.o
LOAD ./build/obj/hal_st_lld.o
LOAD ./build/obj/hal_serial_lld.o
LOAD ./build/obj/hal_sio_lld.o
LOAD ./build/obj/board.o
LOAD ./build/obj/osal.o
LOAD ./build/obj/chsys.o
LOAD ./build/obj/chrfcu.o
LOAD ./build/obj/chdebug.o
LOAD ./build/obj/chtrace.o
LOAD ./build/obj/chvt.o
LOAD ./build/obj/chschd.o
LOAD ./build/obj/chinstances.o
LOAD ./build/obj/chthreads.o
LOAD ./build/obj/chtm.o
LOAD ./build/obj/chregistry.o
LOAD ./build/obj/chsem.o
LOAD ./build/obj/chmtx.o
LOAD ./build/obj/chcond.o
LOAD ./build/obj/chevents.o
LOAD ./build/obj/chmsg.o
LOAD ./build/obj/chdynamic.o
LOAD ./build/obj/chmboxes.o
LOAD ./build/obj/chmemcore.o
LOAD ./build/obj/chmemheaps.o
LOAD ./build/obj/chmempools.o
LOAD ./build/obj/chpipes.o
LOAD ./build/obj/chobjcaches.o
LOAD ./build/obj/chdelegates.o
LOAD ./build/obj/chfactory.o
LOAD ./build/obj/chcore.o
LOAD ./build/obj/chcoreapi.o
LOAD ./build/obj/vl53l7cx_api.o
LOAD ./build/obj/vl53l7cx_plugin_detection_thresholds.o
LOAD ./build/obj/vl53l7cx_plugin_motion_indicator.o
LOAD ./build/obj/vl53l7cx_plugin_xtalk.o
LOAD ./build/obj/platform.o
LOAD ./build/obj/chprintf.o
LOAD ./build/obj/chscanf.o
LOAD ./build/obj/memstreams.o
LOAD ./build/obj/nullstreams.o
LOAD ./build/obj/bufstreams.o
LOAD ./build/obj/main.o
LOAD ./build/obj/gesture.o

.mstack         0x20000000      0x400
                0x20000000                . = ALIGN (0x8)
                0x20000000                __main_stack_base__ = .
                0x20000400                . = (. + __main_stack_size__)
 *fill*         0x20000000      0x400 
                0x20000400                . = ALIGN (0x8)
                0x20000400                __main_stack_end__ = .

.pstack         0x20000400      0x400
                0x20000400                . = ALIGN (0x8)
                0x20000400                __process_stack_base__ = .
                0x20000400                __main_thread_stack_base__ = .
                0x20000800                . = (. + __process_stack_size__)
 *fill*         0x20000400      0x400 
                0x20000800                . = ALIGN (0x8)
                0x20000800                __process_stack_end__ = .
                0x20000800                __main_thread_stack_end__ = .

.vectors        0x08000000      0x1e0
                0x08000000                __textvectors_base__ = LOADADDR (.vectors)
                0x08000000                __vectors_base__ = .
 *(.vectors)
 .vectors       0x08000000      0x1e0 ./build/obj/vectors.o
                0x08000000                _vectors
                0x080001e0                __vectors_end__ = .

.xtors          0x080001e0        0x0
                0x080001e0                __init_array_base__ = .
 *(SORT_BY_NAME(.init_array.*))
 *(.init_array)
                0x080001e0                __init_array_end__ = .
                0x080001e0                __fini_array_base__ = .
 *(.fini_array)
 *(SORT_BY_NAME(.fini_array.*))
                0x080001e0                __fini_array_end__ = .

.text           0x080001e0     0x4dfc
                0x080001e0                __text_base__ = .
 *(.text)
 .text          0x080001e0       0xd8 ./build/obj/crt0_v7m.o
                0x080001e0                _crt0_entry
 .text          0x080002b8        0x8 ./build/obj/vectors.o
                0x080002b8                Reset_Handler
                0x080002ba                VectorAC
                0x080002ba                DebugMon_Handler
                0x080002ba                Vector1A0
                0x080002ba                Vector11C
                0x080002ba                HardFault_Handler
                0x080002ba                Vector1B8
                0x080002ba                Vector19C
                0x080002ba                Vector8C
                0x080002ba                SysTick_Handler
                0x080002ba                VectorDC
                0x080002ba                Vector168
                0x080002ba                NMI_Handler
                0x080002ba                Vector110
                0x080002ba                Vector1D8
                0x080002ba                VectorC8
                0x080002ba                Vector94
                0x080002ba                VectorA8
                0x080002ba                VectorB4
                0x080002ba                Vector160
                0x080002ba                Vector1B0
                0x080002ba                UsageFault_Handler
                0x080002ba                VectorEC
                0x080002ba                Vector40
                0x080002ba                VectorF8
                0x080002ba                Vector108
                0x080002ba                Vector190
                0x080002ba                Vector150
                0x080002ba                Vector148
                0x080002ba                Vector188
                0x080002ba                Vector198
                0x080002ba                Vector118
                0x080002ba                VectorE8
                0x080002ba                VectorCC
                0x080002ba                Vector54
                0x080002ba                Vector98
                0x080002ba                Vector138
                0x080002ba                Vector24
                0x080002ba                Vector178
                0x080002ba                SecureFault_Handler
                0x080002ba                Vector1A4
                0x080002ba                VectorD0
                0x080002ba                Vector1B4
                0x080002ba                Vector140
                0x080002ba                VectorE4
                0x080002ba                Vector158
                0x080002ba                Vector134
                0x080002ba                Vector1D0
                0x080002ba                VectorF0
                0x080002ba                Vector13C
                0x080002ba                Vector100
                0x080002ba                VectorF4
                0x080002ba                MemManage_Handler
                0x080002ba                VectorA0
                0x080002ba                VectorC4
                0x080002ba                Vector180
                0x080002ba                Vector90
                0x080002ba                Vector114
                0x080002ba                Vector164
                0x080002ba                Vector1BC
                0x080002ba                Vector1D4
                0x080002ba                Vector17C
                0x080002ba                Vector48
                0x080002ba                Vector1A8
                0x080002ba                Vector16C
                0x080002ba                VectorD4
                0x080002ba                Vector4C
                0x080002ba                Vector144
                0x080002ba                Vector15C
                0x080002ba                Vector18C
                0x080002ba                Vector170
                0x080002ba                Vector88
                0x080002ba                Vector104
                0x080002ba                Vector184
                0x080002ba                Vector10C
                0x080002ba                Vector14C
                0x080002ba                BusFault_Handler
                0x080002ba                Vector50
                0x080002ba                Vector194
                0x080002ba                Vector1DC
                0x080002ba                Vector154
                0x080002ba                Vector44
                0x080002ba                Vector28
                0x080002ba                VectorB8
                0x080002ba                VectorFC
                0x080002ba                Vector34
                0x080002ba                VectorA4
                0x080002ba                Vector20
                0x080002ba                Vector174
                0x080002be                _unhandled_exception
 .text          0x080002c0       0x5e ./build/obj/chcoreasm.o
                0x080002c0                SVC_Handler
                0x080002de                PendSV_Handler
                0x0800030c                __port_thread_start
 *fill*         0x0800031e        0x2 
 .text          0x08000320      0x134 c:/chibistudio/tools/gnu tools arm embedded/10.3 2021.10/bin/../lib/gcc/arm-none-eabi/10.3.1/../../../../arm-none-eabi/lib/thumb/v7e-m/nofp\libg.a(lib_a-memcpy.o)
                0x08000320                memcpy
 .text          0x08000454       0x30 c:/chibistudio/tools/gnu tools arm embedded/10.3 2021.10/bin/../lib/gcc/arm-none-eabi/10.3.1/thumb/v7e-m/nofp\libgcc.a(_aeabi_uldivmod.o)
                0x08000454                __aeabi_uldivmod
 .text          0x08000484      0x2d0 c:/chibistudio/tools/gnu tools arm embedded/10.3 2021.10/bin/../lib/gcc/arm-none-eabi/10.3.1/thumb/v7e-m/nofp\libgcc.a(_udivmoddi4.o)
                0x08000484                __udivmoddi4
 .text          0x08000754        0x4 c:/chibistudio/tools/gnu tools arm embedded/10.3 2021.10/bin/../lib/gcc/arm-none-eabi/10.3.1/thumb/v7e-m/nofp\libgcc.a(_dvmd_tls.o)
                0x08000754                __aeabi_idiv0
                0x08000754                __aeabi_ldiv0
 *(.text.*)
 *fill*         0x08000758        0x8 
 .text._ctl     0x08000760        0xc C:\Users\nello\AppData\Local\Temp\GestureLogicv3.elf.vIHagE.ltrans0.ltrans.o
 *fill*         0x0800076c        0x4 
 .text.__ctl    0x08000770        0xc C:\Users\nello\AppData\Local\Temp\GestureLogicv3.elf.vIHagE.ltrans0.ltrans.o
 *fill*         0x0800077c        0x4 
 .text._pal_lld_setgroupmode
                0x08000780       0xe0 C:\Users\nello\AppData\Local\Temp\GestureLogicv3.elf.vIHagE.ltrans0.ltrans.o
 .text.notify2  0x08000860       0x10 C:\Users\nello\AppData\Local\Temp\GestureLogicv3.elf.vIHagE.ltrans0.ltrans.o
 .text.sio_lld_put
                0x08000870       0x2c C:\Users\nello\AppData\Local\Temp\GestureLogicv3.elf.vIHagE.ltrans0.ltrans.o
 *fill*         0x0800089c        0x4 
 .text.__idle_thread
                0x080008a0        0x4 C:\Users\nello\AppData\Local\Temp\GestureLogicv3.elf.vIHagE.ltrans0.ltrans.o
 *fill*         0x080008a4        0xc 
 .text.chTMStartMeasurementX
                0x080008b0        0xc C:\Users\nello\AppData\Local\Temp\GestureLogicv3.elf.vIHagE.ltrans0.ltrans.o
 *fill*         0x080008bc        0x4 
 .text.chTMStopMeasurementX
                0x080008c0       0x44 C:\Users\nello\AppData\Local\Temp\GestureLogicv3.elf.vIHagE.ltrans0.ltrans.o
 *fill*         0x08000904        0xc 
 .text.chCoreAllocFromTop
                0x08000910       0x3c C:\Users\nello\AppData\Local\Temp\GestureLogicv3.elf.vIHagE.ltrans0.ltrans.o
 *fill*         0x0800094c        0x4 
 .text.chCoreAllocAlignedI
                0x08000950       0x20 C:\Users\nello\AppData\Local\Temp\GestureLogicv3.elf.vIHagE.ltrans0.ltrans.o
 .text.VL53L7CX_SwapBuffer
                0x08000970       0x38 C:\Users\nello\AppData\Local\Temp\GestureLogicv3.elf.vIHagE.ltrans0.ltrans.o
 *fill*         0x080009a8        0x8 
 .text.__sch_wakeup
                0x080009b0       0x70 C:\Users\nello\AppData\Local\Temp\GestureLogicv3.elf.vIHagE.ltrans0.ltrans.o
 .text.chEvtBroadcastFlagsI
                0x08000a20       0x74 C:\Users\nello\AppData\Local\Temp\GestureLogicv3.elf.vIHagE.ltrans0.ltrans.o
 *fill*         0x08000a94        0xc 
 .text.chEvtBroadcastFlags.constprop.0
                0x08000aa0       0x58 C:\Users\nello\AppData\Local\Temp\GestureLogicv3.elf.vIHagE.ltrans0.ltrans.o
 *fill*         0x08000af8        0x8 
 .text.vt_insert_first.constprop.0
                0x08000b00       0x60 C:\Users\nello\AppData\Local\Temp\GestureLogicv3.elf.vIHagE.ltrans0.ltrans.o
 .text.chSchGoSleepTimeoutS
                0x08000b60      0x184 C:\Users\nello\AppData\Local\Temp\GestureLogicv3.elf.vIHagE.ltrans0.ltrans.o
 *fill*         0x08000ce4        0xc 
 .text.iqGetTimeout
                0x08000cf0       0x6c C:\Users\nello\AppData\Local\Temp\GestureLogicv3.elf.vIHagE.ltrans0.ltrans.o
 *fill*         0x08000d5c        0x4 
 .text._get     0x08000d60        0xc C:\Users\nello\AppData\Local\Temp\GestureLogicv3.elf.vIHagE.ltrans0.ltrans.o
 *fill*         0x08000d6c        0x4 
 .text._gett    0x08000d70        0x8 C:\Users\nello\AppData\Local\Temp\GestureLogicv3.elf.vIHagE.ltrans0.ltrans.o
 *fill*         0x08000d78        0x8 
 .text.oqPutTimeout
                0x08000d80       0x78 C:\Users\nello\AppData\Local\Temp\GestureLogicv3.elf.vIHagE.ltrans0.ltrans.o
 *fill*         0x08000df8        0x8 
 .text._put     0x08000e00        0xc C:\Users\nello\AppData\Local\Temp\GestureLogicv3.elf.vIHagE.ltrans0.ltrans.o
 *fill*         0x08000e0c        0x4 
 .text._putt    0x08000e10        0x8 C:\Users\nello\AppData\Local\Temp\GestureLogicv3.elf.vIHagE.ltrans0.ltrans.o
 *fill*         0x08000e18        0x8 
 .text.__putt   0x08000e20       0x5c C:\Users\nello\AppData\Local\Temp\GestureLogicv3.elf.vIHagE.ltrans0.ltrans.o
 *fill*         0x08000e7c        0x4 
 .text.sync_write
                0x08000e80       0xb8 C:\Users\nello\AppData\Local\Temp\GestureLogicv3.elf.vIHagE.ltrans0.ltrans.o
 *fill*         0x08000f38        0x8 
 .text.__write  0x08000f40        0x8 C:\Users\nello\AppData\Local\Temp\GestureLogicv3.elf.vIHagE.ltrans0.ltrans.o
 *fill*         0x08000f48        0x8 
 .text.__writet
                0x08000f50        0x4 C:\Users\nello\AppData\Local\Temp\GestureLogicv3.elf.vIHagE.ltrans0.ltrans.o
 *fill*         0x08000f54        0xc 
 .text.sioSynchronizeRX
                0x08000f60       0x5c C:\Users\nello\AppData\Local\Temp\GestureLogicv3.elf.vIHagE.ltrans0.ltrans.o
 *fill*         0x08000fbc        0x4 
 .text.__get    0x08000fc0       0x38 C:\Users\nello\AppData\Local\Temp\GestureLogicv3.elf.vIHagE.ltrans0.ltrans.o
 *fill*         0x08000ff8        0x8 
 .text.__gett   0x08001000       0x34 C:\Users\nello\AppData\Local\Temp\GestureLogicv3.elf.vIHagE.ltrans0.ltrans.o
 *fill*         0x08001034        0xc 
 .text.sync_read
                0x08001040       0xe8 C:\Users\nello\AppData\Local\Temp\GestureLogicv3.elf.vIHagE.ltrans0.ltrans.o
 *fill*         0x08001128        0x8 
 .text.__read   0x08001130        0x8 C:\Users\nello\AppData\Local\Temp\GestureLogicv3.elf.vIHagE.ltrans0.ltrans.o
 *fill*         0x08001138        0x8 
 .text.__readt  0x08001140        0x4 C:\Users\nello\AppData\Local\Temp\GestureLogicv3.elf.vIHagE.ltrans0.ltrans.o
 *fill*         0x08001144        0xc 
 .text.chThdSleep
                0x08001150       0x18 C:\Users\nello\AppData\Local\Temp\GestureLogicv3.elf.vIHagE.ltrans0.ltrans.o
 *fill*         0x08001168        0x8 
 .text.blinker_thread
                0x08001170       0x4c C:\Users\nello\AppData\Local\Temp\GestureLogicv3.elf.vIHagE.ltrans0.ltrans.o
 *fill*         0x080011bc        0x4 
 .text.chThdCreateStatic.constprop.0.isra.0
                0x080011c0       0xd0 C:\Users\nello\AppData\Local\Temp\GestureLogicv3.elf.vIHagE.ltrans0.ltrans.o
 .text.iqReadTimeout
                0x08001290       0xec C:\Users\nello\AppData\Local\Temp\GestureLogicv3.elf.vIHagE.ltrans0.ltrans.o
 *fill*         0x0800137c        0x4 
 .text._read    0x08001380        0xc C:\Users\nello\AppData\Local\Temp\GestureLogicv3.elf.vIHagE.ltrans0.ltrans.o
 *fill*         0x0800138c        0x4 
 .text._readt   0x08001390        0x8 C:\Users\nello\AppData\Local\Temp\GestureLogicv3.elf.vIHagE.ltrans0.ltrans.o
 *fill*         0x08001398        0x8 
 .text.oqWriteTimeout
                0x080013a0       0xe4 C:\Users\nello\AppData\Local\Temp\GestureLogicv3.elf.vIHagE.ltrans0.ltrans.o
 *fill*         0x08001484        0xc 
 .text._write   0x08001490        0xc C:\Users\nello\AppData\Local\Temp\GestureLogicv3.elf.vIHagE.ltrans0.ltrans.o
 *fill*         0x0800149c        0x4 
 .text._writet  0x080014a0        0x8 C:\Users\nello\AppData\Local\Temp\GestureLogicv3.elf.vIHagE.ltrans0.ltrans.o
 *fill*         0x080014a8        0x8 
 .text.__put    0x080014b0       0x60 C:\Users\nello\AppData\Local\Temp\GestureLogicv3.elf.vIHagE.ltrans0.ltrans.o
 .text.i2c_lld_master_transmit_timeout.constprop.0
                0x08001510      0x134 C:\Users\nello\AppData\Local\Temp\GestureLogicv3.elf.vIHagE.ltrans0.ltrans.o
 *fill*         0x08001644        0xc 
 .text.dmaStreamAllocI.constprop.0
                0x08001650       0xbc C:\Users\nello\AppData\Local\Temp\GestureLogicv3.elf.vIHagE.ltrans0.ltrans.o
 *fill*         0x0800170c        0x4 
 .text.i2c_lld_start
                0x08001710       0xd0 C:\Users\nello\AppData\Local\Temp\GestureLogicv3.elf.vIHagE.ltrans0.ltrans.o
 .text.VL53L7CX_WrByte.constprop.0
                0x080017e0       0x64 C:\Users\nello\AppData\Local\Temp\GestureLogicv3.elf.vIHagE.ltrans0.ltrans.o
 *fill*         0x08001844        0xc 
 .text.VL53L7CX_RdByte
                0x08001850       0x64 C:\Users\nello\AppData\Local\Temp\GestureLogicv3.elf.vIHagE.ltrans0.ltrans.o
 *fill*         0x080018b4        0xc 
 .text.VL53L7CX_WrChunk.constprop.0
                0x080018c0       0x70 C:\Users\nello\AppData\Local\Temp\GestureLogicv3.elf.vIHagE.ltrans0.ltrans.o
 .text.VL53L7CX_WrMulti.constprop.0
                0x08001930       0x3c C:\Users\nello\AppData\Local\Temp\GestureLogicv3.elf.vIHagE.ltrans0.ltrans.o
 *fill*         0x0800196c        0x4 
 .text.VL53L7CX_RdMulti.constprop.0
                0x08001970       0x68 C:\Users\nello\AppData\Local\Temp\GestureLogicv3.elf.vIHagE.ltrans0.ltrans.o
 *fill*         0x080019d8        0x8 
 .text._vl53l7cx_poll_for_answer.constprop.0
                0x080019e0       0x88 C:\Users\nello\AppData\Local\Temp\GestureLogicv3.elf.vIHagE.ltrans0.ltrans.o
 *fill*         0x08001a68        0x8 
 .text.vl53l7cx_dci_write_data.constprop.0
                0x08001a70       0xb4 C:\Users\nello\AppData\Local\Temp\GestureLogicv3.elf.vIHagE.ltrans0.ltrans.o
 *fill*         0x08001b24        0xc 
 .text.vl53l7cx_dci_read_data.constprop.0
                0x08001b30       0xa4 C:\Users\nello\AppData\Local\Temp\GestureLogicv3.elf.vIHagE.ltrans0.ltrans.o
 *fill*         0x08001bd4        0xc 
 .text.vl53l7cx_dci_replace_data.constprop.0
                0x08001be0       0x30 C:\Users\nello\AppData\Local\Temp\GestureLogicv3.elf.vIHagE.ltrans0.ltrans.o
 .text.chprintf
                0x08001c10      0x438 C:\Users\nello\AppData\Local\Temp\GestureLogicv3.elf.vIHagE.ltrans0.ltrans.o
 *fill*         0x08002048        0x8 
 .text.consumer_thread
                0x08002050       0xe4 C:\Users\nello\AppData\Local\Temp\GestureLogicv3.elf.vIHagE.ltrans0.ltrans.o
 *fill*         0x08002134        0xc 
 .text._vl53l7cx_send_xtalk_data.constprop.0
                0x08002140      0x108 C:\Users\nello\AppData\Local\Temp\GestureLogicv3.elf.vIHagE.ltrans0.ltrans.o
 *fill*         0x08002248        0x8 
 .text._vl53l7cx_send_offset_data.constprop.0
                0x08002250      0x178 C:\Users\nello\AppData\Local\Temp\GestureLogicv3.elf.vIHagE.ltrans0.ltrans.o
 *fill*         0x080023c8        0x8 
 .text.gesture_thread
                0x080023d0      0xe14 C:\Users\nello\AppData\Local\Temp\GestureLogicv3.elf.vIHagE.ltrans0.ltrans.o
 *fill*         0x080031e4        0xc 
 .text.__cpu_init
                0x080031f0        0x4 C:\Users\nello\AppData\Local\Temp\GestureLogicv3.elf.vIHagE.ltrans0.ltrans.o
                0x080031f0                __cpu_init
 *fill*         0x080031f4        0xc 
 .text.__late_init
                0x08003200        0x4 C:\Users\nello\AppData\Local\Temp\GestureLogicv3.elf.vIHagE.ltrans0.ltrans.o
                0x08003200                __late_init
 *fill*         0x08003204        0xc 
 .text.__default_exit
                0x08003210        0x4 C:\Users\nello\AppData\Local\Temp\GestureLogicv3.elf.vIHagE.ltrans0.ltrans.o
                0x08003210                __default_exit
 *fill*         0x08003214        0xc 
 .text.__init_ram_areas
                0x08003220       0x6c C:\Users\nello\AppData\Local\Temp\GestureLogicv3.elf.vIHagE.ltrans0.ltrans.o
                0x08003220                __init_ram_areas
 *fill*         0x0800328c        0x4 
 .text.Vector58
                0x08003290       0x74 C:\Users\nello\AppData\Local\Temp\GestureLogicv3.elf.vIHagE.ltrans0.ltrans.o
                0x08003290                Vector58
 *fill*         0x08003304        0xc 
 .text.Vector5C
                0x08003310       0x70 C:\Users\nello\AppData\Local\Temp\GestureLogicv3.elf.vIHagE.ltrans0.ltrans.o
                0x08003310                Vector5C
 .text.Vector60
                0x08003380       0x70 C:\Users\nello\AppData\Local\Temp\GestureLogicv3.elf.vIHagE.ltrans0.ltrans.o
                0x08003380                Vector60
 .text.Vector64
                0x080033f0       0x70 C:\Users\nello\AppData\Local\Temp\GestureLogicv3.elf.vIHagE.ltrans0.ltrans.o
                0x080033f0                Vector64
 .text.Vector68
                0x08003460       0x70 C:\Users\nello\AppData\Local\Temp\GestureLogicv3.elf.vIHagE.ltrans0.ltrans.o
                0x08003460                Vector68
 .text.Vector9C
                0x080034d0      0x1d4 C:\Users\nello\AppData\Local\Temp\GestureLogicv3.elf.vIHagE.ltrans0.ltrans.o
                0x080034d0                Vector9C
 *fill*         0x080036a4        0xc 
 .text.VectorE0
                0x080036b0      0x248 C:\Users\nello\AppData\Local\Temp\GestureLogicv3.elf.vIHagE.ltrans0.ltrans.o
                0x080036b0                VectorE0
 *fill*         0x080038f8        0x8 
 .text.VectorD8
                0x08003900      0x1e0 C:\Users\nello\AppData\Local\Temp\GestureLogicv3.elf.vIHagE.ltrans0.ltrans.o
                0x08003900                VectorD8
 .text.Vector1AC
                0x08003ae0      0x1c8 C:\Users\nello\AppData\Local\Temp\GestureLogicv3.elf.vIHagE.ltrans0.ltrans.o
                0x08003ae0                Vector1AC
 *fill*         0x08003ca8        0x8 
 .text.VectorB0
                0x08003cb0      0x134 C:\Users\nello\AppData\Local\Temp\GestureLogicv3.elf.vIHagE.ltrans0.ltrans.o
                0x08003cb0                VectorB0
 *fill*         0x08003de4        0xc 
 .text.Vector6C
                0x08003df0       0x34 C:\Users\nello\AppData\Local\Temp\GestureLogicv3.elf.vIHagE.ltrans0.ltrans.o
                0x08003df0                Vector6C
 *fill*         0x08003e24        0xc 
 .text.Vector70
                0x08003e30       0x40 C:\Users\nello\AppData\Local\Temp\GestureLogicv3.elf.vIHagE.ltrans0.ltrans.o
                0x08003e30                Vector70
 .text.Vector74
                0x08003e70       0x40 C:\Users\nello\AppData\Local\Temp\GestureLogicv3.elf.vIHagE.ltrans0.ltrans.o
                0x08003e70                Vector74
 .text.Vector78
                0x08003eb0       0x40 C:\Users\nello\AppData\Local\Temp\GestureLogicv3.elf.vIHagE.ltrans0.ltrans.o
                0x08003eb0                Vector78
 .text.Vector7C
                0x08003ef0       0x40 C:\Users\nello\AppData\Local\Temp\GestureLogicv3.elf.vIHagE.ltrans0.ltrans.o
                0x08003ef0                Vector7C
 .text.Vector80
                0x08003f30       0x40 C:\Users\nello\AppData\Local\Temp\GestureLogicv3.elf.vIHagE.ltrans0.ltrans.o
                0x08003f30                Vector80
 .text.Vector84
                0x08003f70       0x44 C:\Users\nello\AppData\Local\Temp\GestureLogicv3.elf.vIHagE.ltrans0.ltrans.o
                0x08003f70                Vector84
 *fill*         0x08003fb4        0xc 
 .text.Vector1C0
                0x08003fc0       0x44 C:\Users\nello\AppData\Local\Temp\GestureLogicv3.elf.vIHagE.ltrans0.ltrans.o
                0x08003fc0                Vector1C0
 *fill*         0x08004004        0xc 
 .text.Vector120
                0x08004010       0x34 C:\Users\nello\AppData\Local\Temp\GestureLogicv3.elf.vIHagE.ltrans0.ltrans.o
                0x08004010                Vector120
 *fill*         0x08004044        0xc 
 .text.Vector124
                0x08004050       0x40 C:\Users\nello\AppData\Local\Temp\GestureLogicv3.elf.vIHagE.ltrans0.ltrans.o
                0x08004050                Vector124
 .text.Vector128
                0x08004090       0x40 C:\Users\nello\AppData\Local\Temp\GestureLogicv3.elf.vIHagE.ltrans0.ltrans.o
                0x08004090                Vector128
 .text.Vector12C
                0x080040d0       0x40 C:\Users\nello\AppData\Local\Temp\GestureLogicv3.elf.vIHagE.ltrans0.ltrans.o
                0x080040d0                Vector12C
 .text.Vector130
                0x08004110       0x40 C:\Users\nello\AppData\Local\Temp\GestureLogicv3.elf.vIHagE.ltrans0.ltrans.o
                0x08004110                Vector130
 .text.Vector1C4
                0x08004150       0x40 C:\Users\nello\AppData\Local\Temp\GestureLogicv3.elf.vIHagE.ltrans0.ltrans.o
                0x08004150                Vector1C4
 .text.Vector1C8
                0x08004190       0x44 C:\Users\nello\AppData\Local\Temp\GestureLogicv3.elf.vIHagE.ltrans0.ltrans.o
                0x08004190                Vector1C8
 *fill*         0x080041d4        0xc 
 .text.Vector1CC
                0x080041e0       0x48 C:\Users\nello\AppData\Local\Temp\GestureLogicv3.elf.vIHagE.ltrans0.ltrans.o
                0x080041e0                Vector1CC
 *fill*         0x08004228        0x8 
 .text.VectorBC
                0x08004230      0x1d0 C:\Users\nello\AppData\Local\Temp\GestureLogicv3.elf.vIHagE.ltrans0.ltrans.o
                0x08004230                VectorBC
 .text.VectorC0
                0x08004400       0xb8 C:\Users\nello\AppData\Local\Temp\GestureLogicv3.elf.vIHagE.ltrans0.ltrans.o
                0x08004400                VectorC0
 *fill*         0x080044b8        0x8 
 .text.__early_init
                0x080044c0      0x2e8 C:\Users\nello\AppData\Local\Temp\GestureLogicv3.elf.vIHagE.ltrans0.ltrans.o
                0x080044c0                __early_init
 *fill*         0x080047a8        0x8 
 .text.chThdExit
                0x080047b0       0x84 C:\Users\nello\AppData\Local\Temp\GestureLogicv3.elf.vIHagE.ltrans0.ltrans.o
                0x080047b0                chThdExit
 *fill*         0x08004834        0xc 
 .text.__port_schedule_next
                0x08004840       0x54 C:\Users\nello\AppData\Local\Temp\GestureLogicv3.elf.vIHagE.ltrans0.ltrans.o
                0x08004840                __port_schedule_next
 *fill*         0x08004894        0xc 
 .text.startup.main
                0x080048a0      0x5a0 C:\Users\nello\AppData\Local\Temp\GestureLogicv3.elf.vIHagE.ltrans0.ltrans.o
                0x080048a0                main
 .text.memmove  0x08004e40       0xf8 c:/chibistudio/tools/gnu tools arm embedded/10.3 2021.10/bin/../lib/gcc/arm-none-eabi/10.3.1/../../../../arm-none-eabi/lib/thumb/v7e-m/nofp\libg.a(lib_a-memmove.o)
                0x08004e40                memmove
 .text.memset   0x08004f38       0xa4 c:/chibistudio/tools/gnu tools arm embedded/10.3 2021.10/bin/../lib/gcc/arm-none-eabi/10.3.1/../../../../arm-none-eabi/lib/thumb/v7e-m/nofp\libg.a(lib_a-memset.o)
                0x08004f38                memset
 *(.glue_7t)
 .glue_7t       0x08004fdc        0x0 linker stubs
 *(.glue_7)
 .glue_7        0x08004fdc        0x0 linker stubs
 *(.gcc*)
                0x08004fdc                __text_end__ = .

.vfp11_veneer   0x08004fdc        0x0
 .vfp11_veneer  0x08004fdc        0x0 linker stubs

.v4_bx          0x08004fdc        0x0
 .v4_bx         0x08004fdc        0x0 linker stubs

.iplt           0x08004fdc        0x0
 .iplt          0x08004fdc        0x0 ./build/obj/crt0_v7m.o

.rodata         0x08004fdc    0x15fa4
                0x08004fdc                __rodata_base__ = .
 *(.rodata)
 .rodata        0x08004fdc      0x36c C:\Users\nello\AppData\Local\Temp\GestureLogicv3.elf.vIHagE.ltrans0.ltrans.o
 *(.rodata.*)
 .rodata.blinker_thread.str1.4
                0x08005348        0x8 C:\Users\nello\AppData\Local\Temp\GestureLogicv3.elf.vIHagE.ltrans0.ltrans.o
 .rodata.chThdCreateStatic.constprop.0.isra.0.str1.4
                0x08005350        0x7 C:\Users\nello\AppData\Local\Temp\GestureLogicv3.elf.vIHagE.ltrans0.ltrans.o
 *fill*         0x08005357        0x1 
 .rodata.chprintf.str1.4
                0x08005358        0x7 C:\Users\nello\AppData\Local\Temp\GestureLogicv3.elf.vIHagE.ltrans0.ltrans.o
 *fill*         0x0800535f        0x1 
 .rodata.consumer_thread.str1.4
                0x08005360       0x9e C:\Users\nello\AppData\Local\Temp\GestureLogicv3.elf.vIHagE.ltrans0.ltrans.o
 *fill*         0x080053fe        0x2 
 .rodata._vl53l7cx_send_xtalk_data.constprop.0.str1.4
                0x08005400        0x9 C:\Users\nello\AppData\Local\Temp\GestureLogicv3.elf.vIHagE.ltrans0.ltrans.o
 *fill*         0x08005409        0x3 
 .rodata.gesture_thread.str1.4
                0x0800540c      0x203 C:\Users\nello\AppData\Local\Temp\GestureLogicv3.elf.vIHagE.ltrans0.ltrans.o
 *fill*         0x0800560f        0x1 
 .rodata.main.str1.4
                0x08005610        0x5 C:\Users\nello\AppData\Local\Temp\GestureLogicv3.elf.vIHagE.ltrans0.ltrans.o
 *fill*         0x08005615        0x3 
 .rodata.str1.4
                0x08005618        0x3 C:\Users\nello\AppData\Local\Temp\GestureLogicv3.elf.vIHagE.ltrans0.ltrans.o
 *fill*         0x0800561b        0x1 
 .rodata.VL53L7CX_DEFAULT_CONFIGURATION
                0x0800561c      0x3cc C:\Users\nello\AppData\Local\Temp\GestureLogicv3.elf.vIHagE.ltrans0.ltrans.o
 .rodata.VL53L7CX_DEFAULT_XTALK
                0x080059e8      0x308 C:\Users\nello\AppData\Local\Temp\GestureLogicv3.elf.vIHagE.ltrans0.ltrans.o
 .rodata.VL53L7CX_FIRMWARE
                0x08005cf0    0x15000 C:\Users\nello\AppData\Local\Temp\GestureLogicv3.elf.vIHagE.ltrans0.ltrans.o
 .rodata.VL53L7CX_GET_NVM_CMD
                0x0801acf0       0x28 C:\Users\nello\AppData\Local\Temp\GestureLogicv3.elf.vIHagE.ltrans0.ltrans.o
 .rodata._stm32_dma_streams
                0x0801ad18      0x140 C:\Users\nello\AppData\Local\Temp\GestureLogicv3.elf.vIHagE.ltrans0.ltrans.o
 .rodata.ch_core0_cfg
                0x0801ae58       0x14 C:\Users\nello\AppData\Local\Temp\GestureLogicv3.elf.vIHagE.ltrans0.ltrans.o
 .rodata.ch_debug
                0x0801ae6c       0x2c C:\Users\nello\AppData\Local\Temp\GestureLogicv3.elf.vIHagE.ltrans0.ltrans.o
 .rodata.ram_areas
                0x0801ae98       0x80 C:\Users\nello\AppData\Local\Temp\GestureLogicv3.elf.vIHagE.ltrans0.ltrans.o
 .rodata.s_i2ccfg
                0x0801af18        0xc C:\Users\nello\AppData\Local\Temp\GestureLogicv3.elf.vIHagE.ltrans0.ltrans.o
 .rodata.s_platform_cfg
                0x0801af24        0xc C:\Users\nello\AppData\Local\Temp\GestureLogicv3.elf.vIHagE.ltrans0.ltrans.o
 .rodata.vmt.lto_priv.0
                0x0801af30       0x28 C:\Users\nello\AppData\Local\Temp\GestureLogicv3.elf.vIHagE.ltrans0.ltrans.o
 .rodata.vmt.lto_priv.1
                0x0801af58       0x28 C:\Users\nello\AppData\Local\Temp\GestureLogicv3.elf.vIHagE.ltrans0.ltrans.o
                0x0801af80                . = ALIGN (0x4)
                0x0801af80                __rodata_end__ = .

.ARM.extab
 *(.ARM.extab* .gnu.linkonce.armextab.*)

.ARM.exidx      0x0801af80        0x8
                0x0801af80                __exidx_base__ = .
                0x0801af80                __exidx_start = .
 *(.ARM.exidx* .gnu.linkonce.armexidx.*)
 .ARM.exidx     0x0801af80        0x8 c:/chibistudio/tools/gnu tools arm embedded/10.3 2021.10/bin/../lib/gcc/arm-none-eabi/10.3.1/thumb/v7e-m/nofp\libgcc.a(_udivmoddi4.o)
                0x0801af88                __exidx_end__ = .
                0x0801af88                __exidx_end = .

.rel.dyn        0x0801af88        0x0
 .rel.iplt      0x0801af88        0x0 ./build/obj/crt0_v7m.o

.eh_frame_hdr
 *(.eh_frame_hdr)

.eh_frame
 *(.eh_frame)

.data           0x20000800        0x4 load address 0x0801af88
                [!provide]                PROVIDE (_textdata = LOADADDR (.data))
                [!provide]                PROVIDE (_data = .)
                0x0801af88                __textdata_base__ = LOADADDR (.data)
                0x20000800                __data_base__ = .
 *(.data)
 *(.data.*)
 .data.gesture_events
                0x20000800        0x4 C:\Users\nello\AppData\Local\Temp\GestureLogicv3.elf.vIHagE.ltrans0.ltrans.o
 *(.ramtext)
                0x20000804                . = ALIGN (0x4)
                [!provide]                PROVIDE (_edata = .)
                0x20000804                __data_end__ = .

.igot.plt       0x20000804        0x0 load address 0x0801af8c
 .igot.plt      0x20000804        0x0 ./build/obj/crt0_v7m.o

.bss            0x20000808     0x1ce0 load address 0x0801af8c
                0x20000808                __bss_base__ = .
 *(.bss)
 *(.bss.*)
 .bss.I2CD1     0x20000808       0x34 C:\Users\nello\AppData\Local\Temp\GestureLogicv3.elf.vIHagE.ltrans0.ltrans.o
 .bss.LPSIOD1   0x2000083c       0x30 C:\Users\nello\AppData\Local\Temp\GestureLogicv3.elf.vIHagE.ltrans0.ltrans.o
 .bss.SD2       0x2000086c       0x60 C:\Users\nello\AppData\Local\Temp\GestureLogicv3.elf.vIHagE.ltrans0.ltrans.o
 .bss._pal_events
                0x200008cc      0x100 C:\Users\nello\AppData\Local\Temp\GestureLogicv3.elf.vIHagE.ltrans0.ltrans.o
 *fill*         0x200009cc        0x4 
 .bss.ch0       0x200009d0       0xb0 C:\Users\nello\AppData\Local\Temp\GestureLogicv3.elf.vIHagE.ltrans0.ltrans.o
 .bss.ch_c0_idle_thread_wa
                0x20000a80       0xd0 C:\Users\nello\AppData\Local\Temp\GestureLogicv3.elf.vIHagE.ltrans0.ltrans.o
 .bss.ch_factory
                0x20000b50       0x48 C:\Users\nello\AppData\Local\Temp\GestureLogicv3.elf.vIHagE.ltrans0.ltrans.o
 .bss.ch_memcore
                0x20000b98        0x8 C:\Users\nello\AppData\Local\Temp\GestureLogicv3.elf.vIHagE.ltrans0.ltrans.o
 .bss.ch_system
                0x20000ba0        0xc C:\Users\nello\AppData\Local\Temp\GestureLogicv3.elf.vIHagE.ltrans0.ltrans.o
 .bss.default_heap
                0x20000bac       0x1c C:\Users\nello\AppData\Local\Temp\GestureLogicv3.elf.vIHagE.ltrans0.ltrans.o
 .bss.dma       0x20000bc8       0x88 C:\Users\nello\AppData\Local\Temp\GestureLogicv3.elf.vIHagE.ltrans0.ltrans.o
 .bss.s_action_state
                0x20000c50        0x1 C:\Users\nello\AppData\Local\Temp\GestureLogicv3.elf.vIHagE.ltrans0.ltrans.o
 *fill*         0x20000c51        0x3 
 .bss.s_action_timeout
                0x20000c54        0x4 C:\Users\nello\AppData\Local\Temp\GestureLogicv3.elf.vIHagE.ltrans0.ltrans.o
 .bss.s_active  0x20000c58        0x1 C:\Users\nello\AppData\Local\Temp\GestureLogicv3.elf.vIHagE.ltrans0.ltrans.o
 *fill*         0x20000c59        0x3 
 .bss.s_cooldown
                0x20000c5c        0x4 C:\Users\nello\AppData\Local\Temp\GestureLogicv3.elf.vIHagE.ltrans0.ltrans.o
 .bss.s_dbg     0x20000c60        0x4 C:\Users\nello\AppData\Local\Temp\GestureLogicv3.elf.vIHagE.ltrans0.ltrans.o
 .bss.s_dev     0x20000c64      0xabc C:\Users\nello\AppData\Local\Temp\GestureLogicv3.elf.vIHagE.ltrans0.ltrans.o
 .bss.s_motion_cfg
                0x20001720       0x9c C:\Users\nello\AppData\Local\Temp\GestureLogicv3.elf.vIHagE.ltrans0.ltrans.o
 .bss.s_results
                0x200017bc      0x550 C:\Users\nello\AppData\Local\Temp\GestureLogicv3.elf.vIHagE.ltrans0.ltrans.o
 .bss.s_wake_state
                0x20001d0c        0x1 C:\Users\nello\AppData\Local\Temp\GestureLogicv3.elf.vIHagE.ltrans0.ltrans.o
 *fill*         0x20001d0d        0x3 
 .bss.s_wake_timeout
                0x20001d10        0x4 C:\Users\nello\AppData\Local\Temp\GestureLogicv3.elf.vIHagE.ltrans0.ltrans.o
 .bss.sd_in_buf2
                0x20001d14       0x10 C:\Users\nello\AppData\Local\Temp\GestureLogicv3.elf.vIHagE.ltrans0.ltrans.o
 .bss.sd_out_buf2
                0x20001d24       0x10 C:\Users\nello\AppData\Local\Temp\GestureLogicv3.elf.vIHagE.ltrans0.ltrans.o
 *fill*         0x20001d34        0x4 
 .bss.waBlinker
                0x20001d38      0x190 C:\Users\nello\AppData\Local\Temp\GestureLogicv3.elf.vIHagE.ltrans0.ltrans.o
 .bss.waConsumer
                0x20001ec8      0x190 C:\Users\nello\AppData\Local\Temp\GestureLogicv3.elf.vIHagE.ltrans0.ltrans.o
 .bss.wa_gesture
                0x20002058      0x490 C:\Users\nello\AppData\Local\Temp\GestureLogicv3.elf.vIHagE.ltrans0.ltrans.o
 *(COMMON)
                0x200024e8                . = ALIGN (0x4)
                0x200024e8                __bss_end__ = .
                [!provide]                PROVIDE (end = .)
                0x20000000                __ram0_base__ = ORIGIN (ram0)
                0x00020000                __ram0_size__ = LENGTH (ram0)
                0x20020000                __ram0_end__ = (__ram0_base__ + __ram0_size__)
                0x20000000                __ram1_base__ = ORIGIN (ram1)
                0x00018000                __ram1_size__ = LENGTH (ram1)
                0x20018000                __ram1_end__ = (__ram1_base__ + __ram1_size__)
                0x20000000                __ram2_base__ = ORIGIN (ram2)
                0x00014000                __ram2_size__ = LENGTH (ram2)
                0x20014000                __ram2_end__ = (__ram2_base__ + __ram2_size__)
                0x20014000                __ram3_base__ = ORIGIN (ram3)
                0x00004000                __ram3_size__ = LENGTH (ram3)
                0x20018000                __ram3_end__ = (__ram3_base__ + __ram3_size__)
                0x20018000                __ram4_base__ = ORIGIN (ram4)
                0x00008000                __ram4_size__ = LENGTH (ram4)
                0x20020000                __ram4_end__ = (__ram4_base__ + __ram4_size__)
                0x10000000                __ram5_base__ = ORIGIN (ram5)
                0x00008000                __ram5_size__ = LENGTH (ram5)
                0x10008000                __ram5_end__ = (__ram5_base__ + __ram5_size__)
                0x00000000                __ram6_base__ = ORIGIN (ram6)
                0x00000000                __ram6_size__ = LENGTH (ram6)
                0x00000000                __ram6_end__ = (__ram6_base__ + __ram6_size__)
                0x00000000                __ram7_base__ = ORIGIN (ram7)
                0x00000000                __ram7_size__ = LENGTH (ram7)
                0x00000000                __ram7_end__ = (__ram7_base__ + __ram7_size__)
                0x08000000                __flash0_base__ = ORIGIN (flash0)
                0x00080000                __flash0_size__ = LENGTH (flash0)
                0x08080000                __flash0_end__ = (__flash0_base__ + __flash0_size__)
                0x00000000                __flash1_base__ = ORIGIN (flash1)
                0x00000000                __flash1_size__ = LENGTH (flash1)
                0x00000000                __flash1_end__ = (__flash1_base__ + __flash1_size__)
                0x00000000                __flash2_base__ = ORIGIN (flash2)
                0x00000000                __flash2_size__ = LENGTH (flash2)
                0x00000000                __flash2_end__ = (__flash2_base__ + __flash2_size__)
                0x00000000                __flash3_base__ = ORIGIN (flash3)
                0x00000000                __flash3_size__ = LENGTH (flash3)
                0x00000000                __flash3_end__ = (__flash3_base__ + __flash3_size__)
                0x00000000                __flash4_base__ = ORIGIN (flash4)
                0x00000000                __flash4_size__ = LENGTH (flash4)
                0x00000000                __flash4_end__ = (__flash4_base__ + __flash4_size__)
                0x00000000                __flash5_base__ = ORIGIN (flash5)
                0x00000000                __flash5_size__ = LENGTH (flash5)
                0x00000000                __flash5_end__ = (__flash5_base__ + __flash5_size__)
                0x00000000                __flash6_base__ = ORIGIN (flash6)
                0x00000000                __flash6_size__ = LENGTH (flash6)
                0x00000000                __flash6_end__ = (__flash6_base__ + __flash6_size__)
                0x00000000                __flash7_base__ = ORIGIN (flash7)
                0x00000000                __flash7_size__ = LENGTH (flash7)
                0x00000000                __flash7_end__ = (__flash7_base__ + __flash7_size__)

.ram0_init      0x200024e8        0x0 load address 0x0801af8c
                0x0801af8c                __ram0_init_text__ = LOADADDR (.ram0_init)
                0x200024e8                __ram0_init__ = .
 *(.ram0_init)
 *(.ram0_init.*)
                0x200024e8                . = ALIGN (0x4)

.ram0           0x200024e8        0x0 load address 0x0801af8c
                0x200024e8                __ram0_clear__ = .
 *(.ram0_clear)
 *(.ram0_clear.*)
                0x200024e8                . = ALIGN (0x4)
                0x200024e8                __ram0_noinit__ = .
 *(.ram0)
 *(.ram0.*)
                0x200024e8                . = ALIGN (0x4)
                0x200024e8                __ram0_free__ = .

.ram1_init      0x20000000        0x0 load address 0x0801af8c
                0x0801af8c                __ram1_init_text__ = LOADADDR (.ram1_init)
                0x20000000                __ram1_init__ = .
 *(.ram1_init)
 *(.ram1_init.*)
                0x20000000                . = ALIGN (0x4)

.ram1           0x20000000        0x0 load address 0x0801af8c
                0x20000000                __ram1_clear__ = .
 *(.ram1_clear)
 *(.ram1_clear.*)
                0x20000000                . = ALIGN (0x4)
                0x20000000                __ram1_noinit__ = .
 *(.ram1)
 *(.ram1.*)
                0x20000000                . = ALIGN (0x4)
                0x20000000                __ram1_free__ = .

.ram2_init      0x20000000        0x0 load address 0x0801af8c
                0x0801af8c                __ram2_init_text__ = LOADADDR (.ram2_init)
                0x20000000                __ram2_init__ = .
 *(.ram2_init)
 *(.ram2_init.*)
                0x20000000                . = ALIGN (0x4)

.ram2           0x20000000        0x0 load address 0x0801af8c
                0x20000000                __ram2_clear__ = .
 *(.ram2_clear)
 *(.ram2_clear.*)
                0x20000000                . = ALIGN (0x4)
                0x20000000                __ram2_noinit__ = .
 *(.ram2)
 *(.ram2.*)
                0x20000000                . = ALIGN (0x4)
                0x20000000                __ram2_free__ = .

.ram3_init      0x20014000        0x0 load address 0x0801af8c
                0x0801af8c                __ram3_init_text__ = LOADADDR (.ram3_init)
                0x20014000                __ram3_init__ = .
 *(.ram3_init)
 *(.ram3_init.*)
                0x20014000                . = ALIGN (0x4)

.ram3           0x20014000        0x0 load address 0x0801af8c
                0x20014000                __ram3_clear__ = .
 *(.ram3_clear)
 *(.ram3_clear.*)
                0x20014000                . = ALIGN (0x4)
                0x20014000                __ram3_noinit__ = .
 *(.ram3)
 *(.ram3.*)
                0x20014000                . = ALIGN (0x4)
                0x20014000                __ram3_free__ = .

.ram4_init      0x20018000        0x0 load address 0x0801af8c
                0x0801af8c                __ram4_init_text__ = LOADADDR (.ram4_init)
                0x20018000                __ram4_init__ = .
 *(.ram4_init)
 *(.ram4_init.*)
                0x20018000                . = ALIGN (0x4)

.ram4           0x20018000        0x0 load address 0x0801af8c
                0x20018000                __ram4_clear__ = .
 *(.ram4_clear)
 *(.ram4_clear.*)
                0x20018000                . = ALIGN (0x4)
                0x20018000                __ram4_noinit__ = .
 *(.ram4)
 *(.ram4.*)
                0x20018000                . = ALIGN (0x4)
                0x20018000                __ram4_free__ = .

.ram5_init      0x10000000        0x0 load address 0x0801af8c
                0x0801af8c                __ram5_init_text__ = LOADADDR (.ram5_init)
                0x10000000                __ram5_init__ = .
 *(.ram5_init)
 *(.ram5_init.*)
                0x10000000                . = ALIGN (0x4)

.ram5           0x10000000        0x0 load address 0x0801af8c
                0x10000000                __ram5_clear__ = .
 *(.ram5_clear)
 *(.ram5_clear.*)
                0x10000000                . = ALIGN (0x4)
                0x10000000                __ram5_noinit__ = .
 *(.ram5)
 *(.ram5.*)
                0x10000000                . = ALIGN (0x4)
                0x10000000                __ram5_free__ = .

.ram6_init      0x00000000        0x0 load address 0x0801af8c
                0x0801af8c                __ram6_init_text__ = LOADADDR (.ram6_init)
                0x00000000                __ram6_init__ = .
 *(.ram6_init)
 *(.ram6_init.*)
                0x00000000                . = ALIGN (0x4)

.ram6           0x00000000        0x0 load address 0x0801af8c
                0x00000000                __ram6_clear__ = .
 *(.ram6_clear)
 *(.ram6_clear.*)
                0x00000000                . = ALIGN (0x4)
                0x00000000                __ram6_noinit__ = .
 *(.ram6)
 *(.ram6.*)
                0x00000000                . = ALIGN (0x4)
                0x00000000                __ram6_free__ = .

.ram7_init      0x00000000        0x0 load address 0x0801af8c
                0x0801af8c                __ram7_init_text__ = LOADADDR (.ram7_init)
                0x00000000                __ram7_init__ = .
 *(.ram7_init)
 *(.ram7_init.*)
                0x00000000                . = ALIGN (0x4)

.ram7           0x00000000        0x0 load address 0x0801af8c
                0x00000000                __ram7_clear__ = .
 *(.ram7_clear)
 *(.ram7_clear.*)
                0x00000000                . = ALIGN (0x4)
                0x00000000                __ram7_noinit__ = .
 *(.ram7)
 *(.ram7.*)
                0x00000000                . = ALIGN (0x4)
                0x00000000                __ram7_free__ = .

.flash0         0x0801af8c        0x0
                0x0801af8c                __flash0_init__ = .
 *(.flash0_init)
 *(.flash0_init.*)
                0x0801af8c                __flash0_free__ = .

.flash1         0x00000000        0x0
                0x00000000                __flash1_init__ = .
 *(.flash1_init)
 *(.flash1_init.*)
                0x00000000                __flash1_free__ = .

.flash2         0x00000000        0x0
                0x00000000                __flash2_init__ = .
 *(.flash2_init)
 *(.flash2_init.*)
                0x00000000                __flash2_free__ = .

.flash3         0x00000000        0x0
                0x00000000                __flash3_init__ = .
 *(.flash3_init)
 *(.flash3_init.*)
                0x00000000                __flash3_free__ = .

.flash4         0x00000000        0x0
                0x00000000                __flash4_init__ = .
 *(.flash4_init)
 *(.flash4_init.*)
                0x00000000                __flash4_free__ = .

.flash5         0x00000000        0x0
                0x00000000                __flash5_init__ = .
 *(.flash5_init)
 *(.flash5_init.*)
                0x00000000                __flash5_free__ = .

.flash6         0x00000000        0x0
                0x00000000                __flash6_init__ = .
 *(.flash6_init)
 *(.flash6_init.*)
                0x00000000                __flash6_free__ = .

.flash7         0x00000000        0x0
                0x00000000                __flash7_init__ = .
 *(.flash7_init)
 *(.flash7_init.*)
                0x00000000                __flash7_free__ = .

.heap           0x200024e8    0x1db18
                0x200024e8                . = ALIGN (0x8)
                0x200024e8                __heap_base__ = .
                0x20020000                . = (ORIGIN (HEAP_RAM) + LENGTH (HEAP_RAM))
 *fill*         0x200024e8    0x1db18 
                0x20020000                __heap_end__ = .
                0x00000400                __process_stack_size__ = 0x400
                0x00000400                __main_stack_size__ = 0x400
START GROUP
LOAD c:/chibistudio/tools/gnu tools arm embedded/10.3 2021.10/bin/../lib/gcc/arm-none-eabi/10.3.1/thumb/v7e-m/nofp\libgcc.a
LOAD c:/chibistudio/tools/gnu tools arm embedded/10.3 2021.10/bin/../lib/gcc/arm-none-eabi/10.3.1/../../../../arm-none-eabi/lib/thumb/v7e-m/nofp\libg.a
LOAD c:/chibistudio/tools/gnu tools arm embedded/10.3 2021.10/bin/../lib/gcc/arm-none-eabi/10.3.1/../../../../arm-none-eabi/lib/thumb/v7e-m/nofp\libc.a
END GROUP
OUTPUT(build/GestureLogicv3.elf elf32-littlearm)
LOAD linker stubs

.ARM.attributes
                0x00000000       0x2f
 .ARM.attributes
                0x00000000       0x21 ./build/obj/crt0_v7m.o
 .ARM.attributes
                0x00000021       0x21 ./build/obj/vectors.o
 .ARM.attributes
                0x00000042       0x21 ./build/obj/chcoreasm.o
 .ARM.attributes
                0x00000063       0x2c C:\Users\nello\AppData\Local\Temp\GestureLogicv3.elf.vIHagE.ltrans0.ltrans.o
 .ARM.attributes
                0x0000008f       0x1c c:/chibistudio/tools/gnu tools arm embedded/10.3 2021.10/bin/../lib/gcc/arm-none-eabi/10.3.1/../../../../arm-none-eabi/lib/thumb/v7e-m/nofp\libg.a(lib_a-memcpy.o)
 .ARM.attributes
                0x000000ab       0x2e c:/chibistudio/tools/gnu tools arm embedded/10.3 2021.10/bin/../lib/gcc/arm-none-eabi/10.3.1/../../../../arm-none-eabi/lib/thumb/v7e-m/nofp\libg.a(lib_a-memmove.o)
 .ARM.attributes
                0x000000d9       0x2e c:/chibistudio/tools/gnu tools arm embedded/10.3 2021.10/bin/../lib/gcc/arm-none-eabi/10.3.1/../../../../arm-none-eabi/lib/thumb/v7e-m/nofp\libg.a(lib_a-memset.o)
 .ARM.attributes
                0x00000107       0x1e c:/chibistudio/tools/gnu tools arm embedded/10.3 2021.10/bin/../lib/gcc/arm-none-eabi/10.3.1/thumb/v7e-m/nofp\libgcc.a(_aeabi_uldivmod.o)
 .ARM.attributes
                0x00000125       0x2e c:/chibistudio/tools/gnu tools arm embedded/10.3 2021.10/bin/../lib/gcc/arm-none-eabi/10.3.1/thumb/v7e-m/nofp\libgcc.a(_udivmoddi4.o)
 .ARM.attributes
                0x00000153       0x1e c:/chibistudio/tools/gnu tools arm embedded/10.3 2021.10/bin/../lib/gcc/arm-none-eabi/10.3.1/thumb/v7e-m/nofp\libgcc.a(_dvmd_tls.o)

.comment        0x00000000       0x49
 .comment       0x00000000       0x49 C:\Users\nello\AppData\Local\Temp\GestureLogicv3.elf.vIHagE.ltrans0.ltrans.o
                                 0x4a (size before relaxing)

.debug_line     0x00000000    0x10bf0
 .debug_line    0x00000000       0xd0 ./build/obj/crt0_v7m.o
 .debug_line    0x000000d0       0x78 ./build/obj/vectors.o
 .debug_line    0x00000148       0x9a ./build/obj/chcoreasm.o
 .debug_line    0x000001e2     0x9da2 C:\Users\nello\AppData\Local\Temp\GestureLogicv3.elf.vIHagE.ltrans0.ltrans.o
 .debug_line    0x00009f84      0x12c C:\Users\nello\AppData\Local\Temp\ccRESkrU.debug.temp.o
 .debug_line    0x0000a0b0       0x73 C:\Users\nello\AppData\Local\Temp\ccm4CBYG.debug.temp.o
 .debug_line    0x0000a123      0x1bf C:\Users\nello\AppData\Local\Temp\cc3hOiAt.debug.temp.o
 .debug_line    0x0000a2e2      0x2cf C:\Users\nello\AppData\Local\Temp\ccMr7ddN.debug.temp.o
 .debug_line    0x0000a5b1      0x3df C:\Users\nello\AppData\Local\Temp\ccbV58s6.debug.temp.o
 .debug_line    0x0000a990      0x3ca C:\Users\nello\AppData\Local\Temp\ccDUEdlD.debug.temp.o
 .debug_line    0x0000ad5a      0x361 C:\Users\nello\AppData\Local\Temp\cc4jO0eo.debug.temp.o
 .debug_line    0x0000b0bb      0x165 C:\Users\nello\AppData\Local\Temp\cctGuDC9.debug.temp.o
 .debug_line    0x0000b220      0x799 C:\Users\nello\AppData\Local\Temp\ccoFAd3U.debug.temp.o
 .debug_line    0x0000b9b9      0x25e C:\Users\nello\AppData\Local\Temp\cctN8cgG.debug.temp.o
 .debug_line    0x0000bc17      0x25c C:\Users\nello\AppData\Local\Temp\ccNAhaMg.debug.temp.o
 .debug_line    0x0000be73      0x23e C:\Users\nello\AppData\Local\Temp\ccb2fudV.debug.temp.o
 .debug_line    0x0000c0b1      0x3f0 C:\Users\nello\AppData\Local\Temp\ccq7ZxIK.debug.temp.o
 .debug_line    0x0000c4a1      0x282 C:\Users\nello\AppData\Local\Temp\ccnBFMiz.debug.temp.o
 .debug_line    0x0000c723      0x3b1 C:\Users\nello\AppData\Local\Temp\ccwNQPJn.debug.temp.o
 .debug_line    0x0000cad4      0x3e5 C:\Users\nello\AppData\Local\Temp\cczEaudc.debug.temp.o
 .debug_line    0x0000ceb9      0x1a5 C:\Users\nello\AppData\Local\Temp\cciXb750.debug.temp.o
 .debug_line    0x0000d05e      0x309 C:\Users\nello\AppData\Local\Temp\ccslY3MD.debug.temp.o
 .debug_line    0x0000d367      0x214 C:\Users\nello\AppData\Local\Temp\ccBvMtBr.debug.temp.o
 .debug_line    0x0000d57b      0x299 C:\Users\nello\AppData\Local\Temp\ccQFRHNP.debug.temp.o
 .debug_line    0x0000d814      0x264 C:\Users\nello\AppData\Local\Temp\ccL46vyD.debug.temp.o
 .debug_line    0x0000da78      0x283 C:\Users\nello\AppData\Local\Temp\cc4nnl9q.debug.temp.o
 .debug_line    0x0000dcfb      0x317 C:\Users\nello\AppData\Local\Temp\ccnHDaKe.debug.temp.o
 .debug_line    0x0000e012      0x261 C:\Users\nello\AppData\Local\Temp\cc2noCe6.debug.temp.o
 .debug_line    0x0000e273      0x2f1 C:\Users\nello\AppData\Local\Temp\ccPG6RzX.debug.temp.o
 .debug_line    0x0000e564      0x274 C:\Users\nello\AppData\Local\Temp\ccjFuLkG.debug.temp.o
 .debug_line    0x0000e7d8      0x279 C:\Users\nello\AppData\Local\Temp\cc7JC1Ip.debug.temp.o
 .debug_line    0x0000ea51      0x25e C:\Users\nello\AppData\Local\Temp\cclXWbvP.debug.temp.o
 .debug_line    0x0000ecaf      0x2bc C:\Users\nello\AppData\Local\Temp\ccwcfgPG.debug.temp.o
 .debug_line    0x0000ef6b      0x2a0 C:\Users\nello\AppData\Local\Temp\cc5poDVx.debug.temp.o
 .debug_line    0x0000f20b      0x2f5 C:\Users\nello\AppData\Local\Temp\ccxSE7VW.debug.temp.o
 .debug_line    0x0000f500      0x299 C:\Users\nello\AppData\Local\Temp\cckh8J7M.debug.temp.o
 .debug_line    0x0000f799      0x336 C:\Users\nello\AppData\Local\Temp\ccKp8tZt.debug.temp.o
 .debug_line    0x0000facf      0x3b3 C:\Users\nello\AppData\Local\Temp\cceMUn9a.debug.temp.o
 .debug_line    0x0000fe82      0x35a C:\Users\nello\AppData\Local\Temp\ccWNuooR.debug.temp.o
 .debug_line    0x000101dc      0x20f C:\Users\nello\AppData\Local\Temp\ccTzZybH.debug.temp.o
 .debug_line    0x000103eb      0x3c0 C:\Users\nello\AppData\Local\Temp\cc88jZlS.debug.temp.o
 .debug_line    0x000107ab      0x445 C:\Users\nello\AppData\Local\Temp\cchlVxeI.debug.temp.o

.debug_info     0x00000000    0x2b413
 .debug_info    0x00000000       0x26 ./build/obj/crt0_v7m.o
 .debug_info    0x00000026       0x26 ./build/obj/vectors.o
 .debug_info    0x0000004c       0x26 ./build/obj/chcoreasm.o
 .debug_info    0x00000072     0xe265 C:\Users\nello\AppData\Local\Temp\GestureLogicv3.elf.vIHagE.ltrans0.ltrans.o
 .debug_info    0x0000e2d7      0x2c8 C:\Users\nello\AppData\Local\Temp\ccRESkrU.debug.temp.o
                0x0000e2d7                crt1.c.2a63db10
 .debug_info    0x0000e59f       0x8a C:\Users\nello\AppData\Local\Temp\ccm4CBYG.debug.temp.o
                0x0000e59f                hal.c.71605127
 .debug_info    0x0000e629      0x381 C:\Users\nello\AppData\Local\Temp\cc3hOiAt.debug.temp.o
                0x0000e629                hal_st.c.6b25197d
 .debug_info    0x0000e9aa      0x807 C:\Users\nello\AppData\Local\Temp\ccMr7ddN.debug.temp.o
                0x0000e9aa                hal_queues.c.ad323848
 .debug_info    0x0000f1b1      0xe64 C:\Users\nello\AppData\Local\Temp\ccbV58s6.debug.temp.o
                0x0000f1b1                hal_i2c.c.14d16f55
 .debug_info    0x00010015     0x1171 C:\Users\nello\AppData\Local\Temp\ccDUEdlD.debug.temp.o
                0x00010015                hal_serial.c.4bb5d22d
 .debug_info    0x00011186     0x13b3 C:\Users\nello\AppData\Local\Temp\cc4jO0eo.debug.temp.o
                0x00011186                hal_sio.c.5ad26067
 .debug_info    0x00012539      0x4bc C:\Users\nello\AppData\Local\Temp\cctGuDC9.debug.temp.o
                0x00012539                nvic.c.b8bbad42
 .debug_info    0x000129f5     0x1586 C:\Users\nello\AppData\Local\Temp\ccoFAd3U.debug.temp.o
                0x000129f5                stm32_isr.c.d5c00fdd
 .debug_info    0x00013f7b      0xa5b C:\Users\nello\AppData\Local\Temp\cctN8cgG.debug.temp.o
                0x00013f7b                hal_lld.c.af6decf5
 .debug_info    0x000149d6      0x9ab C:\Users\nello\AppData\Local\Temp\ccNAhaMg.debug.temp.o
                0x000149d6                stm32_dma.c.14358b77
 .debug_info    0x00015381      0x69f C:\Users\nello\AppData\Local\Temp\ccb2fudV.debug.temp.o
                0x00015381                hal_pal_lld.c.0f618d68
 .debug_info    0x00015a20     0x144e C:\Users\nello\AppData\Local\Temp\ccq7ZxIK.debug.temp.o
                0x00015a20                hal_i2c_lld.c.154b94b3
 .debug_info    0x00016e6e      0x5c4 C:\Users\nello\AppData\Local\Temp\ccnBFMiz.debug.temp.o
                0x00016e6e                hal_st_lld.c.14a644e3
 .debug_info    0x00017432     0x117c C:\Users\nello\AppData\Local\Temp\ccwNQPJn.debug.temp.o
                0x00017432                hal_serial_lld.c.2eaeb41a
 .debug_info    0x000185ae     0x12b9 C:\Users\nello\AppData\Local\Temp\cczEaudc.debug.temp.o
                0x000185ae                hal_sio_lld.c.8dacc7fd
 .debug_info    0x00019867      0x516 C:\Users\nello\AppData\Local\Temp\cciXb750.debug.temp.o
                0x00019867                board.c.a58be1bf
 .debug_info    0x00019d7d      0xe03 C:\Users\nello\AppData\Local\Temp\ccslY3MD.debug.temp.o
                0x00019d7d                chsys.c.fc2de631
 .debug_info    0x0001ab80      0x827 C:\Users\nello\AppData\Local\Temp\ccBvMtBr.debug.temp.o
                0x0001ab80                chrfcu.c.797500a0
 .debug_info    0x0001b3a7      0xe76 C:\Users\nello\AppData\Local\Temp\ccQFRHNP.debug.temp.o
                0x0001b3a7                chvt.c.cc78f522
 .debug_info    0x0001c21d      0xd9b C:\Users\nello\AppData\Local\Temp\ccL46vyD.debug.temp.o
                0x0001c21d                chschd.c.e264f3ad
 .debug_info    0x0001cfb8      0xc9c C:\Users\nello\AppData\Local\Temp\cc4nnl9q.debug.temp.o
                0x0001cfb8                chinstances.c.d722c2e6
 .debug_info    0x0001dc54     0x10cd C:\Users\nello\AppData\Local\Temp\ccnHDaKe.debug.temp.o
                0x0001dc54                chthreads.c.9655aeb0
 .debug_info    0x0001ed21      0xb44 C:\Users\nello\AppData\Local\Temp\cc2noCe6.debug.temp.o
                0x0001ed21                chtm.c.4f2d8edb
 .debug_info    0x0001f865      0xc64 C:\Users\nello\AppData\Local\Temp\ccPG6RzX.debug.temp.o
                0x0001f865                chregistry.c.527faf65
 .debug_info    0x000204c9      0xb2d C:\Users\nello\AppData\Local\Temp\ccjFuLkG.debug.temp.o
                0x000204c9                chmtx.c.316d6180
 .debug_info    0x00020ff6      0xdda C:\Users\nello\AppData\Local\Temp\cc7JC1Ip.debug.temp.o
                0x00020ff6                chevents.c.e72a0573
 .debug_info    0x00021dd0      0x2f0 C:\Users\nello\AppData\Local\Temp\cclXWbvP.debug.temp.o
                0x00021dd0                chmemcore.c.7278756d
 .debug_info    0x000220c0      0xac6 C:\Users\nello\AppData\Local\Temp\ccwcfgPG.debug.temp.o
                0x000220c0                chmemheaps.c.ad7e7209
 .debug_info    0x00022b86      0x588 C:\Users\nello\AppData\Local\Temp\cc5poDVx.debug.temp.o
                0x00022b86                chmempools.c.69880069
 .debug_info    0x0002310e     0x134f C:\Users\nello\AppData\Local\Temp\ccxSE7VW.debug.temp.o
                0x0002310e                chfactory.c.874fd5d2
 .debug_info    0x0002445d     0x105b C:\Users\nello\AppData\Local\Temp\cckh8J7M.debug.temp.o
                0x0002445d                chcore.c.2ce70457
 .debug_info    0x000254b8     0x194c C:\Users\nello\AppData\Local\Temp\ccKp8tZt.debug.temp.o
                0x000254b8                vl53l7cx_api.c.a33f3492
 .debug_info    0x00026e04      0xe8f C:\Users\nello\AppData\Local\Temp\cceMUn9a.debug.temp.o
                0x00026e04                vl53l7cx_plugin_motion_indicator.c.9646c9df
 .debug_info    0x00027c93      0xe2b C:\Users\nello\AppData\Local\Temp\ccWNuooR.debug.temp.o
                0x00027c93                platform.c.b48f7fa0
 .debug_info    0x00028abe      0x547 C:\Users\nello\AppData\Local\Temp\ccTzZybH.debug.temp.o
                0x00028abe                chprintf.c.07055fac
 .debug_info    0x00029005      0xf35 C:\Users\nello\AppData\Local\Temp\cc88jZlS.debug.temp.o
                0x00029005                main.c.42423c79
 .debug_info    0x00029f3a     0x14d9 C:\Users\nello\AppData\Local\Temp\cchlVxeI.debug.temp.o
                0x00029f3a                gesture.c.8f148630

.debug_abbrev   0x00000000     0x4cbf
 .debug_abbrev  0x00000000       0x14 ./build/obj/crt0_v7m.o
 .debug_abbrev  0x00000014       0x14 ./build/obj/vectors.o
 .debug_abbrev  0x00000028       0x14 ./build/obj/chcoreasm.o
 .debug_abbrev  0x0000003c      0x36f C:\Users\nello\AppData\Local\Temp\GestureLogicv3.elf.vIHagE.ltrans0.ltrans.o
 .debug_abbrev  0x000003ab       0xe5 C:\Users\nello\AppData\Local\Temp\ccRESkrU.debug.temp.o
 .debug_abbrev  0x00000490       0x46 C:\Users\nello\AppData\Local\Temp\ccm4CBYG.debug.temp.o
 .debug_abbrev  0x000004d6      0x15d C:\Users\nello\AppData\Local\Temp\cc3hOiAt.debug.temp.o
 .debug_abbrev  0x00000633      0x1b5 C:\Users\nello\AppData\Local\Temp\ccMr7ddN.debug.temp.o
 .debug_abbrev  0x000007e8      0x203 C:\Users\nello\AppData\Local\Temp\ccbV58s6.debug.temp.o
 .debug_abbrev  0x000009eb      0x253 C:\Users\nello\AppData\Local\Temp\ccDUEdlD.debug.temp.o
 .debug_abbrev  0x00000c3e      0x28b C:\Users\nello\AppData\Local\Temp\cc4jO0eo.debug.temp.o
 .debug_abbrev  0x00000ec9      0x130 C:\Users\nello\AppData\Local\Temp\cctGuDC9.debug.temp.o
 .debug_abbrev  0x00000ff9      0x216 C:\Users\nello\AppData\Local\Temp\ccoFAd3U.debug.temp.o
 .debug_abbrev  0x0000120f      0x1e3 C:\Users\nello\AppData\Local\Temp\cctN8cgG.debug.temp.o
 .debug_abbrev  0x000013f2      0x189 C:\Users\nello\AppData\Local\Temp\ccNAhaMg.debug.temp.o
 .debug_abbrev  0x0000157b      0x1c3 C:\Users\nello\AppData\Local\Temp\ccb2fudV.debug.temp.o
 .debug_abbrev  0x0000173e      0x285 C:\Users\nello\AppData\Local\Temp\ccq7ZxIK.debug.temp.o
 .debug_abbrev  0x000019c3      0x138 C:\Users\nello\AppData\Local\Temp\ccnBFMiz.debug.temp.o
 .debug_abbrev  0x00001afb      0x21b C:\Users\nello\AppData\Local\Temp\ccwNQPJn.debug.temp.o
 .debug_abbrev  0x00001d16      0x25a C:\Users\nello\AppData\Local\Temp\cczEaudc.debug.temp.o
 .debug_abbrev  0x00001f70      0x13b C:\Users\nello\AppData\Local\Temp\cciXb750.debug.temp.o
 .debug_abbrev  0x000020ab      0x2db C:\Users\nello\AppData\Local\Temp\ccslY3MD.debug.temp.o
 .debug_abbrev  0x00002386      0x14c C:\Users\nello\AppData\Local\Temp\ccBvMtBr.debug.temp.o
 .debug_abbrev  0x000024d2      0x260 C:\Users\nello\AppData\Local\Temp\ccQFRHNP.debug.temp.o
 .debug_abbrev  0x00002732      0x233 C:\Users\nello\AppData\Local\Temp\ccL46vyD.debug.temp.o
 .debug_abbrev  0x00002965      0x218 C:\Users\nello\AppData\Local\Temp\cc4nnl9q.debug.temp.o
 .debug_abbrev  0x00002b7d      0x28a C:\Users\nello\AppData\Local\Temp\ccnHDaKe.debug.temp.o
 .debug_abbrev  0x00002e07      0x1a7 C:\Users\nello\AppData\Local\Temp\cc2noCe6.debug.temp.o
 .debug_abbrev  0x00002fae      0x24e C:\Users\nello\AppData\Local\Temp\ccPG6RzX.debug.temp.o
 .debug_abbrev  0x000031fc      0x256 C:\Users\nello\AppData\Local\Temp\ccjFuLkG.debug.temp.o
 .debug_abbrev  0x00003452      0x250 C:\Users\nello\AppData\Local\Temp\cc7JC1Ip.debug.temp.o
 .debug_abbrev  0x000036a2      0x154 C:\Users\nello\AppData\Local\Temp\cclXWbvP.debug.temp.o
 .debug_abbrev  0x000037f6      0x229 C:\Users\nello\AppData\Local\Temp\ccwcfgPG.debug.temp.o
 .debug_abbrev  0x00003a1f      0x1b6 C:\Users\nello\AppData\Local\Temp\cc5poDVx.debug.temp.o
 .debug_abbrev  0x00003bd5      0x23e C:\Users\nello\AppData\Local\Temp\ccxSE7VW.debug.temp.o
 .debug_abbrev  0x00003e13      0x23c C:\Users\nello\AppData\Local\Temp\cckh8J7M.debug.temp.o
 .debug_abbrev  0x0000404f      0x29f C:\Users\nello\AppData\Local\Temp\ccKp8tZt.debug.temp.o
 .debug_abbrev  0x000042ee      0x1bf C:\Users\nello\AppData\Local\Temp\cceMUn9a.debug.temp.o
 .debug_abbrev  0x000044ad      0x1c2 C:\Users\nello\AppData\Local\Temp\ccWNuooR.debug.temp.o
 .debug_abbrev  0x0000466f      0x1a6 C:\Users\nello\AppData\Local\Temp\ccTzZybH.debug.temp.o
 .debug_abbrev  0x00004815      0x205 C:\Users\nello\AppData\Local\Temp\cc88jZlS.debug.temp.o
 .debug_abbrev  0x00004a1a      0x2a5 C:\Users\nello\AppData\Local\Temp\cchlVxeI.debug.temp.o

.debug_aranges  0x00000000      0x368
 .debug_aranges
                0x00000000       0x20 ./build/obj/crt0_v7m.o
 .debug_aranges
                0x00000020       0x20 ./build/obj/vectors.o
 .debug_aranges
                0x00000040       0x20 ./build/obj/chcoreasm.o
 .debug_aranges
                0x00000060      0x308 C:\Users\nello\AppData\Local\Temp\GestureLogicv3.elf.vIHagE.ltrans0.ltrans.o

.debug_str      0x00000000     0x57cc
 .debug_str     0x00000000       0x7f ./build/obj/crt0_v7m.o
 .debug_str     0x0000007f       0x43 ./build/obj/vectors.o
                                 0x7e (size before relaxing)
 .debug_str     0x000000c2       0x48 ./build/obj/chcoreasm.o
                                 0x83 (size before relaxing)
 .debug_str     0x0000010a      0x183 C:\Users\nello\AppData\Local\Temp\GestureLogicv3.elf.vIHagE.ltrans0.ltrans.o
                                0x1d3 (size before relaxing)
 .debug_str     0x0000028d      0x3c4 C:\Users\nello\AppData\Local\Temp\ccRESkrU.debug.temp.o
                                0x459 (size before relaxing)
 .debug_str     0x00000651       0x46 C:\Users\nello\AppData\Local\Temp\ccm4CBYG.debug.temp.o
                                0x1c1 (size before relaxing)
 .debug_str     0x00000697      0x156 C:\Users\nello\AppData\Local\Temp\cc3hOiAt.debug.temp.o
                                0x2f7 (size before relaxing)
 .debug_str     0x000007ed      0x2a1 C:\Users\nello\AppData\Local\Temp\ccMr7ddN.debug.temp.o
                                0x478 (size before relaxing)
 .debug_str     0x00000a8e      0x578 C:\Users\nello\AppData\Local\Temp\ccbV58s6.debug.temp.o
                                0x896 (size before relaxing)
 .debug_str     0x00001006      0x1fd C:\Users\nello\AppData\Local\Temp\ccDUEdlD.debug.temp.o
                                0x90a (size before relaxing)
 .debug_str     0x00001203      0x263 C:\Users\nello\AppData\Local\Temp\cc4jO0eo.debug.temp.o
                                0x8fa (size before relaxing)
 .debug_str     0x00001466      0x160 C:\Users\nello\AppData\Local\Temp\cctGuDC9.debug.temp.o
                                0x334 (size before relaxing)
 .debug_str     0x000015c6      0x61e C:\Users\nello\AppData\Local\Temp\ccoFAd3U.debug.temp.o
                                0xed2 (size before relaxing)
 .debug_str     0x00001be4      0x58f C:\Users\nello\AppData\Local\Temp\cctN8cgG.debug.temp.o
                                0x77f (size before relaxing)
 .debug_str     0x00002173      0x19c C:\Users\nello\AppData\Local\Temp\ccNAhaMg.debug.temp.o
                                0x5f6 (size before relaxing)
 .debug_str     0x0000230f      0x1a1 C:\Users\nello\AppData\Local\Temp\ccb2fudV.debug.temp.o
                                0x4a6 (size before relaxing)
 .debug_str     0x000024b0      0x1ee C:\Users\nello\AppData\Local\Temp\ccq7ZxIK.debug.temp.o
                                0xbfb (size before relaxing)
 .debug_str     0x0000269e       0xab C:\Users\nello\AppData\Local\Temp\ccnBFMiz.debug.temp.o
                                0x48e (size before relaxing)
 .debug_str     0x00002749       0xbf C:\Users\nello\AppData\Local\Temp\ccwNQPJn.debug.temp.o
                                0xa59 (size before relaxing)
 .debug_str     0x00002808      0x19e C:\Users\nello\AppData\Local\Temp\cczEaudc.debug.temp.o
                                0xa9f (size before relaxing)
 .debug_str     0x000029a6       0xc5 C:\Users\nello\AppData\Local\Temp\cciXb750.debug.temp.o
                                0x448 (size before relaxing)
 .debug_str     0x00002a6b      0x331 C:\Users\nello\AppData\Local\Temp\ccslY3MD.debug.temp.o
                                0x9a6 (size before relaxing)
 .debug_str     0x00002d9c       0x53 C:\Users\nello\AppData\Local\Temp\ccBvMtBr.debug.temp.o
                                0x5d4 (size before relaxing)
 .debug_str     0x00002def      0x207 C:\Users\nello\AppData\Local\Temp\ccQFRHNP.debug.temp.o
                                0x86e (size before relaxing)
 .debug_str     0x00002ff6      0x1b8 C:\Users\nello\AppData\Local\Temp\ccL46vyD.debug.temp.o
                                0x804 (size before relaxing)
 .debug_str     0x000031ae      0x2a4 C:\Users\nello\AppData\Local\Temp\cc4nnl9q.debug.temp.o
                                0x938 (size before relaxing)
 .debug_str     0x00003452      0x283 C:\Users\nello\AppData\Local\Temp\ccnHDaKe.debug.temp.o
                                0x928 (size before relaxing)
 .debug_str     0x000036d5       0x87 C:\Users\nello\AppData\Local\Temp\cc2noCe6.debug.temp.o
                                0x7bf (size before relaxing)
 .debug_str     0x0000375c       0xaa C:\Users\nello\AppData\Local\Temp\ccPG6RzX.debug.temp.o
                                0x8e0 (size before relaxing)
 .debug_str     0x00003806       0xc3 C:\Users\nello\AppData\Local\Temp\ccjFuLkG.debug.temp.o
                                0x6f2 (size before relaxing)
 .debug_str     0x000038c9      0x1c2 C:\Users\nello\AppData\Local\Temp\cc7JC1Ip.debug.temp.o
                                0x80b (size before relaxing)
 .debug_str     0x00003a8b       0xd7 C:\Users\nello\AppData\Local\Temp\cclXWbvP.debug.temp.o
                                0x2f8 (size before relaxing)
 .debug_str     0x00003b62      0x101 C:\Users\nello\AppData\Local\Temp\ccwcfgPG.debug.temp.o
                                0x6af (size before relaxing)
 .debug_str     0x00003c63      0x16a C:\Users\nello\AppData\Local\Temp\cc5poDVx.debug.temp.o
                                0x40c (size before relaxing)
 .debug_str     0x00003dcd      0x49e C:\Users\nello\AppData\Local\Temp\ccxSE7VW.debug.temp.o
                                0xb1a (size before relaxing)
 .debug_str     0x0000426b      0x720 C:\Users\nello\AppData\Local\Temp\cckh8J7M.debug.temp.o
                                0xe61 (size before relaxing)
 .debug_str     0x0000498b      0x780 C:\Users\nello\AppData\Local\Temp\ccKp8tZt.debug.temp.o
                                0xf92 (size before relaxing)
 .debug_str     0x0000510b      0x213 C:\Users\nello\AppData\Local\Temp\cceMUn9a.debug.temp.o
                                0xa4e (size before relaxing)
 .debug_str     0x0000531e       0xe4 C:\Users\nello\AppData\Local\Temp\ccWNuooR.debug.temp.o
                                0x867 (size before relaxing)
 .debug_str     0x00005402      0x15b C:\Users\nello\AppData\Local\Temp\ccTzZybH.debug.temp.o
                                0x357 (size before relaxing)
 .debug_str     0x0000555d       0x82 C:\Users\nello\AppData\Local\Temp\cc88jZlS.debug.temp.o
                                0x871 (size before relaxing)
 .debug_str     0x000055df      0x1ed C:\Users\nello\AppData\Local\Temp\cchlVxeI.debug.temp.o
                                0xd98 (size before relaxing)

.debug_loc      0x00000000     0xbfbb
 .debug_loc     0x00000000     0xbfbb C:\Users\nello\AppData\Local\Temp\GestureLogicv3.elf.vIHagE.ltrans0.ltrans.o

.debug_ranges   0x00000000     0x5f58
 .debug_ranges  0x00000000     0x5f58 C:\Users\nello\AppData\Local\Temp\GestureLogicv3.elf.vIHagE.ltrans0.ltrans.o

.debug_frame    0x00000000      0xbe8
 .debug_frame   0x00000000      0xb1c C:\Users\nello\AppData\Local\Temp\GestureLogicv3.elf.vIHagE.ltrans0.ltrans.o
 .debug_frame   0x00000b1c       0x40 c:/chibistudio/tools/gnu tools arm embedded/10.3 2021.10/bin/../lib/gcc/arm-none-eabi/10.3.1/../../../../arm-none-eabi/lib/thumb/v7e-m/nofp\libg.a(lib_a-memmove.o)
 .debug_frame   0x00000b5c       0x2c c:/chibistudio/tools/gnu tools arm embedded/10.3 2021.10/bin/../lib/gcc/arm-none-eabi/10.3.1/../../../../arm-none-eabi/lib/thumb/v7e-m/nofp\libg.a(lib_a-memset.o)
 .debug_frame   0x00000b88       0x2c c:/chibistudio/tools/gnu tools arm embedded/10.3 2021.10/bin/../lib/gcc/arm-none-eabi/10.3.1/thumb/v7e-m/nofp\libgcc.a(_aeabi_uldivmod.o)
 .debug_frame   0x00000bb4       0x34 c:/chibistudio/tools/gnu tools arm embedded/10.3 2021.10/bin/../lib/gcc/arm-none-eabi/10.3.1/thumb/v7e-m/nofp\libgcc.a(_udivmoddi4.o)

Cross Reference Table

Symbol                                            File
BusFault_Handler                                  ./build/obj/vectors.o
DebugMon_Handler                                  ./build/obj/vectors.o
HardFault_Handler                                 ./build/obj/vectors.o
I2CD1                                             ./build/obj/hal_i2c_lld.o (symbol from plugin)
                                                  ./build/obj/gesture.o (symbol from plugin)
LPSIOD1                                           ./build/obj/hal_sio_lld.o (symbol from plugin)
                                                  ./build/obj/stm32_isr.o (symbol from plugin)
MemManage_Handler                                 ./build/obj/vectors.o
NMI_Handler                                       ./build/obj/vectors.o
PendSV_Handler                                    ./build/obj/chcoreasm.o
                                                  ./build/obj/vectors.o
Reset_Handler                                     ./build/obj/vectors.o
SD2                                               ./build/obj/hal_serial_lld.o (symbol from plugin)
                                                  ./build/obj/main.o (symbol from plugin)
                                                  ./build/obj/stm32_isr.o (symbol from plugin)
SVC_Handler                                       ./build/obj/chcoreasm.o
                                                  ./build/obj/vectors.o
SecureFault_Handler                               ./build/obj/vectors.o
SysTick_Handler                                   ./build/obj/vectors.o
SystemCoreClock                                   ./build/obj/hal_lld.o (symbol from plugin)
UsageFault_Handler                                ./build/obj/vectors.o
VL53L7CX_DEFAULT_CONFIGURATION                    ./build/obj/vl53l7cx_api.o (symbol from plugin)
VL53L7CX_DEFAULT_XTALK                            ./build/obj/vl53l7cx_api.o (symbol from plugin)
VL53L7CX_FIRMWARE                                 ./build/obj/vl53l7cx_api.o (symbol from plugin)
VL53L7CX_GET_NVM_CMD                              ./build/obj/vl53l7cx_api.o (symbol from plugin)
VL53L7CX_RdByte                                   ./build/obj/platform.o (symbol from plugin)
                                                  ./build/obj/vl53l7cx_api.o (symbol from plugin)
VL53L7CX_RdMulti                                  ./build/obj/platform.o (symbol from plugin)
                                                  ./build/obj/vl53l7cx_plugin_xtalk.o (symbol from plugin)
                                                  ./build/obj/vl53l7cx_api.o (symbol from plugin)
VL53L7CX_Reset_Sensor                             ./build/obj/platform.o (symbol from plugin)
VL53L7CX_SwapBuffer                               ./build/obj/platform.o (symbol from plugin)
                                                  ./build/obj/vl53l7cx_api.o (symbol from plugin)
VL53L7CX_WaitMs                                   ./build/obj/platform.o (symbol from plugin)
                                                  ./build/obj/gesture.o (symbol from plugin)
                                                  ./build/obj/vl53l7cx_plugin_xtalk.o (symbol from plugin)
                                                  ./build/obj/vl53l7cx_api.o (symbol from plugin)
VL53L7CX_WrByte                                   ./build/obj/platform.o (symbol from plugin)
                                                  ./build/obj/vl53l7cx_api.o (symbol from plugin)
VL53L7CX_WrChunk                                  ./build/obj/platform.o (symbol from plugin)
VL53L7CX_WrMulti                                  ./build/obj/platform.o (symbol from plugin)
                                                  ./build/obj/vl53l7cx_plugin_xtalk.o (symbol from plugin)
                                                  ./build/obj/vl53l7cx_api.o (symbol from plugin)
Vector100                                         ./build/obj/vectors.o
Vector104                                         ./build/obj/vectors.o
Vector108                                         ./build/obj/vectors.o
Vector10C                                         ./build/obj/vectors.o
Vector110                                         ./build/obj/vectors.o
Vector114                                         ./build/obj/vectors.o
Vector118                                         ./build/obj/vectors.o
Vector11C                                         ./build/obj/vectors.o
Vector120                                         C:\Users\nello\AppData\Local\Temp\GestureLogicv3.elf.vIHagE.ltrans0.ltrans.o
                                                  ./build/obj/stm32_dma.o (symbol from plugin)
                                                  ./build/obj/vectors.o
Vector124                                         C:\Users\nello\AppData\Local\Temp\GestureLogicv3.elf.vIHagE.ltrans0.ltrans.o
                                                  ./build/obj/stm32_dma.o (symbol from plugin)
                                                  ./build/obj/vectors.o
Vector128                                         C:\Users\nello\AppData\Local\Temp\GestureLogicv3.elf.vIHagE.ltrans0.ltrans.o
                                                  ./build/obj/stm32_dma.o (symbol from plugin)
                                                  ./build/obj/vectors.o
Vector12C                                         C:\Users\nello\AppData\Local\Temp\GestureLogicv3.elf.vIHagE.ltrans0.ltrans.o
                                                  ./build/obj/stm32_dma.o (symbol from plugin)
                                                  ./build/obj/vectors.o
Vector130                                         C:\Users\nello\AppData\Local\Temp\GestureLogicv3.elf.vIHagE.ltrans0.ltrans.o
                                                  ./build/obj/stm32_dma.o (symbol from plugin)
                                                  ./build/obj/vectors.o
Vector134                                         ./build/obj/vectors.o
Vector138                                         ./build/obj/vectors.o
Vector13C                                         ./build/obj/vectors.o
Vector140                                         ./build/obj/vectors.o
Vector144                                         ./build/obj/vectors.o
Vector148                                         ./build/obj/vectors.o
Vector14C                                         ./build/obj/vectors.o
Vector150                                         ./build/obj/vectors.o
Vector154                                         ./build/obj/vectors.o
Vector158                                         ./build/obj/vectors.o
Vector15C                                         ./build/obj/vectors.o
Vector160                                         ./build/obj/vectors.o
Vector164                                         ./build/obj/vectors.o
Vector168                                         ./build/obj/vectors.o
Vector16C                                         ./build/obj/vectors.o
Vector170                                         ./build/obj/vectors.o
Vector174                                         ./build/obj/vectors.o
Vector178                                         ./build/obj/vectors.o
Vector17C                                         ./build/obj/vectors.o
Vector180                                         ./build/obj/vectors.o
Vector184                                         ./build/obj/vectors.o
Vector188                                         ./build/obj/vectors.o
Vector18C                                         ./build/obj/vectors.o
Vector190                                         ./build/obj/vectors.o
Vector194                                         ./build/obj/vectors.o
Vector198                                         ./build/obj/vectors.o
Vector19C                                         ./build/obj/vectors.o
Vector1A0                                         ./build/obj/vectors.o
Vector1A4                                         ./build/obj/vectors.o
Vector1A8                                         ./build/obj/vectors.o
Vector1AC                                         C:\Users\nello\AppData\Local\Temp\GestureLogicv3.elf.vIHagE.ltrans0.ltrans.o
                                                  ./build/obj/stm32_isr.o (symbol from plugin)
                                                  ./build/obj/vectors.o
Vector1B0                                         ./build/obj/vectors.o
Vector1B4                                         ./build/obj/vectors.o
Vector1B8                                         ./build/obj/vectors.o
Vector1BC                                         ./build/obj/vectors.o
Vector1C0                                         C:\Users\nello\AppData\Local\Temp\GestureLogicv3.elf.vIHagE.ltrans0.ltrans.o
                                                  ./build/obj/stm32_dma.o (symbol from plugin)
                                                  ./build/obj/vectors.o
Vector1C4                                         C:\Users\nello\AppData\Local\Temp\GestureLogicv3.elf.vIHagE.ltrans0.ltrans.o
                                                  ./build/obj/stm32_dma.o (symbol from plugin)
                                                  ./build/obj/vectors.o
Vector1C8                                         C:\Users\nello\AppData\Local\Temp\GestureLogicv3.elf.vIHagE.ltrans0.ltrans.o
                                                  ./build/obj/stm32_dma.o (symbol from plugin)
                                                  ./build/obj/vectors.o
Vector1CC                                         C:\Users\nello\AppData\Local\Temp\GestureLogicv3.elf.vIHagE.ltrans0.ltrans.o
                                                  ./build/obj/stm32_dma.o (symbol from plugin)
                                                  ./build/obj/vectors.o
Vector1D0                                         ./build/obj/vectors.o
Vector1D4                                         ./build/obj/vectors.o
Vector1D8                                         ./build/obj/vectors.o
Vector1DC                                         ./build/obj/vectors.o
Vector20                                          ./build/obj/vectors.o
Vector24                                          ./build/obj/vectors.o
Vector28                                          ./build/obj/vectors.o
Vector34                                          ./build/obj/vectors.o
Vector40                                          ./build/obj/vectors.o
Vector44                                          ./build/obj/vectors.o
Vector48                                          ./build/obj/vectors.o
Vector4C                                          ./build/obj/vectors.o
Vector50                                          ./build/obj/vectors.o
Vector54                                          ./build/obj/vectors.o
Vector58                                          C:\Users\nello\AppData\Local\Temp\GestureLogicv3.elf.vIHagE.ltrans0.ltrans.o
                                                  ./build/obj/stm32_isr.o (symbol from plugin)
                                                  ./build/obj/vectors.o
Vector5C                                          C:\Users\nello\AppData\Local\Temp\GestureLogicv3.elf.vIHagE.ltrans0.ltrans.o
                                                  ./build/obj/stm32_isr.o (symbol from plugin)
                                                  ./build/obj/vectors.o
Vector60                                          C:\Users\nello\AppData\Local\Temp\GestureLogicv3.elf.vIHagE.ltrans0.ltrans.o
                                                  ./build/obj/stm32_isr.o (symbol from plugin)
                                                  ./build/obj/vectors.o
Vector64                                          C:\Users\nello\AppData\Local\Temp\GestureLogicv3.elf.vIHagE.ltrans0.ltrans.o
                                                  ./build/obj/stm32_isr.o (symbol from plugin)
                                                  ./build/obj/vectors.o
Vector68                                          C:\Users\nello\AppData\Local\Temp\GestureLogicv3.elf.vIHagE.ltrans0.ltrans.o
                                                  ./build/obj/stm32_isr.o (symbol from plugin)
                                                  ./build/obj/vectors.o
Vector6C                                          C:\Users\nello\AppData\Local\Temp\GestureLogicv3.elf.vIHagE.ltrans0.ltrans.o
                                                  ./build/obj/stm32_dma.o (symbol from plugin)
                                                  ./build/obj/vectors.o
Vector70                                          C:\Users\nello\AppData\Local\Temp\GestureLogicv3.elf.vIHagE.ltrans0.ltrans.o
                                                  ./build/obj/stm32_dma.o (symbol from plugin)
                                                  ./build/obj/vectors.o
Vector74                                          C:\Users\nello\AppData\Local\Temp\GestureLogicv3.elf.vIHagE.ltrans0.ltrans.o
                                                  ./build/obj/stm32_dma.o (symbol from plugin)
                                                  ./build/obj/vectors.o
Vector78                                          C:\Users\nello\AppData\Local\Temp\GestureLogicv3.elf.vIHagE.ltrans0.ltrans.o
                                                  ./build/obj/stm32_dma.o (symbol from plugin)
                                                  ./build/obj/vectors.o
Vector7C                                          C:\Users\nello\AppData\Local\Temp\GestureLogicv3.elf.vIHagE.ltrans0.ltrans.o
                                                  ./build/obj/stm32_dma.o (symbol from plugin)
                                                  ./build/obj/vectors.o
Vector80                                          C:\Users\nello\AppData\Local\Temp\GestureLogicv3.elf.vIHagE.ltrans0.ltrans.o
                                                  ./build/obj/stm32_dma.o (symbol from plugin)
                                                  ./build/obj/vectors.o
Vector84                                          C:\Users\nello\AppData\Local\Temp\GestureLogicv3.elf.vIHagE.ltrans0.ltrans.o
                                                  ./build/obj/stm32_dma.o (symbol from plugin)
                                                  ./build/obj/vectors.o
Vector88                                          ./build/obj/vectors.o
Vector8C                                          ./build/obj/vectors.o
Vector90                                          ./build/obj/vectors.o
Vector94                                          ./build/obj/vectors.o
Vector98                                          ./build/obj/vectors.o
Vector9C                                          C:\Users\nello\AppData\Local\Temp\GestureLogicv3.elf.vIHagE.ltrans0.ltrans.o
                                                  ./build/obj/stm32_isr.o (symbol from plugin)
                                                  ./build/obj/vectors.o
VectorA0                                          ./build/obj/vectors.o
VectorA4                                          ./build/obj/vectors.o
VectorA8                                          ./build/obj/vectors.o
VectorAC                                          ./build/obj/vectors.o
VectorB0                                          C:\Users\nello\AppData\Local\Temp\GestureLogicv3.elf.vIHagE.ltrans0.ltrans.o
                                                  ./build/obj/stm32_isr.o (symbol from plugin)
                                                  ./build/obj/vectors.o
VectorB4                                          ./build/obj/vectors.o
VectorB8                                          ./build/obj/vectors.o
VectorBC                                          C:\Users\nello\AppData\Local\Temp\GestureLogicv3.elf.vIHagE.ltrans0.ltrans.o
                                                  ./build/obj/hal_i2c_lld.o (symbol from plugin)
                                                  ./build/obj/vectors.o
VectorC0                                          C:\Users\nello\AppData\Local\Temp\GestureLogicv3.elf.vIHagE.ltrans0.ltrans.o
                                                  ./build/obj/hal_i2c_lld.o (symbol from plugin)
                                                  ./build/obj/vectors.o
VectorC4                                          ./build/obj/vectors.o
VectorC8                                          ./build/obj/vectors.o
VectorCC                                          ./build/obj/vectors.o
VectorD0                                          ./build/obj/vectors.o