ARM GAS  C:\Users\nello\AppData\Local\Temp\ccRtlA18.s 			page 1


   1              		.cpu cortex-m4
   2              		.arch armv7e-m
   3              		.fpu softvfp
   4              		.eabi_attribute 20, 1
   5              		.eabi_attribute 21, 1
   6              		.eabi_attribute 23, 3
   7              		.eabi_attribute 24, 1
   8              		.eabi_attribute 25, 1
   9              		.eabi_attribute 26, 1
  10              		.eabi_attribute 30, 6
  11              		.eabi_attribute 34, 1
  12              		.eabi_attribute 18, 4
  13              		.file	"hal.c"
  14              		.file 1 "../../chibios2111/os/hal/src/hal.c"
  15              		.file 2 "../../chibios2111/os/hal/osal/rt-nil/osal.h"
  16              		.section	.gnu.debuglto_.debug_info,"e",%progbits
  17              	.Ldebug_info0:
  18              		.hidden	hal.c.b183f195
  19              		.weak	hal.c.b183f195
  20              	hal.c.b183f195:
  21 0000 86000000 		.4byte	0x86
  22 0004 0400     		.2byte	0x4
  23 0006 00000000 		.4byte	.Ldebug_abbrev0
  24 000a 04       		.byte	0x4
  25 000b 01       		.uleb128 0x1
  26 000c 67000000 		.4byte	.LASF12
  27 0010 0C       		.byte	0xc
  28 0011 44000000 		.4byte	.LASF13
  29 0015 8A010000 		.4byte	.LASF14
  30 0019 00000000 		.4byte	.Ldebug_line0
  31 001d 02       		.uleb128 0x2
  32 001e 04       		.byte	0x4
  33 001f 05       		.byte	0x5
  34 0020 696E7400 		.ascii	"int\000"
  35 0024 03       		.uleb128 0x3
  36 0025 04       		.byte	0x4
  37 0026 07       		.byte	0x7
  38 0027 0E000000 		.4byte	.LASF0
  39 002b 03       		.uleb128 0x3
  40 002c 08       		.byte	0x8
  41 002d 05       		.byte	0x5
  42 002e 00000000 		.4byte	.LASF1
  43 0032 03       		.uleb128 0x3
  44 0033 08       		.byte	0x8
  45 0034 04       		.byte	0x4
  46 0035 75010000 		.4byte	.LASF2
  47 0039 03       		.uleb128 0x3
  48 003a 01       		.byte	0x1
  49 003b 06       		.byte	0x6
  50 003c 69010000 		.4byte	.LASF3
  51 0040 03       		.uleb128 0x3
  52 0041 01       		.byte	0x1
  53 0042 08       		.byte	0x8
  54 0043 2C010000 		.4byte	.LASF4
  55 0047 03       		.uleb128 0x3
  56 0048 02       		.byte	0x2
  57 0049 05       		.byte	0x5
ARM GAS  C:\Users\nello\AppData\Local\Temp\ccRtlA18.s 			page 2


  58 004a B7010000 		.4byte	.LASF5
  59 004e 03       		.uleb128 0x3
  60 004f 02       		.byte	0x2
  61 0050 07       		.byte	0x7
  62 0051 56010000 		.4byte	.LASF6
  63 0055 03       		.uleb128 0x3
  64 0056 04       		.byte	0x4
  65 0057 05       		.byte	0x5
  66 0058 3F010000 		.4byte	.LASF7
  67 005c 03       		.uleb128 0x3
  68 005d 04       		.byte	0x4
  69 005e 07       		.byte	0x7
  70 005f 1B000000 		.4byte	.LASF8
  71 0063 03       		.uleb128 0x3
  72 0064 08       		.byte	0x8
  73 0065 07       		.byte	0x7
  74 0066 2D000000 		.4byte	.LASF9
  75 006a 03       		.uleb128 0x3
  76 006b 01       		.byte	0x1
  77 006c 08       		.byte	0x8
  78 006d 3A010000 		.4byte	.LASF10
  79 0071 03       		.uleb128 0x3
  80 0072 01       		.byte	0x1
  81 0073 02       		.byte	0x2
  82 0074 50010000 		.4byte	.LASF11
  83 0078 04       		.uleb128 0x4
  84 0079 48010000 		.4byte	.LASF15
  85 007d 01       		.byte	0x1
  86 007e 38       		.byte	0x38
  87 007f 06       		.byte	0x6
  88 0080 05       		.uleb128 0x5
  89 0081 81010000 		.4byte	.LASF16
  90 0085 02       		.byte	0x2
  91 0086 1302     		.2byte	0x213
  92 0088 14       		.byte	0x14
  93 0089 00       		.byte	0
  94              		.section	.gnu.debuglto_.debug_abbrev,"e",%progbits
  95              	.Ldebug_abbrev0:
  96 0000 01       		.uleb128 0x1
  97 0001 11       		.uleb128 0x11
  98 0002 01       		.byte	0x1
  99 0003 25       		.uleb128 0x25
 100 0004 0E       		.uleb128 0xe
 101 0005 13       		.uleb128 0x13
 102 0006 0B       		.uleb128 0xb
 103 0007 03       		.uleb128 0x3
 104 0008 0E       		.uleb128 0xe
 105 0009 1B       		.uleb128 0x1b
 106 000a 0E       		.uleb128 0xe
 107 000b 10       		.uleb128 0x10
 108 000c 17       		.uleb128 0x17
 109 000d 00       		.byte	0
 110 000e 00       		.byte	0
 111 000f 02       		.uleb128 0x2
 112 0010 24       		.uleb128 0x24
 113 0011 00       		.byte	0
 114 0012 0B       		.uleb128 0xb
ARM GAS  C:\Users\nello\AppData\Local\Temp\ccRtlA18.s 			page 3


 115 0013 0B       		.uleb128 0xb
 116 0014 3E       		.uleb128 0x3e
 117 0015 0B       		.uleb128 0xb
 118 0016 03       		.uleb128 0x3
 119 0017 08       		.uleb128 0x8
 120 0018 00       		.byte	0
 121 0019 00       		.byte	0
 122 001a 03       		.uleb128 0x3
 123 001b 24       		.uleb128 0x24
 124 001c 00       		.byte	0
 125 001d 0B       		.uleb128 0xb
 126 001e 0B       		.uleb128 0xb
 127 001f 3E       		.uleb128 0x3e
 128 0020 0B       		.uleb128 0xb
 129 0021 03       		.uleb128 0x3
 130 0022 0E       		.uleb128 0xe
 131 0023 00       		.byte	0
 132 0024 00       		.byte	0
 133 0025 04       		.uleb128 0x4
 134 0026 2E       		.uleb128 0x2e
 135 0027 00       		.byte	0
 136 0028 3F       		.uleb128 0x3f
 137 0029 19       		.uleb128 0x19
 138 002a 03       		.uleb128 0x3
 139 002b 0E       		.uleb128 0xe
 140 002c 3A       		.uleb128 0x3a
 141 002d 0B       		.uleb128 0xb
 142 002e 3B       		.uleb128 0x3b
 143 002f 0B       		.uleb128 0xb
 144 0030 39       		.uleb128 0x39
 145 0031 0B       		.uleb128 0xb
 146 0032 27       		.uleb128 0x27
 147 0033 19       		.uleb128 0x19
 148 0034 00       		.byte	0
 149 0035 00       		.byte	0
 150 0036 05       		.uleb128 0x5
 151 0037 2E       		.uleb128 0x2e
 152 0038 00       		.byte	0
 153 0039 03       		.uleb128 0x3
 154 003a 0E       		.uleb128 0xe
 155 003b 3A       		.uleb128 0x3a
 156 003c 0B       		.uleb128 0xb
 157 003d 3B       		.uleb128 0x3b
 158 003e 05       		.uleb128 0x5
 159 003f 39       		.uleb128 0x39
 160 0040 0B       		.uleb128 0xb
 161 0041 27       		.uleb128 0x27
 162 0042 19       		.uleb128 0x19
 163 0043 00       		.byte	0
 164 0044 00       		.byte	0
 165 0045 00       		.byte	0
 166              		.section	.gnu.debuglto_.debug_line,"e",%progbits
 167              	.Ldebug_line0:
 168 0000 6F000000 		.4byte	.LELT0-.LSLT0
 169              	.LSLT0:
 170 0004 0400     		.2byte	0x4
 171 0006 69000000 		.4byte	.LELTP0-.LASLTP0
ARM GAS  C:\Users\nello\AppData\Local\Temp\ccRtlA18.s 			page 4


 172              	.LASLTP0:
 173 000a 01       		.byte	0x1
 174 000b 01       		.byte	0x1
 175 000c 01       		.byte	0x1
 176 000d F6       		.byte	0xf6
 177 000e F2       		.byte	0xf2
 178 000f 0D       		.byte	0xd
 179 0010 00       		.byte	0
 180 0011 01       		.byte	0x1
 181 0012 01       		.byte	0x1
 182 0013 01       		.byte	0x1
 183 0014 01       		.byte	0x1
 184 0015 00       		.byte	0
 185 0016 00       		.byte	0
 186 0017 00       		.byte	0
 187 0018 01       		.byte	0x1
 188 0019 00       		.byte	0
 189 001a 00       		.byte	0
 190 001b 01       		.byte	0x1
 191 001c 2E2E2F2E 		.ascii	"../../chibios2111/os/hal/osal/rt-nil"
 191      2E2F6368 
 191      6962696F 
 191      73323131 
 191      312F6F73 
 192 0040 00       		.byte	0
 193 0041 2E2E2F2E 		.ascii	"../../chibios2111/os/hal/src"
 193      2E2F6368 
 193      6962696F 
 193      73323131 
 193      312F6F73 
 194 005d 00       		.byte	0
 195 005e 00       		.byte	0
 196 005f 68616C2E 		.ascii	"hal.c\000"
 196      6300
 197 0065 02       		.uleb128 0x2
 198 0066 00       		.uleb128 0
 199 0067 00       		.uleb128 0
 200 0068 6F73616C 		.ascii	"osal.h\000"
 200      2E6800
 201 006f 01       		.uleb128 0x1
 202 0070 00       		.uleb128 0
 203 0071 00       		.uleb128 0
 204 0072 00       		.byte	0
 205              	.LELTP0:
 206              	.LELT0:
 207              		.section	.gnu.debuglto_.debug_str,"eMS",%progbits,1
 208              	.LASF1:
 209 0000 6C6F6E67 		.ascii	"long long int\000"
 209      206C6F6E 
 209      6720696E 
 209      7400
 210              	.LASF0:
 211 000e 756E7369 		.ascii	"unsigned int\000"
 211      676E6564 
 211      20696E74 
 211      00
 212              	.LASF8:
ARM GAS  C:\Users\nello\AppData\Local\Temp\ccRtlA18.s 			page 5


 213 001b 6C6F6E67 		.ascii	"long unsigned int\000"
 213      20756E73 
 213      69676E65 
 213      6420696E 
 213      7400
 214              	.LASF9:
 215 002d 6C6F6E67 		.ascii	"long long unsigned int\000"
 215      206C6F6E 
 215      6720756E 
 215      7369676E 
 215      65642069 
 216              	.LASF13:
 217 0044 2E2E2F2E 		.ascii	"../../chibios2111/os/hal/src/hal.c\000"
 217      2E2F6368 
 217      6962696F 
 217      73323131 
 217      312F6F73 
 218              	.LASF12:
 219 0067 474E5520 		.ascii	"GNU C17 10.3.1 20210824 (release) -mcpu=cortex-m4 -"
 219      43313720 
 219      31302E33 
 219      2E312032 
 219      30323130 
 220 009a 6D746875 		.ascii	"mthumb -mfloat-abi=soft -march=armv7e-m -ggdb -O0 -"
 220      6D62202D 
 220      6D666C6F 
 220      61742D61 
 220      62693D73 
 221 00cd 666F6D69 		.ascii	"fomit-frame-pointer -falign-functions=16 -ffunction"
 221      742D6672 
 221      616D652D 
 221      706F696E 
 221      74657220 
 222 0100 2D736563 		.ascii	"-sections -fdata-sections -fno-common -flto\000"
 222      74696F6E 
 222      73202D66 
 222      64617461 
 222      2D736563 
 223              	.LASF4:
 224 012c 756E7369 		.ascii	"unsigned char\000"
 224      676E6564 
 224      20636861 
 224      7200
 225              	.LASF10:
 226 013a 63686172 		.ascii	"char\000"
 226      00
 227              	.LASF7:
 228 013f 6C6F6E67 		.ascii	"long int\000"
 228      20696E74 
 228      00
 229              	.LASF15:
 230 0148 68616C49 		.ascii	"halInit\000"
 230      6E697400 
 231              	.LASF11:
 232 0150 5F426F6F 		.ascii	"_Bool\000"
 232      6C00
 233              	.LASF6:
ARM GAS  C:\Users\nello\AppData\Local\Temp\ccRtlA18.s 			page 6


 234 0156 73686F72 		.ascii	"short unsigned int\000"
 234      7420756E 
 234      7369676E 
 234      65642069 
 234      6E7400
 235              	.LASF3:
 236 0169 7369676E 		.ascii	"signed char\000"
 236      65642063 
 236      68617200 
 237              	.LASF2:
 238 0175 6C6F6E67 		.ascii	"long double\000"
 238      20646F75 
 238      626C6500 
 239              	.LASF16:
 240 0181 6F73616C 		.ascii	"osalInit\000"
 240      496E6974 
 240      00
 241              	.LASF14:
 242 018a 433A5C43 		.ascii	"C:\\ChibiStudio\\workspace_user\\GestureLogicv4\000"
 242      68696269 
 242      53747564 
 242      696F5C77 
 242      6F726B73 
 243              	.LASF5:
 244 01b7 73686F72 		.ascii	"short int\000"
 244      7420696E 
 244      7400
 245              		.text
 246              		.section	.gnu.lto_.inline.71a46efe,"e",%progbits
 247 0000 789CAB61 		.ascii	"x\234\253a@\000&\006\006\346\006 `J\001\262\231`,\026"
 247      40002606 
 247      06E60620 
 247      604A01B2 
 247      99602C16 
 248 0014 864620AB 		.ascii	"\206F \253\216\011$\315\300\310\300\003\344|`\312\304"
 248      8E0924CD 
 248      C0C8C003 
 248      E47C60CA 
 248      C4
 249 0025 AD828B81 		.ascii	"\255\202\213\201\014\222\001\000\257\271\020\025"
 249      0C920100 
 249      AFB91015 
 250              		.text
 251              		.section	.gnu.lto_.jmpfuncs.71a46efe,"e",%progbits
 252 0000 789C6362 		.ascii	"x\234cb@\006\000\000*\000\003"
 252      40060000 
 252      2A0003
 253              		.text
 254              		.section	.gnu.lto_.lto.71a46efe,"e",%progbits
 255 0000 09000400 		.ascii	"\011\000\004\000\001\000\000\000"
 255      01000000 
 256              		.text
 257              		.section	.gnu.lto_osalInit.335.71a46efe,"e",%progbits
 258 0000 789C2B63 		.ascii	"x\234+c``\210\001bE f`f`\2344\261\213\211\341\377\377"
 258      60608801 
 258      62452066 
 258      6066609C 
ARM GAS  C:\Users\nello\AppData\Local\Temp\ccRtlA18.s 			page 7


 258      34B18B89 
 259 0017 FFF52C4C 		.ascii	"\377\365,L\214\215*\214[\031\301lF\206z&\306z\306\311"
 259      8C8D2A8C 
 259      5B19C16C 
 259      46867A26 
 259      C67AC6C9 
 260 002b CC9A0D0D 		.ascii	"\314\232\015\015\015?Zg\255\336h\320\324\320*\261\204"
 260      0D3F5A67 
 260      ADDE68D0 
 260      D4D02AB1 
 260      84
 261 003c 9981611E 		.ascii	"\231\201a\0363\003\014\260\301x\214@\274\376\022\353"
 261      33030CB0 
 261      C1788C40 
 261      BCFE12EB 
 262 004c 81863FFF 		.ascii	"\201\206?\377\373\033\032\356>a\\\273\221\205\211\201"
 262      FB1B1AEE 
 262      3E615CBB 
 262      91858981 
 263 005c A19F1964 		.ascii	"\241\237\031d2\030\310\003\225L`fBp\031\031>16)\200"
 263      3218C803 
 263      954C6066 
 263      42701919 
 263      3E313629 
 264 0071 8DE96766 		.ascii	"\215\351gfDV\306\300\240\353l\025\343\234\221\231\224"
 264      4456C6C0 
 264      A0EB6C15 
 264      E39C9199 
 264      94
 265 0082 195C529A 		.ascii	"\031\\R\232\222\231\037S\236_\224]\\\220\230\234\032"
 265      92991F53 
 265      9E5F945D 
 265      5C90989C 
 265      1A
 266 0093 5F5A9C5A 		.ascii	"_Z\234Z\024\343\236Z\\RZ\224\352\223\237\236\231\\f"
 266      14E39E5A 
 266      5C525A94 
 266      EA939F9E 
 266      995C66
 267 00a6 C2A0A3A7 		.ascii	"\302\240\243\247\247\017D\311 \015\371\305F\206\206"
 267      A70F44C9 
 267      200DF9C5 
 267      468686
 268 00b5 86FAF9C5 		.ascii	"\206\372\371\305\372\031\2119@\012H\024\225\350\346"
 268      FA198939 
 268      400A4814 
 268      95E8E6
 269 00c4 6542D87A 		.ascii	"eB\330z\031\014\000\024\237Z5"
 269      190C0014 
 269      9F5A35
 270              		.text
 271              		.section	.gnu.lto_halInit.402.71a46efe,"e",%progbits
 272 0000 789CB362 		.ascii	"x\234\263bd`\010f``P\004b\006f\006\306I\023\273\230"
 272      64600866 
 272      60605004 
 272      62066606 
 272      C64913BB 
ARM GAS  C:\Users\nello\AppData\Local\Temp\ccRtlA18.s 			page 8


 273 0015 18FEFFFF 		.ascii	"\030\376\377\377_\317\302\304\330\250\302\270\225\021"
 273      5FCFC2C4 
 273      D8A8C2B8 
 273      9511
 274 0023 CC6664A8 		.ascii	"\314fd\250gb\254g\234\314\254\331\320\320\360\243u\326"
 274      6762AC67 
 274      9CCCACD9 
 274      D0D0F0A3 
 274      75D6
 275 0035 0F9E5689 		.ascii	"\017\236V\211%\314\014\014\363\230\031`\200\015\306"
 275      25CC0C0C 
 275      F3981960 
 275      800DC6
 276 0044 031AC8B0 		.ascii	"\003\032\310\260\376\022\353\201\206?\377\373\033\032"
 276      FE12EB81 
 276      863FFFFB 
 276      1B1A
 277 0052 9E3E62DC 		.ascii	"\236>b\334\247\312\315\300\320\317\0142\025\014\344"
 277      A7CACDC0 
 277      D0CF0C32 
 277      150CE4
 278 0061 812A2630 		.ascii	"\201*&03!\270\214\014\037\030\233\037|\347ehadZ\302"
 278      3321B88C 
 278      0C1F189B 
 278      1F7CE765 
 278      6861645A 
 279 0076 CC388F19 		.ascii	"\3148\217\031\250`\0113\023X\364\017#\\\224\011!:\205"
 279      A8600933 
 279      1358F40F 
 279      235C9409 
 279      213A85
 280 0089 0D2ECA8C 		.ascii	"\015.\312\214\020\375\202\020eA\210\316a\207\213\262"
 280      10FD8210 
 280      654188CE 
 280      61878BB2 
 281 0099 22443721 		.ascii	"\"D7!D\331\020\242\373\020\242\354\010\321[\\pQ\016"
 281      44D910A2 
 281      FB10A2EC 
 281      08D15B5C 
 281      70510E
 282 00ac 84E80F84 		.ascii	"\204\350\017\204('D\364\023c\323\203\277^\340\320\350"
 282      282744F4 
 282      1363D383 
 282      BF5EE0D0 
 282      E8
 283 00bd 676644F6 		.ascii	"gfD\366.\003\203\256\263U\214sFfRfpIiJf~Ly~QvqAbrj|"
 283      2E0383AE 
 283      B3558C73 
 283      46665266 
 283      7049694A 
 284 00de 69716A51 		.ascii	"iqjQ\214{jqIiQ\252O~zfr\231\011\203\262\236\236>\020"
 284      8C7B6A71 
 284      496951AA 
 284      4F7E7A66 
 284      72990983 
 285 00f7 258334E4 		.ascii	"%\2034\344\027\033\031\032\032\352\347\027\353g$\346"
 285      171B191A 
ARM GAS  C:\Users\nello\AppData\Local\Temp\ccRtlA18.s 			page 9


 285      1AEAE717 
 285      EB6724E6 
 286 0107 E8171725 		.ascii	"\350\027\027%\203h\275d\006\000S\037\211\210"
 286      8368BD64 
 286      0600531F 
 286      8988
 287              		.text
 288              		.section	.gnu.lto_.symbol_nodes.71a46efe,"e",%progbits
 289 0000 789C7590 		.ascii	"x\234u\220\273\015\302@\020Dg<`\240\012\002\032\240"
 289      BB0DC240 
 289      1044673C 
 289      60A00A02 
 289      1AA0
 290 0012 074AA190 		.ascii	"\007J\241\220\275\223\033@\374!uD\021&!\207\"(\004\316"
 290      BD931B40 
 290      FC217544 
 290      11262187 
 290      222804CE 
 291 0026 92834568 		.ascii	"\222\203Eh/\033\275\247\335\333\271\021@\365\252\014"
 291      2F1BBDA7 
 291      DDDBB911 
 291      40F5AA0C 
 292 0036 9FE1CDB9 		.ascii	"\237\341\315\271y\002\006t)\347%z^\214\255\214\177\306"
 292      79020674 
 292      29E7257A 
 292      5E8CAD8C 
 292      7FC6
 293 0048 3D670E02 		.ascii	"=g\016\002\257\262\352W\000RJ=\345E\246\210\235e\243"
 293      AFB2EA57 
 293      00524A3D 
 293      E545A688 
 293      9D65A3
 294 005b 889D64E3 		.ascii	"\210\235d\343\210\035eu\304\016\262I\304\366\262i\304"
 294      881D6575 
 294      C40EB249 
 294      C4F6B269 
 294      C4
 295 006c 76B259C0 		.ascii	"v\262Y\300DW\320Bt\336Jt\023\327\242\333\335Pt\337l"
 295      4457D042 
 295      74DE4A74 
 295      13D7A2DB 
 295      DD5074DF 
 296 0081 4B74173D 		.ascii	"Kt\027=Jt\307\277Kt=5\265\350*mk|\001\254\036\311\323"
 296      4A74C7BF 
 296      4B743D35 
 296      B5E82A6D 
 296      6B7C01AC 
 297              		.text
 298              		.section	.gnu.lto_.refs.71a46efe,"e",%progbits
 299 0000 789C6364 		.ascii	"x\234cd\000\002\000\000\012\000\002"
 299      00020000 
 299      0A0002
 300              		.text
 301              		.section	.gnu.lto_.decls.71a46efe,"e",%progbits
 302 0000 789C8D92 		.ascii	"x\234\215\222_L[U\034\307\317\357\234\322{9\262AL\311"
 302      5F4C5B55 
 302      1CC7CFEF 
ARM GAS  C:\Users\nello\AppData\Local\Temp\ccRtlA18.s 			page 10


 302      9CD27B39 
 302      B2414CC9 
 303 0014 1E4C4883 		.ascii	"\036LH\203&6S\332\364R\301\2511Mp#\313\220Uq/\206\244"
 303      263653DA 
 303      F452C1A9 
 303      314D7023 
 303      CB905571 
 304 002b 81DE6A6F 		.ascii	"\201\336jo\004.\351-\014\037LN\342\003\316 \242\230"
 304      042EE92D 
 304      0C1F4C4E 
 304      E203CE20 
 304      A298
 305 003d 8D4DB354 		.ascii	"\215M\263T\023\223=,\006\023eS`\214\262\215\002\262"
 305      13933D2C 
 305      06136553 
 305      608CB28D 
 305      02B2
 306 004f B9E9C3E2 		.ascii	"\271\351\303\342\214S\266i\375\363@\"\211\370g\303s"
 306      8C53B669 
 306      FDF34022 
 306      89F867C3 
 306      73
 307 0060 CE6D6F91 		.ascii	"\316mo\221\205\310/\367\374\353\371|\277\277_\3179\207"
 307      85C82FF7 
 307      FCEBF97C 
 307      BFBF5FCF 
 307      3987
 308 0072 5C089DC3 		.ascii	"\\\010\235\303\010e\021Bk<\010\037/\243bP\336&x;\303"
 308      08651142 
 308      6B3C081F 
 308      2FA36250 
 308      DE26783B 
 309 0087 DB59DE32 		.ascii	"\333Y\3362\274\235\343\355\002\2625\363\274}\301\333"
 309      BC9DE3ED 
 309      02B235F3 
 309      BC7DC1DB 
 310 0097 457477BC 		.ascii	"Etw\274\014\010\361\017%\362k\310{m\214W\370\006\311"
 310      0C08F10F 
 310      25F26BC8 
 310      7B6D8C57 
 310      F806C9
 311 00aa 7322F7F8 		.ascii	"s\"\367\370\272\334g\362\232\213\371<\363\371\274\027"
 311      BADC67F2 
 311      9A8BF93C 
 311      F3F9BC17 
 312 00ba F27564F2 		.ascii	"\362ud\362um\214w\011\276\365\365w\263\364\026\310\245"
 312      756D8C77 
 312      09BEF5F5 
 312      77B3F416 
 312      C8A5
 313 00cc 4B0780AB 		.ascii	"K\007\200\253u\274\243\350y\202<\0143\354\326\011\246"
 313      75BCA3E8 
 313      79823C0C 
 313      33ECD609 
 313      A6
 314 00dd 84129D66 		.ascii	"\204\022\235f\241\312\267B\302*\366\225S\365\304\014"
 314      A1CAB742 
ARM GAS  C:\Users\nello\AppData\Local\Temp\ccRtlA18.s 			page 11


 314      C22AF695 
 314      53F5C40C 
 315 00ed 54D01215 		.ascii	"T\320\022\025\343\234\242S\337_p\022\247\335\3360s\351"
 315      E39CA253 
 315      DF5F7012 
 315      A7DDDE30 
 315      73E9
 316 00ff 03953985 		.ascii	"\003\2259\205\341\241fOm\230\3679%\013:WE\\j\005\237"
 316      E1A1664F 
 316      6D98F739 
 316      250B3A57 
 316      455C6A05 
 317 0114 E514BA42 		.ascii	"\345\024\272B\322o\270\365E\374\332\203\220\005\252"
 317      D26FB8F5 
 317      45FCDA83 
 317      9005AA
 318 0123 6B1EC658 		.ascii	"k\036\306XXU\253\3123$C\366 \244\252\243\037U\322\234"
 318      5855ABCA 
 318      332443F6 
 318      20A4AAA3 
 318      1F55D29C 
 319 0137 52CE2D7C 		.ascii	"R\316-|\272\267B\367\226g\241D\327\251\307\207x\021"
 319      BAB742F7 
 319      9667A144 
 319      D7A9C787 
 319      7811
 320 0149 BAA68531 		.ascii	"\272\246\2051\345\316.5\013\032\2012\215\375\360\353"
 320      E5CE2E35 
 320      0B1A8132 
 320      8DFDF0EB 
 321 0159 0E5A424B 		.ascii	"\016ZBK\253\274>\204t\264\007s_\262V\010PxN\275\270"
 321      ABBC3E84 
 321      74B40773 
 321      5FB25608 
 321      50784EBD 
 322 016e 04F051AC 		.ascii	"\004\360Q\254a\262/\247 \204\261\027!\346R\313\312\200"
 322      61B22FA7 
 322      2084B117 
 322      21E652CB 
 322      CA80
 323 0180 F1A134BA 		.ascii	"\361\2414\272O\217h\024\345\024\314\267<.`\030\212J"
 323      4F8F6814 
 323      E514CCB7 
 323      3C2E6018 
 323      8A4A
 324 0192 EAE65783 		.ascii	"\352\346W\203\235;\002\004\353O\022\362/\303fQq\037"
 324      9D3B0204 
 324      EB4F12F2 
 324      2FC36651 
 324      711F
 325 01a4 4361DBE6 		.ascii	"Ca\333\346\376\243r\274\344\357\340\370\027\004E\331"
 325      FEA372BC 
 325      E4EFE0F8 
 325      170445D9 
 326 01b4 3A73D820 		.ascii	":s\330 \007\021\242_/(\326\350\344\307NYPD6\024.]\240"
 326      0711A25F 
 326      2F28D6E8 
ARM GAS  C:\Users\nello\AppData\Local\Temp\ccRtlA18.s 			page 12


 326      E4C74E59 
 326      50443614 
 327 01cb 50D0DD41 		.ascii	"P\320\335A\012\317fz\370Z\177\311\217\374\330\330\210"
 327      0ACF667A 
 327      F85A7FC9 
 327      8FFCD8D8 
 327      88
 328 01dc 072A87C2 		.ascii	"\007*\207\302\010\310}\210<\200\002L\306R\014\301)\333"
 328      08C87D88 
 328      3C80024C 
 328      C6520CC1 
 328      29DB
 329 01ee 2172CFDB 		.ascii	"!r\317\333\004\356\005\314{\017Tpi\377\370\340\002\335"
 329      04EE05CC 
 329      7B0F5470 
 329      69FFF8E0 
 329      02DD
 330 0200 C1A1DF18 		.ascii	"\301\241\337\030\363@\002>\007\370L$\034\347yM\204\252"
 330      F340023E 
 330      07F84C24 
 330      1CE7794D 
 330      84AA
 331 0212 8786D8EA 		.ascii	"\207\206\330\352[\375\227\226v\216\\]f\214\226\362\015"
 331      5BFD9796 
 331      768E5C5D 
 331      668C96F2 
 331      0D
 332 0223 1803386D 		.ascii	"\030\0038m\377\2211N}\012\360\011D\030\020.\341\206"
 332      FF91314E 
 332      7D0AF009 
 332      4418102E 
 332      E186
 333 0235 5F1DFDFE 		.ascii	"_\035\375\376\365\222\352\021.;<\270:\240\260\023\342"
 333      F592EA11 
 333      2E3B3CB8 
 333      3AA0B013 
 333      E2
 334 0246 4909D5A4 		.ascii	"I\011\325\244\243\232tT}\344')\272\231\036\030R\252"
 334      A39A7454 
 334      7DE42729 
 334      BA991E18 
 334      52AA
 335 0258 47185B9D 		.ascii	"G\030[\235xs\360U\367{,\203\205d\312\221L\311\201\034"
 335      7873F055 
 335      F77B2C83 
 335      8564CA91 
 335      4CC9811C 
 336 026c C5821EFC 		.ascii	"\305\202\036\374\347\372\023\002>}x8\367L\201\235v\330"
 336      E7FA1302 
 336      3E7D7838 
 336      F74C819D 
 336      76D8
 337 027e 699BBD2E 		.ascii	"i\233\275.\331\245\017\377x\177\233\204\217\037Y\013"
 337      D9A50FFF 
 337      787F9B84 
 337      8F1F590B 
 338 028e 16E01907 		.ascii	"\026\340\031\007\236\261\341a\"\340\211\237\177\317"
ARM GAS  C:\Users\nello\AppData\Local\Temp\ccRtlA18.s 			page 13


 338      9EB1E161 
 338      22E0899F 
 338      7FCF
 339 029c C32BC7E6 		.ascii	"\303+\307\346\017)i\237`\317;\354y\233\235\223\354\374"
 339      0F29699F 
 339      60CF3BEC 
 339      799B9D93 
 339      ECFC
 340 02ae C96BDFB8 		.ascii	"\311k\337\270%{\345\370T\201\235u\330Y\233\275-\331"
 340      257BE5F8 
 340      54819D75 
 340      D8599BBD 
 340      2DD9
 341 02c0 0F6E0CCC 		.ascii	"\017n\014\314\201d\217-\215\266\024\212\230s\3409\033"
 341      81648F2D 
 341      8DB6148A 
 341      9873E039 
 341      1B
 342 02d1 FED825E0 		.ascii	"\376\330%\340wnN\016\023\011\337\271\221\276\015\005"
 342      776E4E0E 
 342      1309DFB9 
 342      91BE0D05 
 343 02e1 7AC1A117 		.ascii	"z\301\241\027l\372\216\244\217\344\006\256l\227\364"
 343      6CFA8EA4 
 343      8FE406AE 
 343      6C97F4
 344 02f0 D82FCB7F 		.ascii	"\330/\313\177n/\320\213\016\275(\007y\353.y\353^Q\374"
 344      6E2FD08B 
 344      0EBD2807 
 344      79EB2E79 
 344      EB5E51FC 
 345 0304 B7A37FAB 		.ascii	"\267\243\177\253eg\031[f\351\214K\010\276\004\270$\356"
 345      6567195B 
 345      66E98C4B 
 345      08BE04B8 
 345      24EE
 346 0316 FDB2C049 		.ascii	"\375\262\300I\260\016\225\266%;{\353\3435\235\210\306"
 346      B00E95B6 
 346      253B7BEB 
 346      E3359D88 
 346      C6
 347 0327 CC642ADE 		.ascii	"\314d*\336W\323\031B\252i\265u\354\3552R\325~\177\200"
 347      57D31942 
 347      AA69B575 
 347      ECED3252 
 347      D57E7F80 
 348 033b 7FB184D1 		.ascii	"\177\261\204\321n\230\226\026\014\006\003\246\025H\264"
 348      6E989616 
 348      0C0603A6 
 348      1548B4
 349 034a 7504AC64 		.ascii	"u\004\254dL\214\376\230\332\330|\300\333\020\254G\345"
 349      4C8CFE98 
 349      DAD87CC0 
 349      DB10AC47 
 349      E5
 350 035b 72E96F0F 		.ascii	"r\351o\017>Z\373Bp\327#\250\246\341\261\326\006!lI\365"
 350      3E5AFB42 
ARM GAS  C:\Users\nello\AppData\Local\Temp\ccRtlA18.s 			page 14


 350      70D723A8 
 350      A6E1B1D6 
 350      06216C49 
 351 0370 E886D97A 		.ascii	"\350\206\331z\320L\276du\267\305\342\321\036+\236lm"
 351      D04CBE64 
 351      75B7C5E2 
 351      D11E2B9E 
 351      6C6D
 352 0382 8C5BA99E 		.ascii	"\214[\251\236d\274\311|\321\210\365\206\320\303\233"
 352      64BCC97C 
 352      D188F586 
 352      D0C39B
 353 0391 6612B504 		.ascii	"f\022\265\004\222\251\232.\303\236\373\023HI\330\345"
 353      92A99A2E 
 353      C39EFB13 
 353      4849D8E5 
 354 03a1 DDFFFFE5 		.ascii	"\335\377\377\345!\267\225\022\350\316MQ\243+\326\321"
 354      21B79512 
 354      E8CE4D51 
 354      A32BD6D1 
 355 03b1 A3C7C53C 		.ascii	"\243\307\305<j\245\270{i\273\331\226\324\205\350\361"
 355      6AA5B87B 
 355      69BBD996 
 355      D485E8F1 
 356 03c1 4D4512B1 		.ascii	"ME\022\261\002-\317E\233\01744\355\336_\027\2126\206"
 356      022DCF45 
 356      9B0F3434 
 356      EDDE5F17 
 356      8A3686
 357 03d4 EA43CFEE 		.ascii	"\352C\317\356\266wD\215\226a\012\217\207\266\226\330"
 357      B677448D 
 357      96610A8F 
 357      87B696D8 
 358 03e4 30B9C66D 		.ascii	"0\271\306m\311\264\376\255I\342I\303>\215\356\203\235"
 358      C9B4FEAD 
 358      49E249C3 
 358      3E8DEE83 
 358      9D
 359 03f5 5BCFC461 		.ascii	"[\317\304a\2411\264\330\3265\034\346\232m\321n>\357"
 359      A131B4D8 
 359      D6351CE6 
 359      9A6DD16E 
 359      3EEF
 360 0407 E8D0A306 		.ascii	"\350\320\243\006W>\271\251\262\233\277#q4O\327j\201"
 360      573EB9A9 
 360      B29BBF23 
 360      71344FD7 
 360      6A81
 361 0419 A6A6A702 		.ascii	"\246\246\247\002\215\221\275\373{5;\271m\300\315\312"
 361      8D91BDFB 
 361      7B353BB9 
 361      6DC0CDCA 
 362 0429 12EBBC76 		.ascii	"\022\353\274vm\311K\366\215\241\276\276@\302\261\371"
 362      6DC94BF6 
 362      8DA1BEBE 
 362      40C2B1F9 
 363 0439 17337B26 		.ascii	"\0273{&\347"
ARM GAS  C:\Users\nello\AppData\Local\Temp\ccRtlA18.s 			page 15


 363      E7
 364              		.text
 365              		.section	.gnu.lto_.symtab.71a46efe,"e",%progbits
 366 0000 68616C49 		.ascii	"halInit\000"
 366      6E697400 
 367 0008 00       		.ascii	"\000"
 368 0009 00       		.ascii	"\000"
 369 000a 00       		.ascii	"\000"
 370 000b 00000000 		.ascii	"\000\000\000\000\000\000\000\000"
 370      00000000 
 371 0013 BE000000 		.ascii	"\276\000\000\000"
 372 0017 7374496E 		.ascii	"stInit\000"
 372      697400
 373 001e 00       		.ascii	"\000"
 374 001f 02       		.ascii	"\002"
 375 0020 00       		.ascii	"\000"
 376 0021 00000000 		.ascii	"\000\000\000\000\000\000\000\000"
 376      00000000 
 377 0029 C0000000 		.ascii	"\300\000\000\000"
 378 002d 626F6172 		.ascii	"boardInit\000"
 378      64496E69 
 378      7400
 379 0037 00       		.ascii	"\000"
 380 0038 02       		.ascii	"\002"
 381 0039 00       		.ascii	"\000"
 382 003a 00000000 		.ascii	"\000\000\000\000\000\000\000\000"
 382      00000000 
 383 0042 C2000000 		.ascii	"\302\000\000\000"
 384 0046 73696F49 		.ascii	"sioInit\000"
 384      6E697400 
 385 004e 00       		.ascii	"\000"
 386 004f 02       		.ascii	"\002"
 387 0050 00       		.ascii	"\000"
 388 0051 00000000 		.ascii	"\000\000\000\000\000\000\000\000"
 388      00000000 
 389 0059 C4000000 		.ascii	"\304\000\000\000"
 390 005d 7364496E 		.ascii	"sdInit\000"
 390      697400
 391 0064 00       		.ascii	"\000"
 392 0065 02       		.ascii	"\002"
 393 0066 00       		.ascii	"\000"
 394 0067 00000000 		.ascii	"\000\000\000\000\000\000\000\000"
 394      00000000 
 395 006f C6000000 		.ascii	"\306\000\000\000"
 396 0073 70776D49 		.ascii	"pwmInit\000"
 396      6E697400 
 397 007b 00       		.ascii	"\000"
 398 007c 02       		.ascii	"\002"
 399 007d 00       		.ascii	"\000"
 400 007e 00000000 		.ascii	"\000\000\000\000\000\000\000\000"
 400      00000000 
 401 0086 C8000000 		.ascii	"\310\000\000\000"
 402 008a 69326349 		.ascii	"i2cInit\000"
 402      6E697400 
 403 0092 00       		.ascii	"\000"
 404 0093 02       		.ascii	"\002"
 405 0094 00       		.ascii	"\000"
ARM GAS  C:\Users\nello\AppData\Local\Temp\ccRtlA18.s 			page 16


 406 0095 00000000 		.ascii	"\000\000\000\000\000\000\000\000"
 406      00000000 
 407 009d CA000000 		.ascii	"\312\000\000\000"
 408 00a1 5F70616C 		.ascii	"_pal_lld_init\000"
 408      5F6C6C64 
 408      5F696E69 
 408      7400
 409 00af 00       		.ascii	"\000"
 410 00b0 02       		.ascii	"\002"
 411 00b1 00       		.ascii	"\000"
 412 00b2 00000000 		.ascii	"\000\000\000\000\000\000\000\000"
 412      00000000 
 413 00ba CC000000 		.ascii	"\314\000\000\000"
 414 00be 68616C5F 		.ascii	"hal_lld_init\000"
 414      6C6C645F 
 414      696E6974 
 414      00
 415 00cb 00       		.ascii	"\000"
 416 00cc 02       		.ascii	"\002"
 417 00cd 00       		.ascii	"\000"
 418 00ce 00000000 		.ascii	"\000\000\000\000\000\000\000\000"
 418      00000000 
 419 00d6 CE000000 		.ascii	"\316\000\000\000"
 420              		.text
 421              		.section	.gnu.lto_.ext_symtab.71a46efe,"e",%progbits
 422 0000 01       		.ascii	"\001"
 423 0001 01       		.ascii	"\001"
 424 0002 00       		.ascii	"\000"
 425 0003 01       		.ascii	"\001"
 426 0004 00       		.ascii	"\000"
 427 0005 01       		.ascii	"\001"
 428 0006 00       		.ascii	"\000"
 429 0007 01       		.ascii	"\001"
 430 0008 00       		.ascii	"\000"
 431 0009 01       		.ascii	"\001"
 432 000a 00       		.ascii	"\000"
 433 000b 01       		.ascii	"\001"
 434 000c 00       		.ascii	"\000"
 435 000d 01       		.ascii	"\001"
 436 000e 00       		.ascii	"\000"
 437 000f 01       		.ascii	"\001"
 438 0010 00       		.ascii	"\000"
 439 0011 01       		.ascii	"\001"
 440 0012 00       		.ascii	"\000"
 441              		.text
 442              		.section	.gnu.lto_.opts,"e",%progbits
 443 0000 272D666E 		.ascii	"'-fno-openmp' '-fno-openacc' '-fno-pie' '-fcf-prote"
 443      6F2D6F70 
 443      656E6D70 
 443      2720272D 
 443      666E6F2D 
 444 0033 6374696F 		.ascii	"ction=none' '-g' '-mcpu=cortex-m4' '-mthumb' '-mflo"
 444      6E3D6E6F 
 444      6E652720 
 444      272D6727 
 444      20272D6D 
 445 0066 61742D61 		.ascii	"at-abi=soft' '-mlibarch=armv7e-m' '-march=armv7e-m'"
ARM GAS  C:\Users\nello\AppData\Local\Temp\ccRtlA18.s 			page 17


 445      62693D73 
 445      6F667427 
 445      20272D6D 
 445      6C696261 
 446 0099 20272D4F 		.ascii	" '-O0' '-fomit-frame-pointer' '-falign-functions=16"
 446      30272027 
 446      2D666F6D 
 446      69742D66 
 446      72616D65 
 447 00cc 2720272D 		.ascii	"' '-ffunction-sections' '-fdata-sections' '-fno-com"
 447      6666756E 
 447      6374696F 
 447      6E2D7365 
 447      6374696F 
 448 00ff 6D6F6E27 		.ascii	"mon' '-flto' '-Xassembler' '-alms=./build/lst/hal.l"
 448      20272D66 
 448      6C746F27 
 448      20272D58 
 448      61737365 
 449 0132 73742700 		.ascii	"st'\000"
 450              		.text
 451              		.comm	__gnu_lto_slim,1,1
 452              		.ident	"GCC: (GNU Arm Embedded Toolchain 10.3-2021.10) 10.3.1 20210824 (release)"
ARM GAS  C:\Users\nello\AppData\Local\Temp\ccRtlA18.s 			page 18


DEFINED SYMBOLS
                            *ABS*:00000000 hal.c
C:\Users\nello\AppData\Local\Temp\ccRtlA18.s:20     .gnu.debuglto_.debug_info:00000000 hal.c.b183f195
                            *COM*:00000001 __gnu_lto_slim

NO UNDEFINED SYMBOLS
