Archive member included to satisfy reference by file (symbol)

c:/chibistudio/tools/gnu tools arm embedded/10.3 2021.10/bin/../lib/gcc/arm-none-eabi/10.3.1/../../../../arm-none-eabi/lib/thumb/v7e-m/nofp\libg.a(lib_a-ctype_.o)
                              ./build/obj/chscanf.o (symbol from plugin) (_ctype_)
c:/chibistudio/tools/gnu tools arm embedded/10.3 2021.10/bin/../lib/gcc/arm-none-eabi/10.3.1/thumb/v7e-m/nofp\libgcc.a(_arm_mulsf3.o)
                              C:\Users\nello\AppData\Local\Temp\GestureLogicv3.elf.USO2WS.ltrans0.ltrans.o (__aeabi_fmul)
c:/chibistudio/tools/gnu tools arm embedded/10.3 2021.10/bin/../lib/gcc/arm-none-eabi/10.3.1/thumb/v7e-m/nofp\libgcc.a(_arm_addsubsf3.o)
                              C:\Users\nello\AppData\Local\Temp\GestureLogicv3.elf.USO2WS.ltrans0.ltrans.o (__aeabi_fsub)
c:/chibistudio/tools/gnu tools arm embedded/10.3 2021.10/bin/../lib/gcc/arm-none-eabi/10.3.1/thumb/v7e-m/nofp\libgcc.a(_arm_muldivsf3.o)
                              C:\Users\nello\AppData\Local\Temp\GestureLogicv3.elf.USO2WS.ltrans0.ltrans.o (__aeabi_fdiv)
c:/chibistudio/tools/gnu tools arm embedded/10.3 2021.10/bin/../lib/gcc/arm-none-eabi/10.3.1/thumb/v7e-m/nofp\libgcc.a(_arm_fixsfsi.o)
                              C:\Users\nello\AppData\Local\Temp\GestureLogicv3.elf.USO2WS.ltrans0.ltrans.o (__aeabi_f2iz)
c:/chibistudio/tools/gnu tools arm embedded/10.3 2021.10/bin/../lib/gcc/arm-none-eabi/10.3.1/thumb/v7e-m/nofp\libgcc.a(_arm_fixunssfsi.o)
                              C:\Users\nello\AppData\Local\Temp\GestureLogicv3.elf.USO2WS.ltrans0.ltrans.o (__aeabi_f2uiz)
c:/chibistudio/tools/gnu tools arm embedded/10.3 2021.10/bin/../lib/gcc/arm-none-eabi/10.3.1/thumb/v7e-m/nofp\libgcc.a(_aeabi_uldivmod.o)
                              C:\Users\nello\AppData\Local\Temp\GestureLogicv3.elf.USO2WS.ltrans0.ltrans.o (__aeabi_uldivmod)
c:/chibistudio/tools/gnu tools arm embedded/10.3 2021.10/bin/../lib/gcc/arm-none-eabi/10.3.1/thumb/v7e-m/nofp\libgcc.a(_udivmoddi4.o)
                              c:/chibistudio/tools/gnu tools arm embedded/10.3 2021.10/bin/../lib/gcc/arm-none-eabi/10.3.1/thumb/v7e-m/nofp\libgcc.a(_aeabi_uldivmod.o) (__udivmoddi4)
c:/chibistudio/tools/gnu tools arm embedded/10.3 2021.10/bin/../lib/gcc/arm-none-eabi/10.3.1/thumb/v7e-m/nofp\libgcc.a(_dvmd_tls.o)
                              c:/chibistudio/tools/gnu tools arm embedded/10.3 2021.10/bin/../lib/gcc/arm-none-eabi/10.3.1/thumb/v7e-m/nofp\libgcc.a(_aeabi_uldivmod.o) (__aeabi_ldiv0)
c:/chibistudio/tools/gnu tools arm embedded/10.3 2021.10/bin/../lib/gcc/arm-none-eabi/10.3.1/../../../../arm-none-eabi/lib/thumb/v7e-m/nofp\libg.a(lib_a-memcpy.o)
                              C:\Users\nello\AppData\Local\Temp\GestureLogicv3.elf.USO2WS.ltrans0.ltrans.o (memcpy)
c:/chibistudio/tools/gnu tools arm embedded/10.3 2021.10/bin/../lib/gcc/arm-none-eabi/10.3.1/../../../../arm-none-eabi/lib/thumb/v7e-m/nofp\libg.a(lib_a-memset.o)
                              C:\Users\nello\AppData\Local\Temp\GestureLogicv3.elf.USO2WS.ltrans0.ltrans.o (memset)
c:/chibistudio/tools/gnu tools arm embedded/10.3 2021.10/bin/../lib/gcc/arm-none-eabi/10.3.1/../../../../arm-none-eabi/lib/thumb/v7e-m/nofp\libg.a(lib_a-strcmp.o)
                              C:\Users\nello\AppData\Local\Temp\GestureLogicv3.elf.USO2WS.ltrans0.ltrans.o (strcmp)
c:/chibistudio/tools/gnu tools arm embedded/10.3 2021.10/bin/../lib/gcc/arm-none-eabi/10.3.1/../../../../arm-none-eabi/lib/thumb/v7e-m/nofp\libg.a(lib_a-strncmp.o)
                              C:\Users\nello\AppData\Local\Temp\GestureLogicv3.elf.USO2WS.ltrans0.ltrans.o (strncmp)

Discarded input sections

 .data          0x00000000        0x0 ./build/obj/crt0_v7m.o
 .bss           0x00000000        0x0 ./build/obj/crt0_v7m.o
 .data          0x00000000        0x0 ./build/obj/vectors.o
 .bss           0x00000000        0x0 ./build/obj/vectors.o
 .data          0x00000000        0x0 ./build/obj/chcoreasm.o
 .bss           0x00000000        0x0 ./build/obj/chcoreasm.o
 .text          0x00000000        0x0 C:\Users\nello\AppData\Local\Temp\GestureLogicv3.elf.USO2WS.ltrans0.ltrans.o
 .data          0x00000000        0x0 C:\Users\nello\AppData\Local\Temp\GestureLogicv3.elf.USO2WS.ltrans0.ltrans.o
 .bss           0x00000000        0x0 C:\Users\nello\AppData\Local\Temp\GestureLogicv3.elf.USO2WS.ltrans0.ltrans.o
 .text.st_lld_get_alarm
                0x00000000        0xc C:\Users\nello\AppData\Local\Temp\GestureLogicv3.elf.USO2WS.ltrans0.ltrans.o
 .text.st_lld_is_alarm_active
                0x00000000       0x18 C:\Users\nello\AppData\Local\Temp\GestureLogicv3.elf.USO2WS.ltrans0.ltrans.o
 .text.stGetAlarm
                0x00000000        0xc C:\Users\nello\AppData\Local\Temp\GestureLogicv3.elf.USO2WS.ltrans0.ltrans.o
 .text.stIsAlarmActive
                0x00000000        0xc C:\Users\nello\AppData\Local\Temp\GestureLogicv3.elf.USO2WS.ltrans0.ltrans.o
 .text.osalEventBroadcastFlagsI.lto_priv.0
[...]
Memory Configuration

Name             Origin             Length             Attributes
flash0           0x08000000         0x00080000         xr
flash1           0x00000000         0x00000000         xr
flash2           0x00000000         0x00000000         xr
flash3           0x00000000         0x00000000         xr
flash4           0x00000000         0x00000000         xr
flash5           0x00000000         0x00000000         xr
flash6           0x00000000         0x00000000         xr
flash7           0x00000000         0x00000000         xr
ram0             0x20000000         0x00020000         xw
ram1             0x20000000         0x00018000         xw
ram2             0x20000000         0x00014000         xw
ram3             0x20014000         0x00004000         xw
ram4             0x20018000         0x00008000         xw
ram5             0x10000000         0x00008000         xw
ram6             0x00000000         0x00000000         xw
ram7             0x00000000         0x00000000         xw
*default*        0x00000000         0xffffffff

Linker script and memory map

LOAD ./build/obj/crt0_v7m.o
LOAD ./build/obj/vectors.o
LOAD ./build/obj/chcoreasm.o
LOAD ./build/obj/crt1.o
LOAD C:\Users\nello\AppData\Local\Temp\GestureLogicv3.elf.USO2WS.ltrans0.ltrans.o
LOAD C:\Users\nello\AppData\Local\Temp\ccC7b15y.debug.temp.o
LOAD C:\Users\nello\AppData\Local\Temp\ccm2ASpw.debug.temp.o
LOAD C:\Users\nello\AppData\Local\Temp\ccsCvc6t.debug.temp.o
LOAD C:\Users\nello\AppData\Local\Temp\cccde9Qr.debug.temp.o
LOAD C:\Users\nello\AppData\Local\Temp\ccK12ppp.debug.temp.o
LOAD C:\Users\nello\AppData\Local\Temp\ccgjn51m.debug.temp.o
LOAD C:\Users\nello\AppData\Local\Temp\ccCvJdVj.debug.temp.o
LOAD C:\Users\nello\AppData\Local\Temp\ccagmNDg.debug.temp.o
LOAD C:\Users\nello\AppData\Local\Temp\ccGDLbJd.debug.temp.o
LOAD C:\Users\nello\AppData\Local\Temp\ccyW08Ea.debug.temp.o
LOAD C:\Users\nello\AppData\Local\Temp\ccmFuuF7.debug.temp.o
LOAD C:\Users\nello\AppData\Local\Temp\ccwji8D8.debug.temp.o
LOAD C:\Users\nello\AppData\Local\Temp\ccgI4Xo9.debug.temp.o
LOAD C:\Users\nello\AppData\Local\Temp\ccELFYAa.debug.temp.o
LOAD C:\Users\nello\AppData\Local\Temp\ccMWQlRb.debug.temp.o
LOAD C:\Users\nello\AppData\Local\Temp\cckBmp6c.debug.temp.o
LOAD C:\Users\nello\AppData\Local\Temp\ccIo3G7d.debug.temp.o
LOAD C:\Users\nello\AppData\Local\Temp\cc2fBspe.debug.temp.o
LOAD C:\Users\nello\AppData\Local\Temp\cc8h0ALe.debug.temp.o
LOAD C:\Users\nello\AppData\Local\Temp\cc23hsZe.debug.temp.o
LOAD C:\Users\nello\AppData\Local\Temp\ccE495zf.debug.temp.o
LOAD C:\Users\nello\AppData\Local\Temp\ccQfGyhg.debug.temp.o
LOAD C:\Users\nello\AppData\Local\Temp\cc4nypLg.debug.temp.o
LOAD C:\Users\nello\AppData\Local\Temp\cck5tFjh.debug.temp.o
LOAD C:\Users\nello\AppData\Local\Temp\ccqxc16g.debug.temp.o
LOAD C:\Users\nello\AppData\Local\Temp\ccQxxK7g.debug.temp.o
LOAD C:\Users\nello\AppData\Local\Temp\ccOTya0g.debug.temp.o
LOAD C:\Users\nello\AppData\Local\Temp\ccMhT7Wg.debug.temp.o
LOAD C:\Users\nello\AppData\Local\Temp\cciFiEag.debug.temp.o
LOAD C:\Users\nello\AppData\Local\Temp\cc86suHi.debug.temp.o
LOAD C:\Users\nello\AppData\Local\Temp\ccmbfVil.debug.temp.o
LOAD C:\Users\nello\AppData\Local\Temp\ccsHVSgo.debug.temp.o
LOAD C:\Users\nello\AppData\Local\Temp\ccKxxm2q.debug.temp.o
LOAD C:\Users\nello\AppData\Local\Temp\ccy4UBVt.debug.temp.o
LOAD C:\Users\nello\AppData\Local\Temp\ccGHCI0v.debug.temp.o
LOAD C:\Users\nello\AppData\Local\Temp\ccK63bWx.debug.temp.o
LOAD C:\Users\nello\AppData\Local\Temp\ccihWgWz.debug.temp.o
LOAD C:\Users\nello\AppData\Local\Temp\ccCuvFgC.debug.temp.o
LOAD C:\Users\nello\AppData\Local\Temp\ccqLqCzE.debug.temp.o
LOAD C:\Users\nello\AppData\Local\Temp\ccw5oq4F.debug.temp.o
LOAD C:\Users\nello\AppData\Local\Temp\cceJpPpH.debug.temp.o
LOAD C:\Users\nello\AppData\Local\Temp\ccykXQPI.debug.temp.o
LOAD C:\Users\nello\AppData\Local\Temp\ccs2wCdK.debug.temp.o
LOAD C:\Users\nello\AppData\Local\Temp\cc0u4n3L.debug.temp.o
LOAD C:\Users\nello\AppData\Local\Temp\ccaNUCFN.debug.temp.o
LOAD C:\Users\nello\AppData\Local\Temp\ccwBsLeT.debug.temp.o
LOAD C:\Users\nello\AppData\Local\Temp\cci5SuSY.debug.temp.o
LOAD C:\Users\nello\AppData\Local\Temp\ccABkIl4.debug.temp.o
LOAD C:\Users\nello\AppData\Local\Temp\ccOFetba.debug.temp.o
LOAD C:\Users\nello\AppData\Local\Temp\ccuiNb0f.debug.temp.o
LOAD C:\Users\nello\AppData\Local\Temp\ccMIhKYk.debug.temp.o
LOAD C:\Users\nello\AppData\Local\Temp\ccSmUF1p.debug.temp.o
LOAD C:\Users\nello\AppData\Local\Temp\ccyjltVu.debug.temp.o
LOAD C:\Users\nello\AppData\Local\Temp\cc2f7hhA.debug.temp.o
LOAD C:\Users\nello\AppData\Local\Temp\cc6WRipF.debug.temp.o
LOAD C:\Users\nello\AppData\Local\Temp\cccRiONJ.debug.temp.o
LOAD C:\Users\nello\AppData\Local\Temp\ccYEzzfO.debug.temp.o
LOAD C:\Users\nello\AppData\Local\Temp\cckdPwtS.debug.temp.o
LOAD C:\Users\nello\AppData\Local\Temp\ccGL4tHW.debug.temp.o
LOAD C:\Users\nello\AppData\Local\Temp\ccK4GCm1.debug.temp.o
LOAD C:\Users\nello\AppData\Local\Temp\ccOnjL15.debug.temp.o
LOAD C:\Users\nello\AppData\Local\Temp\ccCOvgLa.debug.temp.o
LOAD C:\Users\nello\AppData\Local\Temp\ccizm6hf.debug.temp.o
LOAD C:\Users\nello\AppData\Local\Temp\ccEnizTj.debug.temp.o
LOAD C:\Users\nello\AppData\Local\Temp\cckiyTGn.debug.temp.o
LOAD C:\Users\nello\AppData\Local\Temp\cc0cOdur.debug.temp.o
LOAD C:\Users\nello\AppData\Local\Temp\cculcVlv.debug.temp.o
LOAD ./build/obj/hal.o
LOAD ./build/obj/hal_st.o
LOAD ./build/obj/hal_buffered_serial.o
LOAD ./build/obj/hal_buffers.o
LOAD ./build/obj/hal_queues.o
LOAD ./build/obj/hal_flash.o
LOAD ./build/obj/hal_mmcsd.o
LOAD ./build/obj/hal_i2c.o
LOAD ./build/obj/hal_pal.o
LOAD ./build/obj/hal_pwm.o
LOAD ./build/obj/hal_serial.o
LOAD ./build/obj/hal_sio.o
LOAD ./build/obj/nvic.o
LOAD ./build/obj/stm32_isr.o
LOAD ./build/obj/hal_lld.o
LOAD ./build/obj/hal_efl_lld.o
LOAD ./build/obj/stm32_dma.o
LOAD ./build/obj/stm32_exti.o
LOAD ./build/obj/hal_pal_lld.o
LOAD ./build/obj/hal_i2c_lld.o
LOAD ./build/obj/hal_st_lld.o
LOAD ./build/obj/hal_pwm_lld.o
LOAD ./build/obj/hal_serial_lld.o
LOAD ./build/obj/hal_sio_lld.o
LOAD ./build/obj/board.o
LOAD ./build/obj/osal.o
LOAD ./build/obj/chsys.o
LOAD ./build/obj/chrfcu.o
LOAD ./build/obj/chdebug.o
LOAD ./build/obj/chtrace.o
LOAD ./build/obj/chvt.o
LOAD ./build/obj/chschd.o
LOAD ./build/obj/chinstances.o
LOAD ./build/obj/chthreads.o
LOAD ./build/obj/chtm.o
LOAD ./build/obj/chregistry.o
LOAD ./build/obj/chsem.o
LOAD ./build/obj/chmtx.o
LOAD ./build/obj/chcond.o
LOAD ./build/obj/chevents.o
LOAD ./build/obj/chmsg.o
LOAD ./build/obj/chdynamic.o
LOAD ./build/obj/chmboxes.o
LOAD ./build/obj/chmemcore.o
LOAD ./build/obj/chmemheaps.o
LOAD ./build/obj/chmempools.o
LOAD ./build/obj/chpipes.o
LOAD ./build/obj/chobjcaches.o
LOAD ./build/obj/chdelegates.o
LOAD ./build/obj/chfactory.o
LOAD ./build/obj/chcore.o
LOAD ./build/obj/chcoreapi.o
LOAD ./build/obj/vl53l7cx_api.o
LOAD ./build/obj/vl53l7cx_plugin_detection_thresholds.o
LOAD ./build/obj/vl53l7cx_plugin_motion_indicator.o
LOAD ./build/obj/vl53l7cx_plugin_xtalk.o
LOAD ./build/obj/platform.o
LOAD ./build/obj/chprintf.o
LOAD ./build/obj/chscanf.o
LOAD ./build/obj/memstreams.o
LOAD ./build/obj/nullstreams.o
LOAD ./build/obj/bufstreams.o
LOAD ./build/obj/main.o
LOAD ./build/obj/gesture.o
LOAD ./build/obj/buzzer.o
LOAD ./build/obj/demo.o

.mstack         0x20000000      0x400
                0x20000000                . = ALIGN (0x8)
                0x20000000                __main_stack_base__ = .
                0x20000400                . = (. + __main_stack_size__)
 *fill*         0x20000000      0x400 
                0x20000400                . = ALIGN (0x8)
                0x20000400                __main_stack_end__ = .

.pstack         0x20000400      0x400
                0x20000400                . = ALIGN (0x8)
                0x20000400                __process_stack_base__ = .
                0x20000400                __main_thread_stack_base__ = .
                0x20000800                . = (. + __process_stack_size__)
 *fill*         0x20000400      0x400 
                0x20000800                . = ALIGN (0x8)
                0x20000800                __process_stack_end__ = .
                0x20000800                __main_thread_stack_end__ = .

.vectors        0x08000000      0x1e0
                0x08000000                __textvectors_base__ = LOADADDR (.vectors)
                0x08000000                __vectors_base__ = .
 *(.vectors)
 .vectors       0x08000000      0x1e0 ./build/obj/vectors.o
                0x08000000                _vectors
                0x080001e0                __vectors_end__ = .

.xtors          0x080001e0        0x0
                0x080001e0                __init_array_base__ = .
 *(SORT_BY_NAME(.init_array.*))
 *(.init_array)
                0x080001e0                __init_array_end__ = .
                0x080001e0                __fini_array_base__ = .
 *(.fini_array)
 *(SORT_BY_NAME(.fini_array.*))
                0x080001e0                __fini_array_end__ = .

.text           0x080001e0     0x9cbc
                0x080001e0                __text_base__ = .
 *(.text)
 .text          0x080001e0       0xd8 ./build/obj/crt0_v7m.o
                0x080001e0                _crt0_entry
 .text          0x080002b8        0x8 ./build/obj/vectors.o
                0x080002b8                Reset_Handler
                0x080002ba                VectorAC
                0x080002ba                DebugMon_Handler
                0x080002ba                Vector1A0
                0x080002ba                Vector11C
                0x080002ba                HardFault_Handler
                0x080002ba                Vector1B8
                0x080002ba                Vector19C
                0x080002ba                Vector8C
                0x080002ba                SysTick_Handler
                0x080002ba                VectorDC
                0x080002ba                Vector168
                0x080002ba                NMI_Handler
                0x080002ba                Vector110
                0x080002ba                Vector1D8
                0x080002ba                VectorC8
                0x080002ba                Vector94
                0x080002ba                VectorA8
                0x080002ba                VectorB4
                0x080002ba                Vector160
                0x080002ba                Vector1B0
                0x080002ba                UsageFault_Handler
                0x080002ba                VectorEC
                0x080002ba                Vector40
                0x080002ba                VectorF8
                0x080002ba                Vector108
                0x080002ba                Vector190
                0x080002ba                Vector150
                0x080002ba                Vector148
                0x080002ba                Vector188
                0x080002ba                Vector198
                0x080002ba                Vector118
                0x080002ba                VectorE8
                0x080002ba                VectorCC
                0x080002ba                Vector54
                0x080002ba                Vector98
                0x080002ba                Vector138
                0x080002ba                Vector24
                0x080002ba                Vector178
                0x080002ba                SecureFault_Handler
                0x080002ba                Vector1A4
                0x080002ba                VectorD0
                0x080002ba                Vector1B4
                0x080002ba                Vector140
                0x080002ba                VectorE4
                0x080002ba                Vector158
                0x080002ba                Vector134
                0x080002ba                Vector1D0
                0x080002ba                VectorF0
                0x080002ba                Vector13C
                0x080002ba                Vector100
                0x080002ba                VectorF4
                0x080002ba                MemManage_Handler
                0x080002ba                VectorA0
                0x080002ba                VectorC4
                0x080002ba                Vector180
                0x080002ba                Vector90
                0x080002ba                Vector114
                0x080002ba                Vector164
                0x080002ba                Vector1BC
                0x080002ba                Vector1D4
                0x080002ba                Vector17C
                0x080002ba                Vector48
                0x080002ba                Vector1A8
                0x080002ba                Vector16C
                0x080002ba                VectorD4
                0x080002ba                Vector4C
                0x080002ba                Vector144
                0x080002ba                Vector15C
                0x080002ba                Vector18C
                0x080002ba                Vector170
                0x080002ba                Vector88
                0x080002ba                Vector104
                0x080002ba                Vector184
                0x080002ba                Vector10C
                0x080002ba                Vector14C
                0x080002ba                BusFault_Handler
                0x080002ba                Vector50
                0x080002ba                Vector194
                0x080002ba                Vector1DC
                0x080002ba                Vector154
                0x080002ba                Vector44
                0x080002ba                Vector28
                0x080002ba                VectorFC
                0x080002ba                Vector34
                0x080002ba                VectorA4
                0x080002ba                Vector20
                0x080002ba                Vector174
                0x080002be                _unhandled_exception
 .text          0x080002c0       0x5e ./build/obj/chcoreasm.o
                0x080002c0                SVC_Handler
                0x080002de                PendSV_Handler
                0x0800030c                __port_thread_start
 *fill*         0x0800031e        0x2 
 .text          0x08000320      0x134 c:/chibistudio/tools/gnu tools arm embedded/10.3 2021.10/bin/../lib/gcc/arm-none-eabi/10.3.1/../../../../arm-none-eabi/lib/thumb/v7e-m/nofp\libg.a(lib_a-memcpy.o)
                0x08000320                memcpy
 .text          0x08000454      0x21c c:/chibistudio/tools/gnu tools arm embedded/10.3 2021.10/bin/../lib/gcc/arm-none-eabi/10.3.1/thumb/v7e-m/nofp\libgcc.a(_arm_addsubsf3.o)
                0x08000454                __aeabi_frsub
                0x0800045c                __subsf3
                0x0800045c                __aeabi_fsub
                0x08000460                __aeabi_fadd
                0x08000460                __addsf3
                0x080005c0                __aeabi_ui2f
                0x080005c0                __floatunsisf
                0x080005c8                __aeabi_i2f
                0x080005c8                __floatsisf
                0x080005e4                __aeabi_ul2f
                0x080005e4                __floatundisf
                0x080005f4                __aeabi_l2f
                0x080005f4                __floatdisf
 .text          0x08000670      0x2a0 c:/chibistudio/tools/gnu tools arm embedded/10.3 2021.10/bin/../lib/gcc/arm-none-eabi/10.3.1/thumb/v7e-m/nofp\libgcc.a(_arm_muldivsf3.o)
                0x08000670                __mulsf3
                0x08000670                __aeabi_fmul
                0x080007d8                __aeabi_fdiv
                0x080007d8                __divsf3
 .text          0x08000910       0x4c c:/chibistudio/tools/gnu tools arm embedded/10.3 2021.10/bin/../lib/gcc/arm-none-eabi/10.3.1/thumb/v7e-m/nofp\libgcc.a(_arm_fixsfsi.o)
                0x08000910                __aeabi_f2iz
                0x08000910                __fixsfsi
 .text          0x0800095c       0x40 c:/chibistudio/tools/gnu tools arm embedded/10.3 2021.10/bin/../lib/gcc/arm-none-eabi/10.3.1/thumb/v7e-m/nofp\libgcc.a(_arm_fixunssfsi.o)
                0x0800095c                __fixunssfsi
                0x0800095c                __aeabi_f2uiz
 .text          0x0800099c       0x30 c:/chibistudio/tools/gnu tools arm embedded/10.3 2021.10/bin/../lib/gcc/arm-none-eabi/10.3.1/thumb/v7e-m/nofp\libgcc.a(_aeabi_uldivmod.o)
                0x0800099c                __aeabi_uldivmod
 .text          0x080009cc      0x2d0 c:/chibistudio/tools/gnu tools arm embedded/10.3 2021.10/bin/../lib/gcc/arm-none-eabi/10.3.1/thumb/v7e-m/nofp\libgcc.a(_udivmoddi4.o)
                0x080009cc                __udivmoddi4
 .text          0x08000c9c        0x4 c:/chibistudio/tools/gnu tools arm embedded/10.3 2021.10/bin/../lib/gcc/arm-none-eabi/10.3.1/thumb/v7e-m/nofp\libgcc.a(_dvmd_tls.o)
                0x08000c9c                __aeabi_idiv0
                0x08000c9c                __aeabi_ldiv0
 *(.text.*)
 .text.__cpu_init
                0x08000ca0        0x4 C:\Users\nello\AppData\Local\Temp\GestureLogicv3.elf.USO2WS.ltrans0.ltrans.o
                0x08000ca0                __cpu_init
 *fill*         0x08000ca4        0xc 
 .text.__late_init
                0x08000cb0        0x4 C:\Users\nello\AppData\Local\Temp\GestureLogicv3.elf.USO2WS.ltrans0.ltrans.o
                0x08000cb0                __late_init
 *fill*         0x08000cb4        0xc 
 .text.__default_exit
                0x08000cc0        0x4 C:\Users\nello\AppData\Local\Temp\GestureLogicv3.elf.USO2WS.ltrans0.ltrans.o
                0x08000cc0                __default_exit
 *fill*         0x08000cc4        0xc 
 .text.__init_ram_areas
                0x08000cd0       0x68 C:\Users\nello\AppData\Local\Temp\GestureLogicv3.elf.USO2WS.ltrans0.ltrans.o
                0x08000cd0                __init_ram_areas
 *fill*         0x08000d38        0x8 
 .text.osalInit
                0x08000d40        0x4 C:\Users\nello\AppData\Local\Temp\GestureLogicv3.elf.USO2WS.ltrans0.ltrans.o
 *fill*         0x08000d44        0xc 
 .text.halInit  0x08000d50       0x2c C:\Users\nello\AppData\Local\Temp\GestureLogicv3.elf.USO2WS.ltrans0.ltrans.o
 *fill*         0x08000d7c        0x4 
 .text.st_lld_get_counter
                0x08000d80        0xc C:\Users\nello\AppData\Local\Temp\GestureLogicv3.elf.USO2WS.ltrans0.ltrans.o
 *fill*         0x08000d8c        0x4 
 .text.st_lld_start_alarm
                0x08000d90       0x24 C:\Users\nello\AppData\Local\Temp\GestureLogicv3.elf.USO2WS.ltrans0.ltrans.o
 *fill*         0x08000db4        0xc 
 .text.st_lld_stop_alarm
                0x08000dc0        0xc C:\Users\nello\AppData\Local\Temp\GestureLogicv3.elf.USO2WS.ltrans0.ltrans.o
 *fill*         0x08000dcc        0x4 
 .text.st_lld_set_alarm
                0x08000dd0       0x14 C:\Users\nello\AppData\Local\Temp\GestureLogicv3.elf.USO2WS.ltrans0.ltrans.o
 *fill*         0x08000de4        0xc 
 .text.stInit   0x08000df0        0xc C:\Users\nello\AppData\Local\Temp\GestureLogicv3.elf.USO2WS.ltrans0.ltrans.o
 *fill*         0x08000dfc        0x4 
 .text.stGetCounter
                0x08000e00        0xc C:\Users\nello\AppData\Local\Temp\GestureLogicv3.elf.USO2WS.ltrans0.ltrans.o
 *fill*         0x08000e0c        0x4 
 .text.stStartAlarm
                0x08000e10       0x14 C:\Users\nello\AppData\Local\Temp\GestureLogicv3.elf.USO2WS.ltrans0.ltrans.o
 *fill*         0x08000e24        0xc 
 .text.stStopAlarm
                0x08000e30        0xc C:\Users\nello\AppData\Local\Temp\GestureLogicv3.elf.USO2WS.ltrans0.ltrans.o
 *fill*         0x08000e3c        0x4 
 .text.stSetAlarm
                0x08000e40       0x14 C:\Users\nello\AppData\Local\Temp\GestureLogicv3.elf.USO2WS.ltrans0.ltrans.o
 *fill*         0x08000e54        0xc 
 .text.ch_queue_init.lto_priv.1
                0x08000e60       0x18 C:\Users\nello\AppData\Local\Temp\GestureLogicv3.elf.USO2WS.ltrans0.ltrans.o
 *fill*         0x08000e78        0x8 
 .text.chSysLock.lto_priv.1
                0x08000e80       0x18 C:\Users\nello\AppData\Local\Temp\GestureLogicv3.elf.USO2WS.ltrans0.ltrans.o
 *fill*         0x08000e98        0x8 
 .text.chSysUnlock.lto_priv.1
                0x08000ea0       0x18 C:\Users\nello\AppData\Local\Temp\GestureLogicv3.elf.USO2WS.ltrans0.ltrans.o
 *fill*         0x08000eb8        0x8 
 .text.chThdQueueObjectInit.lto_priv.1
                0x08000ec0       0x18 C:\Users\nello\AppData\Local\Temp\GestureLogicv3.elf.USO2WS.ltrans0.ltrans.o
 *fill*         0x08000ed8        0x8 
 .text.osalSysLock.lto_priv.1
                0x08000ee0        0xc C:\Users\nello\AppData\Local\Temp\GestureLogicv3.elf.USO2WS.ltrans0.ltrans.o
 *fill*         0x08000eec        0x4 
 .text.osalSysUnlock.lto_priv.1
                0x08000ef0        0xc C:\Users\nello\AppData\Local\Temp\GestureLogicv3.elf.USO2WS.ltrans0.ltrans.o
 *fill*         0x08000efc        0x4 
 .text.osalThreadQueueObjectInit.lto_priv.1
                0x08000f00       0x14 C:\Users\nello\AppData\Local\Temp\GestureLogicv3.elf.USO2WS.ltrans0.ltrans.o
 *fill*         0x08000f14        0xc 
 .text.osalThreadEnqueueTimeoutS.lto_priv.1
                0x08000f20       0x1c C:\Users\nello\AppData\Local\Temp\GestureLogicv3.elf.USO2WS.ltrans0.ltrans.o
 *fill*         0x08000f3c        0x4 
 .text.osalThreadDequeueNextI.lto_priv.1
                0x08000f40       0x18 C:\Users\nello\AppData\Local\Temp\GestureLogicv3.elf.USO2WS.ltrans0.ltrans.o
 *fill*         0x08000f58        0x8 
 .text.iq_read  0x08000f60       0xb8 C:\Users\nello\AppData\Local\Temp\GestureLogicv3.elf.USO2WS.ltrans0.ltrans.o
 *fill*         0x08001018        0x8 
 .text.oq_write
                0x08001020       0xb8 C:\Users\nello\AppData\Local\Temp\GestureLogicv3.elf.USO2WS.ltrans0.ltrans.o
 *fill*         0x080010d8        0x8 
 .text.iqObjectInit
                0x080010e0       0x4c C:\Users\nello\AppData\Local\Temp\GestureLogicv3.elf.USO2WS.ltrans0.ltrans.o
 *fill*         0x0800112c        0x4 
 .text.iqPutI   0x08001130       0x80 C:\Users\nello\AppData\Local\Temp\GestureLogicv3.elf.USO2WS.ltrans0.ltrans.o
 .text.iqGetTimeout
                0x080011b0       0x80 C:\Users\nello\AppData\Local\Temp\GestureLogicv3.elf.USO2WS.ltrans0.ltrans.o
 .text.iqReadTimeout
                0x08001230       0x80 C:\Users\nello\AppData\Local\Temp\GestureLogicv3.elf.USO2WS.ltrans0.ltrans.o
 .text.oqObjectInit
                0x080012b0       0x4c C:\Users\nello\AppData\Local\Temp\GestureLogicv3.elf.USO2WS.ltrans0.ltrans.o
 *fill*         0x080012fc        0x4 
 .text.oqPutTimeout
                0x08001300       0x84 C:\Users\nello\AppData\Local\Temp\GestureLogicv3.elf.USO2WS.ltrans0.ltrans.o
 *fill*         0x08001384        0xc 
 .text.oqGetI   0x08001390       0x7c C:\Users\nello\AppData\Local\Temp\GestureLogicv3.elf.USO2WS.ltrans0.ltrans.o
 *fill*         0x0800140c        0x4 
 .text.oqWriteTimeout
                0x08001410       0x80 C:\Users\nello\AppData\Local\Temp\GestureLogicv3.elf.USO2WS.ltrans0.ltrans.o
 .text.chSysLock.lto_priv.2
                0x08001490       0x18 C:\Users\nello\AppData\Local\Temp\GestureLogicv3.elf.USO2WS.ltrans0.ltrans.o
 *fill*         0x080014a8        0x8 
 .text.chSysUnlock.lto_priv.2
                0x080014b0       0x18 C:\Users\nello\AppData\Local\Temp\GestureLogicv3.elf.USO2WS.ltrans0.ltrans.o
 *fill*         0x080014c8        0x8 
 .text.osalSysLock.lto_priv.2
                0x080014d0        0xc C:\Users\nello\AppData\Local\Temp\GestureLogicv3.elf.USO2WS.ltrans0.ltrans.o
 *fill*         0x080014dc        0x4 
 .text.osalSysUnlock.lto_priv.2
                0x080014e0        0xc C:\Users\nello\AppData\Local\Temp\GestureLogicv3.elf.USO2WS.ltrans0.ltrans.o
 *fill*         0x080014ec        0x4 
 .text.osalMutexObjectInit
                0x080014f0       0x14 C:\Users\nello\AppData\Local\Temp\GestureLogicv3.elf.USO2WS.ltrans0.ltrans.o
 *fill*         0x08001504        0xc 
 .text.i2cInit  0x08001510        0xc C:\Users\nello\AppData\Local\Temp\GestureLogicv3.elf.USO2WS.ltrans0.ltrans.o
 *fill*         0x0800151c        0x4 
 .text.i2cObjectInit
                0x08001520       0x24 C:\Users\nello\AppData\Local\Temp\GestureLogicv3.elf.USO2WS.ltrans0.ltrans.o
 *fill*         0x08001544        0xc 
 .text.i2cStart
                0x08001550       0x40 C:\Users\nello\AppData\Local\Temp\GestureLogicv3.elf.USO2WS.ltrans0.ltrans.o
 .text.i2cMasterTransmitTimeout
                0x08001590       0x60 C:\Users\nello\AppData\Local\Temp\GestureLogicv3.elf.USO2WS.ltrans0.ltrans.o
 .text.chSysLock.lto_priv.4
                0x080015f0       0x18 C:\Users\nello\AppData\Local\Temp\GestureLogicv3.elf.USO2WS.ltrans0.ltrans.o
 *fill*         0x08001608        0x8 
 .text.chSysUnlock.lto_priv.4
                0x08001610       0x18 C:\Users\nello\AppData\Local\Temp\GestureLogicv3.elf.USO2WS.ltrans0.ltrans.o
 *fill*         0x08001628        0x8 
 .text.osalSysLock.lto_priv.4
                0x08001630        0xc C:\Users\nello\AppData\Local\Temp\GestureLogicv3.elf.USO2WS.ltrans0.ltrans.o
 *fill*         0x0800163c        0x4 
 .text.osalSysUnlock.lto_priv.4
                0x08001640        0xc C:\Users\nello\AppData\Local\Temp\GestureLogicv3.elf.USO2WS.ltrans0.ltrans.o
 *fill*         0x0800164c        0x4 
 .text.pwmInit  0x08001650        0xc C:\Users\nello\AppData\Local\Temp\GestureLogicv3.elf.USO2WS.ltrans0.ltrans.o
 *fill*         0x0800165c        0x4 
 .text.pwmObjectInit
                0x08001660       0x24 C:\Users\nello\AppData\Local\Temp\GestureLogicv3.elf.USO2WS.ltrans0.ltrans.o
 *fill*         0x08001684        0xc 
 .text.pwmStart
                0x08001690       0x4c C:\Users\nello\AppData\Local\Temp\GestureLogicv3.elf.USO2WS.ltrans0.ltrans.o
 *fill*         0x080016dc        0x4 
 .text.pwmChangePeriod
                0x080016e0       0x28 C:\Users\nello\AppData\Local\Temp\GestureLogicv3.elf.USO2WS.ltrans0.ltrans.o
 *fill*         0x08001708        0x8 
 .text.pwmEnableChannel
                0x08001710       0x40 C:\Users\nello\AppData\Local\Temp\GestureLogicv3.elf.USO2WS.ltrans0.ltrans.o
 .text.pwmDisableChannel
                0x08001750       0x40 C:\Users\nello\AppData\Local\Temp\GestureLogicv3.elf.USO2WS.ltrans0.ltrans.o
 .text.chSysLock.lto_priv.5
                0x08001790       0x18 C:\Users\nello\AppData\Local\Temp\GestureLogicv3.elf.USO2WS.ltrans0.ltrans.o
 *fill*         0x080017a8        0x8 
 .text.chSysUnlock.lto_priv.5
                0x080017b0       0x18 C:\Users\nello\AppData\Local\Temp\GestureLogicv3.elf.USO2WS.ltrans0.ltrans.o
 *fill*         0x080017c8        0x8 
 .text.chEvtObjectInit
                0x080017d0       0x10 C:\Users\nello\AppData\Local\Temp\GestureLogicv3.elf.USO2WS.ltrans0.ltrans.o
 .text.osalSysLock.lto_priv.5
                0x080017e0        0xc C:\Users\nello\AppData\Local\Temp\GestureLogicv3.elf.USO2WS.ltrans0.ltrans.o
 *fill*         0x080017ec        0x4 
 .text.osalSysUnlock.lto_priv.5
                0x080017f0        0xc C:\Users\nello\AppData\Local\Temp\GestureLogicv3.elf.USO2WS.ltrans0.ltrans.o
 *fill*         0x080017fc        0x4 
 .text.osalEventObjectInit
                0x08001800       0x14 C:\Users\nello\AppData\Local\Temp\GestureLogicv3.elf.USO2WS.ltrans0.ltrans.o
 *fill*         0x08001814        0xc 
 .text.osalEventBroadcastFlagsI.lto_priv.1
                0x08001820       0x18 C:\Users\nello\AppData\Local\Temp\GestureLogicv3.elf.USO2WS.ltrans0.ltrans.o
 *fill*         0x08001838        0x8 
 .text._write   0x08001840       0x28 C:\Users\nello\AppData\Local\Temp\GestureLogicv3.elf.USO2WS.ltrans0.ltrans.o
 *fill*         0x08001868        0x8 
 .text._read    0x08001870       0x28 C:\Users\nello\AppData\Local\Temp\GestureLogicv3.elf.USO2WS.ltrans0.ltrans.o
 *fill*         0x08001898        0x8 
 .text._put.lto_priv.0
                0x080018a0       0x28 C:\Users\nello\AppData\Local\Temp\GestureLogicv3.elf.USO2WS.ltrans0.ltrans.o
 *fill*         0x080018c8        0x8 
 .text._get.lto_priv.0
                0x080018d0       0x20 C:\Users\nello\AppData\Local\Temp\GestureLogicv3.elf.USO2WS.ltrans0.ltrans.o
 .text._putt    0x080018f0       0x28 C:\Users\nello\AppData\Local\Temp\GestureLogicv3.elf.USO2WS.ltrans0.ltrans.o
 *fill*         0x08001918        0x8 
 .text._gett    0x08001920       0x20 C:\Users\nello\AppData\Local\Temp\GestureLogicv3.elf.USO2WS.ltrans0.ltrans.o
 .text._writet  0x08001940       0x28 C:\Users\nello\AppData\Local\Temp\GestureLogicv3.elf.USO2WS.ltrans0.ltrans.o
 *fill*         0x08001968        0x8 
 .text._readt   0x08001970       0x28 C:\Users\nello\AppData\Local\Temp\GestureLogicv3.elf.USO2WS.ltrans0.ltrans.o
 *fill*         0x08001998        0x8 
 .text._ctl     0x080019a0       0x30 C:\Users\nello\AppData\Local\Temp\GestureLogicv3.elf.USO2WS.ltrans0.ltrans.o
 .text.sdInit   0x080019d0        0xc C:\Users\nello\AppData\Local\Temp\GestureLogicv3.elf.USO2WS.ltrans0.ltrans.o
 *fill*         0x080019dc        0x4 
 .text.sdObjectInit
                0x080019e0       0x28 C:\Users\nello\AppData\Local\Temp\GestureLogicv3.elf.USO2WS.ltrans0.ltrans.o
 *fill*         0x08001a08        0x8 
 .text.sdStart  0x08001a10       0x3c C:\Users\nello\AppData\Local\Temp\GestureLogicv3.elf.USO2WS.ltrans0.ltrans.o
 *fill*         0x08001a4c        0x4 
 .text.sdIncomingDataI
                0x08001a50       0x4c C:\Users\nello\AppData\Local\Temp\GestureLogicv3.elf.USO2WS.ltrans0.ltrans.o
 *fill*         0x08001a9c        0x4 
 .text.chSysLock.lto_priv.6
                0x08001aa0       0x18 C:\Users\nello\AppData\Local\Temp\GestureLogicv3.elf.USO2WS.ltrans0.ltrans.o
 *fill*         0x08001ab8        0x8 
 .text.chSysUnlock.lto_priv.6
                0x08001ac0       0x18 C:\Users\nello\AppData\Local\Temp\GestureLogicv3.elf.USO2WS.ltrans0.ltrans.o
 *fill*         0x08001ad8        0x8 
 .text.osalSysLock.lto_priv.6
                0x08001ae0        0xc C:\Users\nello\AppData\Local\Temp\GestureLogicv3.elf.USO2WS.ltrans0.ltrans.o
 *fill*         0x08001aec        0x4 
 .text.osalSysUnlock.lto_priv.6
                0x08001af0        0xc C:\Users\nello\AppData\Local\Temp\GestureLogicv3.elf.USO2WS.ltrans0.ltrans.o
 *fill*         0x08001afc        0x4 
 .text.osalThreadSuspendTimeoutS.lto_priv.0
                0x08001b00       0x1c C:\Users\nello\AppData\Local\Temp\GestureLogicv3.elf.USO2WS.ltrans0.ltrans.o
 *fill*         0x08001b1c        0x4 
 .text.sync_write
                0x08001b20       0x60 C:\Users\nello\AppData\Local\Temp\GestureLogicv3.elf.USO2WS.ltrans0.ltrans.o
 .text.sync_read
                0x08001b80       0x60 C:\Users\nello\AppData\Local\Temp\GestureLogicv3.elf.USO2WS.ltrans0.ltrans.o
 .text.__write  0x08001be0       0x24 C:\Users\nello\AppData\Local\Temp\GestureLogicv3.elf.USO2WS.ltrans0.ltrans.o
 *fill*         0x08001c04        0xc 
 .text.__read   0x08001c10       0x24 C:\Users\nello\AppData\Local\Temp\GestureLogicv3.elf.USO2WS.ltrans0.ltrans.o
 *fill*         0x08001c34        0xc 
 .text.__put    0x08001c40       0x3c C:\Users\nello\AppData\Local\Temp\GestureLogicv3.elf.USO2WS.ltrans0.ltrans.o
 *fill*         0x08001c7c        0x4 
 .text.__get    0x08001c80       0x30 C:\Users\nello\AppData\Local\Temp\GestureLogicv3.elf.USO2WS.ltrans0.ltrans.o
 .text.__putt   0x08001cb0       0x3c C:\Users\nello\AppData\Local\Temp\GestureLogicv3.elf.USO2WS.ltrans0.ltrans.o
 *fill*         0x08001cec        0x4 
 .text.__gett   0x08001cf0       0x30 C:\Users\nello\AppData\Local\Temp\GestureLogicv3.elf.USO2WS.ltrans0.ltrans.o
 .text.__writet
                0x08001d20       0x24 C:\Users\nello\AppData\Local\Temp\GestureLogicv3.elf.USO2WS.ltrans0.ltrans.o
 *fill*         0x08001d44        0xc 
 .text.__readt  0x08001d50       0x24 C:\Users\nello\AppData\Local\Temp\GestureLogicv3.elf.USO2WS.ltrans0.ltrans.o
 *fill*         0x08001d74        0xc 
 .text.__ctl    0x08001d80       0x3c C:\Users\nello\AppData\Local\Temp\GestureLogicv3.elf.USO2WS.ltrans0.ltrans.o
 *fill*         0x08001dbc        0x4 
 .text.sioInit  0x08001dc0        0xc C:\Users\nello\AppData\Local\Temp\GestureLogicv3.elf.USO2WS.ltrans0.ltrans.o
 *fill*         0x08001dcc        0x4 
 .text.sioObjectInit
                0x08001dd0       0x4c C:\Users\nello\AppData\Local\Temp\GestureLogicv3.elf.USO2WS.ltrans0.ltrans.o
 *fill*         0x08001e1c        0x4 
 .text.sioAsyncRead
                0x08001e20       0x28 C:\Users\nello\AppData\Local\Temp\GestureLogicv3.elf.USO2WS.ltrans0.ltrans.o
 *fill*         0x08001e48        0x8 
 .text.sioAsyncWrite
                0x08001e50       0x28 C:\Users\nello\AppData\Local\Temp\GestureLogicv3.elf.USO2WS.ltrans0.ltrans.o
 *fill*         0x08001e78        0x8 
 .text.sioSynchronizeRX
                0x08001e80       0x60 C:\Users\nello\AppData\Local\Temp\GestureLogicv3.elf.USO2WS.ltrans0.ltrans.o
 .text.sioSynchronizeTX
                0x08001ee0       0x48 C:\Users\nello\AppData\Local\Temp\GestureLogicv3.elf.USO2WS.ltrans0.ltrans.o
 *fill*         0x08001f28        0x8 
 .text.nvicInit
                0x08001f30       0x48 C:\Users\nello\AppData\Local\Temp\GestureLogicv3.elf.USO2WS.ltrans0.ltrans.o
 *fill*         0x08001f78        0x8 
 .text.nvicEnableVector
                0x08001f80       0x54 C:\Users\nello\AppData\Local\Temp\GestureLogicv3.elf.USO2WS.ltrans0.ltrans.o
 *fill*         0x08001fd4        0xc 
 .text.chSysLockFromISR.lto_priv.0
                0x08001fe0       0x18 C:\Users\nello\AppData\Local\Temp\GestureLogicv3.elf.USO2WS.ltrans0.ltrans.o
 *fill*         0x08001ff8        0x8 
 .text.chSysUnlockFromISR.lto_priv.0
                0x08002000       0x18 C:\Users\nello\AppData\Local\Temp\GestureLogicv3.elf.USO2WS.ltrans0.ltrans.o
 *fill*         0x08002018        0x8 
 .text.osalSysLockFromISR.lto_priv.0
                0x08002020        0xc C:\Users\nello\AppData\Local\Temp\GestureLogicv3.elf.USO2WS.ltrans0.ltrans.o
 *fill*         0x0800202c        0x4 
 .text.osalSysUnlockFromISR.lto_priv.0
                0x08002030        0xc C:\Users\nello\AppData\Local\Temp\GestureLogicv3.elf.USO2WS.ltrans0.ltrans.o
 *fill*         0x0800203c        0x4 
 .text.osalThreadDequeueAllI.lto_priv.2
                0x08002040       0x18 C:\Users\nello\AppData\Local\Temp\GestureLogicv3.elf.USO2WS.ltrans0.ltrans.o
 *fill*         0x08002058        0x8 
 .text.exti0_irq_init
                0x08002060       0x10 C:\Users\nello\AppData\Local\Temp\GestureLogicv3.elf.USO2WS.ltrans0.ltrans.o
 .text.Vector58
                0x08002070       0x64 C:\Users\nello\AppData\Local\Temp\GestureLogicv3.elf.USO2WS.ltrans0.ltrans.o
                0x08002070                Vector58
 *fill*         0x080020d4        0xc 
 .text.exti1_irq_init
                0x080020e0       0x10 C:\Users\nello\AppData\Local\Temp\GestureLogicv3.elf.USO2WS.ltrans0.ltrans.o
 .text.Vector5C
                0x080020f0       0x68 C:\Users\nello\AppData\Local\Temp\GestureLogicv3.elf.USO2WS.ltrans0.ltrans.o
                0x080020f0                Vector5C
 *fill*         0x08002158        0x8 
 .text.exti2_irq_init
                0x08002160       0x10 C:\Users\nello\AppData\Local\Temp\GestureLogicv3.elf.USO2WS.ltrans0.ltrans.o
 .text.Vector60
                0x08002170       0x68 C:\Users\nello\AppData\Local\Temp\GestureLogicv3.elf.USO2WS.ltrans0.ltrans.o
                0x08002170                Vector60
 *fill*         0x080021d8        0x8 
 .text.exti3_irq_init
                0x080021e0       0x10 C:\Users\nello\AppData\Local\Temp\GestureLogicv3.elf.USO2WS.ltrans0.ltrans.o
 .text.Vector64
                0x080021f0       0x68 C:\Users\nello\AppData\Local\Temp\GestureLogicv3.elf.USO2WS.ltrans0.ltrans.o
                0x080021f0                Vector64
 *fill*         0x08002258        0x8 
 .text.exti4_irq_init
                0x08002260       0x10 C:\Users\nello\AppData\Local\Temp\GestureLogicv3.elf.USO2WS.ltrans0.ltrans.o
 .text.Vector68
                0x08002270       0x68 C:\Users\nello\AppData\Local\Temp\GestureLogicv3.elf.USO2WS.ltrans0.ltrans.o
                0x08002270                Vector68
 *fill*         0x080022d8        0x8 
 .text.exti5_9_irq_init
                0x080022e0       0x10 C:\Users\nello\AppData\Local\Temp\GestureLogicv3.elf.USO2WS.ltrans0.ltrans.o
 .text.Vector9C
                0x080022f0      0x13c C:\Users\nello\AppData\Local\Temp\GestureLogicv3.elf.USO2WS.ltrans0.ltrans.o
                0x080022f0                Vector9C
 *fill*         0x0800242c        0x4 
 .text.exti10_15_irq_init
                0x08002430       0x10 C:\Users\nello\AppData\Local\Temp\GestureLogicv3.elf.USO2WS.ltrans0.ltrans.o
 .text.VectorE0
                0x08002440      0x184 C:\Users\nello\AppData\Local\Temp\GestureLogicv3.elf.USO2WS.ltrans0.ltrans.o
                0x08002440                VectorE0
 *fill*         0x080025c4        0xc 
 .text.exti16_exti40_exti41_irq_init
                0x080025d0        0x4 C:\Users\nello\AppData\Local\Temp\GestureLogicv3.elf.USO2WS.ltrans0.ltrans.o
 *fill*         0x080025d4        0xc 
 .text.exti17_irq_init
                0x080025e0        0x4 C:\Users\nello\AppData\Local\Temp\GestureLogicv3.elf.USO2WS.ltrans0.ltrans.o
 *fill*         0x080025e4        0xc 
 .text.exti18_irq_init
                0x080025f0        0x4 C:\Users\nello\AppData\Local\Temp\GestureLogicv3.elf.USO2WS.ltrans0.ltrans.o
 *fill*         0x080025f4        0xc 
 .text.exti19_irq_init
                0x08002600        0x4 C:\Users\nello\AppData\Local\Temp\GestureLogicv3.elf.USO2WS.ltrans0.ltrans.o
 *fill*         0x08002604        0xc 
 .text.exti21_exti22_exti29_irq_init
                0x08002610        0x4 C:\Users\nello\AppData\Local\Temp\GestureLogicv3.elf.USO2WS.ltrans0.ltrans.o
 *fill*         0x08002614        0xc 
 .text.exti30_32_irq_init
                0x08002620        0x4 C:\Users\nello\AppData\Local\Temp\GestureLogicv3.elf.USO2WS.ltrans0.ltrans.o
 *fill*         0x08002624        0xc 
 .text.exti33_irq_init
                0x08002630        0x4 C:\Users\nello\AppData\Local\Temp\GestureLogicv3.elf.USO2WS.ltrans0.ltrans.o
 *fill*         0x08002634        0xc 
 .text.fdcan1_irq_init
                0x08002640        0x4 C:\Users\nello\AppData\Local\Temp\GestureLogicv3.elf.USO2WS.ltrans0.ltrans.o
 *fill*         0x08002644        0xc 
 .text.fdcan2_irq_init
                0x08002650        0x4 C:\Users\nello\AppData\Local\Temp\GestureLogicv3.elf.USO2WS.ltrans0.ltrans.o
 *fill*         0x08002654        0xc 
 .text.fdcan3_irq_init
                0x08002660        0x4 C:\Users\nello\AppData\Local\Temp\GestureLogicv3.elf.USO2WS.ltrans0.ltrans.o
 *fill*         0x08002664        0xc 
 .text.usart1_irq_init
                0x08002670        0x4 C:\Users\nello\AppData\Local\Temp\GestureLogicv3.elf.USO2WS.ltrans0.ltrans.o
 *fill*         0x08002674        0xc 
 .text.usart2_irq_init
                0x08002680       0x10 C:\Users\nello\AppData\Local\Temp\GestureLogicv3.elf.USO2WS.ltrans0.ltrans.o
 .text.VectorD8
                0x08002690       0x1c C:\Users\nello\AppData\Local\Temp\GestureLogicv3.elf.USO2WS.ltrans0.ltrans.o
                0x08002690                VectorD8
 *fill*         0x080026ac        0x4 
 .text.usart3_irq_init
                0x080026b0        0x4 C:\Users\nello\AppData\Local\Temp\GestureLogicv3.elf.USO2WS.ltrans0.ltrans.o
 *fill*         0x080026b4        0xc 
 .text.uart4_irq_init
                0x080026c0        0x4 C:\Users\nello\AppData\Local\Temp\GestureLogicv3.elf.USO2WS.ltrans0.ltrans.o
 *fill*         0x080026c4        0xc 
 .text.uart5_irq_init
                0x080026d0        0x4 C:\Users\nello\AppData\Local\Temp\GestureLogicv3.elf.USO2WS.ltrans0.ltrans.o
 *fill*         0x080026d4        0xc 
 .text.lpuart1_irq_init
                0x080026e0       0x10 C:\Users\nello\AppData\Local\Temp\GestureLogicv3.elf.USO2WS.ltrans0.ltrans.o
 .text.Vector1AC
                0x080026f0       0x1c C:\Users\nello\AppData\Local\Temp\GestureLogicv3.elf.USO2WS.ltrans0.ltrans.o
                0x080026f0                Vector1AC
 *fill*         0x0800270c        0x4 
 .text.tim1_tim15_tim16_tim17_irq_init
                0x08002710        0x4 C:\Users\nello\AppData\Local\Temp\GestureLogicv3.elf.USO2WS.ltrans0.ltrans.o
 *fill*         0x08002714        0xc 
 .text.tim2_irq_init
                0x08002720       0x10 C:\Users\nello\AppData\Local\Temp\GestureLogicv3.elf.USO2WS.ltrans0.ltrans.o
 .text.VectorB0
                0x08002730       0x18 C:\Users\nello\AppData\Local\Temp\GestureLogicv3.elf.USO2WS.ltrans0.ltrans.o
                0x08002730                VectorB0
 *fill*         0x08002748        0x8 
 .text.tim3_irq_init
                0x08002750        0x4 C:\Users\nello\AppData\Local\Temp\GestureLogicv3.elf.USO2WS.ltrans0.ltrans.o
 *fill*         0x08002754        0xc 
 .text.tim4_irq_init
                0x08002760       0x10 C:\Users\nello\AppData\Local\Temp\GestureLogicv3.elf.USO2WS.ltrans0.ltrans.o
 .text.VectorB8
                0x08002770       0x1c C:\Users\nello\AppData\Local\Temp\GestureLogicv3.elf.USO2WS.ltrans0.ltrans.o
                0x08002770                VectorB8
 *fill*         0x0800278c        0x4 
 .text.tim5_irq_init
                0x08002790        0x4 C:\Users\nello\AppData\Local\Temp\GestureLogicv3.elf.USO2WS.ltrans0.ltrans.o
 *fill*         0x08002794        0xc 
 .text.tim6_irq_init
                0x080027a0        0x4 C:\Users\nello\AppData\Local\Temp\GestureLogicv3.elf.USO2WS.ltrans0.ltrans.o
 *fill*         0x080027a4        0xc 
 .text.tim7_irq_init
                0x080027b0        0x4 C:\Users\nello\AppData\Local\Temp\GestureLogicv3.elf.USO2WS.ltrans0.ltrans.o
 *fill*         0x080027b4        0xc 
 .text.tim8_irq_init
                0x080027c0        0x4 C:\Users\nello\AppData\Local\Temp\GestureLogicv3.elf.USO2WS.ltrans0.ltrans.o
 *fill*         0x080027c4        0xc 
 .text.tim20_irq_init
                0x080027d0        0x4 C:\Users\nello\AppData\Local\Temp\GestureLogicv3.elf.USO2WS.ltrans0.ltrans.o
 *fill*         0x080027d4        0xc 
 .text.irqInit  0x080027e0       0x88 C:\Users\nello\AppData\Local\Temp\GestureLogicv3.elf.USO2WS.ltrans0.ltrans.o
 *fill*         0x08002868        0x8 
 .text.osalSysHalt
                0x08002870       0x14 C:\Users\nello\AppData\Local\Temp\GestureLogicv3.elf.USO2WS.ltrans0.ltrans.o
 *fill*         0x08002884        0xc 
 .text.lse_init
                0x08002890       0x2c C:\Users\nello\AppData\Local\Temp\GestureLogicv3.elf.USO2WS.ltrans0.ltrans.o
 *fill*         0x080028bc        0x4 
 .text.lsi_init
                0x080028c0        0x4 C:\Users\nello\AppData\Local\Temp\GestureLogicv3.elf.USO2WS.ltrans0.ltrans.o
 *fill*         0x080028c4        0xc 
 .text.hsi16_enable
                0x080028d0       0x24 C:\Users\nello\AppData\Local\Temp\GestureLogicv3.elf.USO2WS.ltrans0.ltrans.o
 *fill*         0x080028f4        0xc 
 .text.hsi16_disable
                0x08002900       0x14 C:\Users\nello\AppData\Local\Temp\GestureLogicv3.elf.USO2WS.ltrans0.ltrans.o
 *fill*         0x08002914        0xc 
 .text.hsi16_reset
                0x08002920       0x24 C:\Users\nello\AppData\Local\Temp\GestureLogicv3.elf.USO2WS.ltrans0.ltrans.o
 *fill*         0x08002944        0xc 
 .text.hsi48_enable
                0x08002950       0x2c C:\Users\nello\AppData\Local\Temp\GestureLogicv3.elf.USO2WS.ltrans0.ltrans.o
 *fill*         0x0800297c        0x4 
 .text.hse_enable
                0x08002980       0x24 C:\Users\nello\AppData\Local\Temp\GestureLogicv3.elf.USO2WS.ltrans0.ltrans.o
 *fill*         0x080029a4        0xc 
 .text.pll_not_locked
                0x080029b0       0x1c C:\Users\nello\AppData\Local\Temp\GestureLogicv3.elf.USO2WS.ltrans0.ltrans.o
 *fill*         0x080029cc        0x4 
 .text.bd_init  0x080029d0       0x2c C:\Users\nello\AppData\Local\Temp\GestureLogicv3.elf.USO2WS.ltrans0.ltrans.o
 *fill*         0x080029fc        0x4 
 .text.bd_reset
                0x08002a00       0x2c C:\Users\nello\AppData\Local\Temp\GestureLogicv3.elf.USO2WS.ltrans0.ltrans.o
 *fill*         0x08002a2c        0x4 
 .text.flash_set_acr
                0x08002a30       0x28 C:\Users\nello\AppData\Local\Temp\GestureLogicv3.elf.USO2WS.ltrans0.ltrans.o
 *fill*         0x08002a58        0x8 
 .text.hal_lld_set_static_pwr
                0x08002a60       0x8c C:\Users\nello\AppData\Local\Temp\GestureLogicv3.elf.USO2WS.ltrans0.ltrans.o
 *fill*         0x08002aec        0x4 
 .text.hal_lld_set_static_clocks
                0x08002af0       0x24 C:\Users\nello\AppData\Local\Temp\GestureLogicv3.elf.USO2WS.ltrans0.ltrans.o
 *fill*         0x08002b14        0xc 
 .text.hal_lld_clock_raw_switch
                0x08002b20      0x15c C:\Users\nello\AppData\Local\Temp\GestureLogicv3.elf.USO2WS.ltrans0.ltrans.o
 *fill*         0x08002c7c        0x4 
 .text.hal_lld_init
                0x08002c80       0x14 C:\Users\nello\AppData\Local\Temp\GestureLogicv3.elf.USO2WS.ltrans0.ltrans.o
 *fill*         0x08002c94        0xc 
 .text.stm32_clock_init
                0x08002ca0      0x10c C:\Users\nello\AppData\Local\Temp\GestureLogicv3.elf.USO2WS.ltrans0.ltrans.o
 *fill*         0x08002dac        0x4 
 .text.hal_lld_get_clock_point
                0x08002db0       0x18 C:\Users\nello\AppData\Local\Temp\GestureLogicv3.elf.USO2WS.ltrans0.ltrans.o
 *fill*         0x08002dc8        0x8 
 .text.Vector6C
                0x08002dd0       0x1c C:\Users\nello\AppData\Local\Temp\GestureLogicv3.elf.USO2WS.ltrans0.ltrans.o
                0x08002dd0                Vector6C
 *fill*         0x08002dec        0x4 
 .text.Vector70
                0x08002df0       0x1c C:\Users\nello\AppData\Local\Temp\GestureLogicv3.elf.USO2WS.ltrans0.ltrans.o
                0x08002df0                Vector70
 *fill*         0x08002e0c        0x4 
 .text.Vector74
                0x08002e10       0x1c C:\Users\nello\AppData\Local\Temp\GestureLogicv3.elf.USO2WS.ltrans0.ltrans.o
                0x08002e10                Vector74
 *fill*         0x08002e2c        0x4 
 .text.Vector78
                0x08002e30       0x1c C:\Users\nello\AppData\Local\Temp\GestureLogicv3.elf.USO2WS.ltrans0.ltrans.o
                0x08002e30                Vector78
 *fill*         0x08002e4c        0x4 
 .text.Vector7C
                0x08002e50       0x1c C:\Users\nello\AppData\Local\Temp\GestureLogicv3.elf.USO2WS.ltrans0.ltrans.o
                0x08002e50                Vector7C
 *fill*         0x08002e6c        0x4 
 .text.Vector80
                0x08002e70       0x1c C:\Users\nello\AppData\Local\Temp\GestureLogicv3.elf.USO2WS.ltrans0.ltrans.o
                0x08002e70                Vector80
 *fill*         0x08002e8c        0x4 
 .text.Vector84
                0x08002e90       0x1c C:\Users\nello\AppData\Local\Temp\GestureLogicv3.elf.USO2WS.ltrans0.ltrans.o
                0x08002e90                Vector84
 *fill*         0x08002eac        0x4 
 .text.Vector1C0
                0x08002eb0       0x1c C:\Users\nello\AppData\Local\Temp\GestureLogicv3.elf.USO2WS.ltrans0.ltrans.o
                0x08002eb0                Vector1C0
 *fill*         0x08002ecc        0x4 
 .text.Vector120
                0x08002ed0       0x1c C:\Users\nello\AppData\Local\Temp\GestureLogicv3.elf.USO2WS.ltrans0.ltrans.o
                0x08002ed0                Vector120
 *fill*         0x08002eec        0x4 
 .text.Vector124
                0x08002ef0       0x1c C:\Users\nello\AppData\Local\Temp\GestureLogicv3.elf.USO2WS.ltrans0.ltrans.o
                0x08002ef0                Vector124
 *fill*         0x08002f0c        0x4 
 .text.Vector128
                0x08002f10       0x1c C:\Users\nello\AppData\Local\Temp\GestureLogicv3.elf.USO2WS.ltrans0.ltrans.o
                0x08002f10                Vector128
 *fill*         0x08002f2c        0x4 
 .text.Vector12C
                0x08002f30       0x1c C:\Users\nello\AppData\Local\Temp\GestureLogicv3.elf.USO2WS.ltrans0.ltrans.o
                0x08002f30                Vector12C
 *fill*         0x08002f4c        0x4 
 .text.Vector130
                0x08002f50       0x1c C:\Users\nello\AppData\Local\Temp\GestureLogicv3.elf.USO2WS.ltrans0.ltrans.o
                0x08002f50                Vector130
 *fill*         0x08002f6c        0x4 
 .text.Vector1C4
                0x08002f70       0x1c C:\Users\nello\AppData\Local\Temp\GestureLogicv3.elf.USO2WS.ltrans0.ltrans.o
                0x08002f70                Vector1C4
 *fill*         0x08002f8c        0x4 
 .text.Vector1C8
                0x08002f90       0x1c C:\Users\nello\AppData\Local\Temp\GestureLogicv3.elf.USO2WS.ltrans0.ltrans.o
                0x08002f90                Vector1C8
 *fill*         0x08002fac        0x4 
 .text.Vector1CC
                0x08002fb0       0x1c C:\Users\nello\AppData\Local\Temp\GestureLogicv3.elf.USO2WS.ltrans0.ltrans.o
                0x08002fb0                Vector1CC
 *fill*         0x08002fcc        0x4 
 .text.dmaInit  0x08002fd0       0x68 C:\Users\nello\AppData\Local\Temp\GestureLogicv3.elf.USO2WS.ltrans0.ltrans.o
 *fill*         0x08003038        0x8 
 .text.dmaStreamAllocI
                0x08003040      0x190 C:\Users\nello\AppData\Local\Temp\GestureLogicv3.elf.USO2WS.ltrans0.ltrans.o
 .text.dmaServeInterrupt
                0x080031d0       0x74 C:\Users\nello\AppData\Local\Temp\GestureLogicv3.elf.USO2WS.ltrans0.ltrans.o
 *fill*         0x08003244        0xc 
 .text.dmaSetRequestSource
                0x08003250       0x14 C:\Users\nello\AppData\Local\Temp\GestureLogicv3.elf.USO2WS.ltrans0.ltrans.o
 *fill*         0x08003264        0xc 
 .text.ch_queue_init.lto_priv.2
                0x08003270       0x18 C:\Users\nello\AppData\Local\Temp\GestureLogicv3.elf.USO2WS.ltrans0.ltrans.o
 *fill*         0x08003288        0x8 
 .text.chThdQueueObjectInit.lto_priv.2
                0x08003290       0x18 C:\Users\nello\AppData\Local\Temp\GestureLogicv3.elf.USO2WS.ltrans0.ltrans.o
 *fill*         0x080032a8        0x8 
 .text.osalThreadQueueObjectInit.lto_priv.2
                0x080032b0       0x14 C:\Users\nello\AppData\Local\Temp\GestureLogicv3.elf.USO2WS.ltrans0.ltrans.o
 *fill*         0x080032c4        0xc 
 .text._pal_lld_init
                0x080032d0       0x50 C:\Users\nello\AppData\Local\Temp\GestureLogicv3.elf.USO2WS.ltrans0.ltrans.o
 .text._pal_lld_setgroupmode
                0x08003320      0x16c C:\Users\nello\AppData\Local\Temp\GestureLogicv3.elf.USO2WS.ltrans0.ltrans.o
 *fill*         0x0800348c        0x4 
 .text.chTimeAddX.lto_priv.0
                0x08003490       0x14 C:\Users\nello\AppData\Local\Temp\GestureLogicv3.elf.USO2WS.ltrans0.ltrans.o
 *fill*         0x080034a4        0xc 
 .text.chTimeIsInRangeX.lto_priv.0
                0x080034b0       0x24 C:\Users\nello\AppData\Local\Temp\GestureLogicv3.elf.USO2WS.ltrans0.ltrans.o
 *fill*         0x080034d4        0xc 
 .text.port_timer_get_time.lto_priv.0
                0x080034e0        0xc C:\Users\nello\AppData\Local\Temp\GestureLogicv3.elf.USO2WS.ltrans0.ltrans.o
 *fill*         0x080034ec        0x4 
 .text.chSysLock.lto_priv.8
                0x080034f0       0x18 C:\Users\nello\AppData\Local\Temp\GestureLogicv3.elf.USO2WS.ltrans0.ltrans.o
 *fill*         0x08003508        0x8 
 .text.chSysUnlock.lto_priv.8
                0x08003510       0x18 C:\Users\nello\AppData\Local\Temp\GestureLogicv3.elf.USO2WS.ltrans0.ltrans.o
 *fill*         0x08003528        0x8 
 .text.chSysLockFromISR.lto_priv.1
                0x08003530       0x18 C:\Users\nello\AppData\Local\Temp\GestureLogicv3.elf.USO2WS.ltrans0.ltrans.o
 *fill*         0x08003548        0x8 
 .text.chSysUnlockFromISR.lto_priv.1
                0x08003550       0x18 C:\Users\nello\AppData\Local\Temp\GestureLogicv3.elf.USO2WS.ltrans0.ltrans.o
 *fill*         0x08003568        0x8 
 .text.chVTGetSystemTimeX.lto_priv.0
                0x08003570        0xc C:\Users\nello\AppData\Local\Temp\GestureLogicv3.elf.USO2WS.ltrans0.ltrans.o
 *fill*         0x0800357c        0x4 
 .text.osalSysLock.lto_priv.8
                0x08003580        0xc C:\Users\nello\AppData\Local\Temp\GestureLogicv3.elf.USO2WS.ltrans0.ltrans.o
 *fill*         0x0800358c        0x4 
 .text.osalSysUnlock.lto_priv.8
                0x08003590        0xc C:\Users\nello\AppData\Local\Temp\GestureLogicv3.elf.USO2WS.ltrans0.ltrans.o
 *fill*         0x0800359c        0x4 
 .text.osalSysLockFromISR.lto_priv.1
                0x080035a0        0xc C:\Users\nello\AppData\Local\Temp\GestureLogicv3.elf.USO2WS.ltrans0.ltrans.o
 *fill*         0x080035ac        0x4 
 .text.osalSysUnlockFromISR.lto_priv.1
                0x080035b0        0xc C:\Users\nello\AppData\Local\Temp\GestureLogicv3.elf.USO2WS.ltrans0.ltrans.o
 *fill*         0x080035bc        0x4 
 .text.osalOsGetSystemTimeX
                0x080035c0        0xc C:\Users\nello\AppData\Local\Temp\GestureLogicv3.elf.USO2WS.ltrans0.ltrans.o
 *fill*         0x080035cc        0x4 
 .text.osalTimeAddX
                0x080035d0       0x1c C:\Users\nello\AppData\Local\Temp\GestureLogicv3.elf.USO2WS.ltrans0.ltrans.o
 *fill*         0x080035ec        0x4 
 .text.osalTimeIsInRangeX
                0x080035f0       0x20 C:\Users\nello\AppData\Local\Temp\GestureLogicv3.elf.USO2WS.ltrans0.ltrans.o
 .text.osalThreadSuspendTimeoutS.lto_priv.1
                0x08003610       0x1c C:\Users\nello\AppData\Local\Temp\GestureLogicv3.elf.USO2WS.ltrans0.ltrans.o
 *fill*         0x0800362c        0x4 
 .text.osalThreadResumeI.lto_priv.1
                0x08003630       0x18 C:\Users\nello\AppData\Local\Temp\GestureLogicv3.elf.USO2WS.ltrans0.ltrans.o
 *fill*         0x08003648        0x8 
 .text.i2c_lld_set_address
                0x08003650       0x38 C:\Users\nello\AppData\Local\Temp\GestureLogicv3.elf.USO2WS.ltrans0.ltrans.o
 *fill*         0x08003688        0x8 
 .text.i2c_lld_setup_rx_transfer
                0x08003690       0x58 C:\Users\nello\AppData\Local\Temp\GestureLogicv3.elf.USO2WS.ltrans0.ltrans.o
 *fill*         0x080036e8        0x8 
 .text.i2c_lld_setup_tx_transfer
                0x080036f0       0x54 C:\Users\nello\AppData\Local\Temp\GestureLogicv3.elf.USO2WS.ltrans0.ltrans.o
 *fill*         0x08003744        0xc 
 .text.i2c_lld_serve_interrupt
                0x08003750      0x19c C:\Users\nello\AppData\Local\Temp\GestureLogicv3.elf.USO2WS.ltrans0.ltrans.o
 *fill*         0x080038ec        0x4 
 .text.i2c_lld_serve_error_interrupt
                0x080038f0       0xdc C:\Users\nello\AppData\Local\Temp\GestureLogicv3.elf.USO2WS.ltrans0.ltrans.o
 *fill*         0x080039cc        0x4 
 .text.VectorBC
                0x080039d0       0x38 C:\Users\nello\AppData\Local\Temp\GestureLogicv3.elf.USO2WS.ltrans0.ltrans.o
                0x080039d0                VectorBC
 *fill*         0x08003a08        0x8 
 .text.VectorC0
                0x08003a10       0x38 C:\Users\nello\AppData\Local\Temp\GestureLogicv3.elf.USO2WS.ltrans0.ltrans.o
                0x08003a10                VectorC0
 *fill*         0x08003a48        0x8 
 .text.i2c_lld_init
                0x08003a50       0x2c C:\Users\nello\AppData\Local\Temp\GestureLogicv3.elf.USO2WS.ltrans0.ltrans.o
 *fill*         0x08003a7c        0x4 
 .text.i2c_lld_start
                0x08003a80      0x124 C:\Users\nello\AppData\Local\Temp\GestureLogicv3.elf.USO2WS.ltrans0.ltrans.o
 *fill*         0x08003ba4        0xc 
 .text.i2c_lld_master_transmit_timeout
                0x08003bb0      0x16c C:\Users\nello\AppData\Local\Temp\GestureLogicv3.elf.USO2WS.ltrans0.ltrans.o
 *fill*         0x08003d1c        0x4 
 .text.chSysLockFromISR.lto_priv.2
                0x08003d20       0x18 C:\Users\nello\AppData\Local\Temp\GestureLogicv3.elf.USO2WS.ltrans0.ltrans.o
 *fill*         0x08003d38        0x8 
 .text.chSysUnlockFromISR.lto_priv.2
                0x08003d40       0x18 C:\Users\nello\AppData\Local\Temp\GestureLogicv3.elf.USO2WS.ltrans0.ltrans.o
 *fill*         0x08003d58        0x8 
 .text.osalSysLockFromISR.lto_priv.2
                0x08003d60        0xc C:\Users\nello\AppData\Local\Temp\GestureLogicv3.elf.USO2WS.ltrans0.ltrans.o
 *fill*         0x08003d6c        0x4 
 .text.osalSysUnlockFromISR.lto_priv.2
                0x08003d70        0xc C:\Users\nello\AppData\Local\Temp\GestureLogicv3.elf.USO2WS.ltrans0.ltrans.o
 *fill*         0x08003d7c        0x4 
 .text.osalOsTimerHandlerI
                0x08003d80        0xc C:\Users\nello\AppData\Local\Temp\GestureLogicv3.elf.USO2WS.ltrans0.ltrans.o
 *fill*         0x08003d8c        0x4 
 .text.st_lld_init
                0x08003d90       0x8c C:\Users\nello\AppData\Local\Temp\GestureLogicv3.elf.USO2WS.ltrans0.ltrans.o
 *fill*         0x08003e1c        0x4 
 .text.st_lld_serve_interrupt
                0x08003e20       0x44 C:\Users\nello\AppData\Local\Temp\GestureLogicv3.elf.USO2WS.ltrans0.ltrans.o
 *fill*         0x08003e64        0xc 
 .text.pwm_lld_init
                0x08003e70       0x28 C:\Users\nello\AppData\Local\Temp\GestureLogicv3.elf.USO2WS.ltrans0.ltrans.o
 *fill*         0x08003e98        0x8 
 .text.pwm_lld_start
                0x08003ea0      0x270 C:\Users\nello\AppData\Local\Temp\GestureLogicv3.elf.USO2WS.ltrans0.ltrans.o
 .text.pwm_lld_enable_channel
                0x08004110       0x40 C:\Users\nello\AppData\Local\Temp\GestureLogicv3.elf.USO2WS.ltrans0.ltrans.o
 .text.pwm_lld_disable_channel
                0x08004150       0x5c C:\Users\nello\AppData\Local\Temp\GestureLogicv3.elf.USO2WS.ltrans0.ltrans.o
 *fill*         0x080041ac        0x4 
 .text.pwm_lld_serve_interrupt
                0x080041b0       0xc4 C:\Users\nello\AppData\Local\Temp\GestureLogicv3.elf.USO2WS.ltrans0.ltrans.o
 *fill*         0x08004274        0xc 
 .text.chSysLockFromISR.lto_priv.3
                0x08004280       0x18 C:\Users\nello\AppData\Local\Temp\GestureLogicv3.elf.USO2WS.ltrans0.ltrans.o
 *fill*         0x08004298        0x8 
 .text.chSysUnlockFromISR.lto_priv.3
                0x080042a0       0x18 C:\Users\nello\AppData\Local\Temp\GestureLogicv3.elf.USO2WS.ltrans0.ltrans.o
 *fill*         0x080042b8        0x8 
 .text.osalSysLockFromISR.lto_priv.3
                0x080042c0        0xc C:\Users\nello\AppData\Local\Temp\GestureLogicv3.elf.USO2WS.ltrans0.ltrans.o
 *fill*         0x080042cc        0x4 
 .text.osalSysUnlockFromISR.lto_priv.3
                0x080042d0        0xc C:\Users\nello\AppData\Local\Temp\GestureLogicv3.elf.USO2WS.ltrans0.ltrans.o
 *fill*         0x080042dc        0x4 
 .text.osalEventBroadcastFlagsI.lto_priv.2
                0x080042e0       0x18 C:\Users\nello\AppData\Local\Temp\GestureLogicv3.elf.USO2WS.ltrans0.ltrans.o
 *fill*         0x080042f8        0x8 
 .text.usart_init.lto_priv.0
                0x08004300       0xc8 C:\Users\nello\AppData\Local\Temp\GestureLogicv3.elf.USO2WS.ltrans0.ltrans.o
 *fill*         0x080043c8        0x8 
 .text.set_error
                0x080043d0       0x70 C:\Users\nello\AppData\Local\Temp\GestureLogicv3.elf.USO2WS.ltrans0.ltrans.o
 .text.notify2  0x08004440       0x1c C:\Users\nello\AppData\Local\Temp\GestureLogicv3.elf.USO2WS.ltrans0.ltrans.o
 *fill*         0x0800445c        0x4 
 .text.sd_lld_init
                0x08004460       0x60 C:\Users\nello\AppData\Local\Temp\GestureLogicv3.elf.USO2WS.ltrans0.ltrans.o
 .text.sd_lld_start
                0x080044c0       0x5c C:\Users\nello\AppData\Local\Temp\GestureLogicv3.elf.USO2WS.ltrans0.ltrans.o
 *fill*         0x0800451c        0x4 
 .text.sd_lld_serve_interrupt
                0x08004520      0x138 C:\Users\nello\AppData\Local\Temp\GestureLogicv3.elf.USO2WS.ltrans0.ltrans.o
 *fill*         0x08004658        0x8 
 .text.chSysLockFromISR.lto_priv.4
                0x08004660       0x18 C:\Users\nello\AppData\Local\Temp\GestureLogicv3.elf.USO2WS.ltrans0.ltrans.o
 *fill*         0x08004678        0x8 
 .text.chSysUnlockFromISR.lto_priv.4
                0x08004680       0x18 C:\Users\nello\AppData\Local\Temp\GestureLogicv3.elf.USO2WS.ltrans0.ltrans.o
 *fill*         0x08004698        0x8 
 .text.osalSysLockFromISR.lto_priv.4
                0x080046a0        0xc C:\Users\nello\AppData\Local\Temp\GestureLogicv3.elf.USO2WS.ltrans0.ltrans.o
 *fill*         0x080046ac        0x4 
 .text.osalSysUnlockFromISR.lto_priv.4
                0x080046b0        0xc C:\Users\nello\AppData\Local\Temp\GestureLogicv3.elf.USO2WS.ltrans0.ltrans.o
 *fill*         0x080046bc        0x4 
 .text.osalThreadResumeI.lto_priv.2
                0x080046c0       0x18 C:\Users\nello\AppData\Local\Temp\GestureLogicv3.elf.USO2WS.ltrans0.ltrans.o
 *fill*         0x080046d8        0x8 
 .text.usart_enable_rx_irq
                0x080046e0       0x44 C:\Users\nello\AppData\Local\Temp\GestureLogicv3.elf.USO2WS.ltrans0.ltrans.o
 *fill*         0x08004724        0xc 
 .text.usart_enable_tx_irq
                0x08004730       0x28 C:\Users\nello\AppData\Local\Temp\GestureLogicv3.elf.USO2WS.ltrans0.ltrans.o
 *fill*         0x08004758        0x8 
 .text.usart_enable_tx_end_irq
                0x08004760       0x28 C:\Users\nello\AppData\Local\Temp\GestureLogicv3.elf.USO2WS.ltrans0.ltrans.o
 *fill*         0x08004788        0x8 
 .text.sio_lld_init
                0x08004790       0x28 C:\Users\nello\AppData\Local\Temp\GestureLogicv3.elf.USO2WS.ltrans0.ltrans.o
 *fill*         0x080047b8        0x8 
 .text.sio_lld_get_events
                0x080047c0       0x54 C:\Users\nello\AppData\Local\Temp\GestureLogicv3.elf.USO2WS.ltrans0.ltrans.o
 *fill*         0x08004814        0xc 
 .text.sio_lld_read
                0x08004820       0x50 C:\Users\nello\AppData\Local\Temp\GestureLogicv3.elf.USO2WS.ltrans0.ltrans.o
 .text.sio_lld_write
                0x08004870       0x54 C:\Users\nello\AppData\Local\Temp\GestureLogicv3.elf.USO2WS.ltrans0.ltrans.o
 *fill*         0x080048c4        0xc 
 .text.sio_lld_get
                0x080048d0       0x2c C:\Users\nello\AppData\Local\Temp\GestureLogicv3.elf.USO2WS.ltrans0.ltrans.o
 *fill*         0x080048fc        0x4 
 .text.sio_lld_put
                0x08004900       0x34 C:\Users\nello\AppData\Local\Temp\GestureLogicv3.elf.USO2WS.ltrans0.ltrans.o
 *fill*         0x08004934        0xc 
 .text.sio_lld_control
                0x08004940       0x10 C:\Users\nello\AppData\Local\Temp\GestureLogicv3.elf.USO2WS.ltrans0.ltrans.o
 .text.sio_lld_serve_interrupt
                0x08004950      0x144 C:\Users\nello\AppData\Local\Temp\GestureLogicv3.elf.USO2WS.ltrans0.ltrans.o
 *fill*         0x08004a94        0xc 
 .text.gpio_init
                0x08004aa0       0x44 C:\Users\nello\AppData\Local\Temp\GestureLogicv3.elf.USO2WS.ltrans0.ltrans.o
 *fill*         0x08004ae4        0xc 
 .text.stm32_gpio_init
                0x08004af0       0xb0 C:\Users\nello\AppData\Local\Temp\GestureLogicv3.elf.USO2WS.ltrans0.ltrans.o
 .text.__early_init
                0x08004ba0       0x10 C:\Users\nello\AppData\Local\Temp\GestureLogicv3.elf.USO2WS.ltrans0.ltrans.o
                0x08004ba0                __early_init
 .text.boardInit
                0x08004bb0        0x4 C:\Users\nello\AppData\Local\Temp\GestureLogicv3.elf.USO2WS.ltrans0.ltrans.o
 *fill*         0x08004bb4        0xc 
 .text.__tm_calibration_object_init
                0x08004bc0       0x44 C:\Users\nello\AppData\Local\Temp\GestureLogicv3.elf.USO2WS.ltrans0.ltrans.o
 *fill*         0x08004c04        0xc 
 .text.chSysUnlock.lto_priv.9
                0x08004c10       0x18 C:\Users\nello\AppData\Local\Temp\GestureLogicv3.elf.USO2WS.ltrans0.ltrans.o
 *fill*         0x08004c28        0x8 
 .text.__oslib_init
                0x08004c30       0x14 C:\Users\nello\AppData\Local\Temp\GestureLogicv3.elf.USO2WS.ltrans0.ltrans.o
 *fill*         0x08004c44        0xc 
 .text.chSysInit
                0x08004c50       0x5c C:\Users\nello\AppData\Local\Temp\GestureLogicv3.elf.USO2WS.ltrans0.ltrans.o
 *fill*         0x08004cac        0x4 
 .text.chSysHalt
                0x08004cb0       0x24 C:\Users\nello\AppData\Local\Temp\GestureLogicv3.elf.USO2WS.ltrans0.ltrans.o
 *fill*         0x08004cd4        0xc 
 .text.chSysTimerHandlerI
                0x08004ce0        0xc C:\Users\nello\AppData\Local\Temp\GestureLogicv3.elf.USO2WS.ltrans0.ltrans.o
 *fill*         0x08004cec        0x4 
 .text.chRFCUCollectFaultsI
                0x08004cf0       0x1c C:\Users\nello\AppData\Local\Temp\GestureLogicv3.elf.USO2WS.ltrans0.ltrans.o
 *fill*         0x08004d0c        0x4 
 .text.chTimeAddX.lto_priv.1
                0x08004d10       0x14 C:\Users\nello\AppData\Local\Temp\GestureLogicv3.elf.USO2WS.ltrans0.ltrans.o
 *fill*         0x08004d24        0xc 
 .text.chTimeDiffX.lto_priv.0
                0x08004d30       0x14 C:\Users\nello\AppData\Local\Temp\GestureLogicv3.elf.USO2WS.ltrans0.ltrans.o
 *fill*         0x08004d44        0xc 
 .text.ch_dlist_isempty
                0x08004d50       0x1c C:\Users\nello\AppData\Local\Temp\GestureLogicv3.elf.USO2WS.ltrans0.ltrans.o
 *fill*         0x08004d6c        0x4 
 .text.ch_dlist_isfirst
                0x08004d70       0x1c C:\Users\nello\AppData\Local\Temp\GestureLogicv3.elf.USO2WS.ltrans0.ltrans.o
 *fill*         0x08004d8c        0x4 
 .text.ch_dlist_insert_after
                0x08004d90       0x34 C:\Users\nello\AppData\Local\Temp\GestureLogicv3.elf.USO2WS.ltrans0.ltrans.o
 *fill*         0x08004dc4        0xc 
 .text.ch_dlist_insert_before
                0x08004dd0       0x34 C:\Users\nello\AppData\Local\Temp\GestureLogicv3.elf.USO2WS.ltrans0.ltrans.o
 *fill*         0x08004e04        0xc 
 .text.ch_dlist_insert
                0x08004e10       0x5c C:\Users\nello\AppData\Local\Temp\GestureLogicv3.elf.USO2WS.ltrans0.ltrans.o
 *fill*         0x08004e6c        0x4 
 .text.ch_dlist_remove_first
                0x08004e70       0x24 C:\Users\nello\AppData\Local\Temp\GestureLogicv3.elf.USO2WS.ltrans0.ltrans.o
 *fill*         0x08004e94        0xc 
 .text.ch_dlist_dequeue
                0x08004ea0       0x20 C:\Users\nello\AppData\Local\Temp\GestureLogicv3.elf.USO2WS.ltrans0.ltrans.o
 .text.port_timer_start_alarm
                0x08004ec0       0x14 C:\Users\nello\AppData\Local\Temp\GestureLogicv3.elf.USO2WS.ltrans0.ltrans.o
 *fill*         0x08004ed4        0xc 
 .text.port_timer_stop_alarm
                0x08004ee0        0xc C:\Users\nello\AppData\Local\Temp\GestureLogicv3.elf.USO2WS.ltrans0.ltrans.o
 *fill*         0x08004eec        0x4 
 .text.port_timer_set_alarm
                0x08004ef0       0x14 C:\Users\nello\AppData\Local\Temp\GestureLogicv3.elf.USO2WS.ltrans0.ltrans.o
 *fill*         0x08004f04        0xc 
 .text.port_timer_get_time.lto_priv.1
                0x08004f10        0xc C:\Users\nello\AppData\Local\Temp\GestureLogicv3.elf.USO2WS.ltrans0.ltrans.o
 *fill*         0x08004f1c        0x4 
 .text.chSysLockFromISR.lto_priv.6
                0x08004f20       0x18 C:\Users\nello\AppData\Local\Temp\GestureLogicv3.elf.USO2WS.ltrans0.ltrans.o
 *fill*         0x08004f38        0x8 
 .text.chSysUnlockFromISR.lto_priv.6
                0x08004f40       0x18 C:\Users\nello\AppData\Local\Temp\GestureLogicv3.elf.USO2WS.ltrans0.ltrans.o
 *fill*         0x08004f58        0x8 
 .text.chVTGetSystemTimeX.lto_priv.1
                0x08004f60        0xc C:\Users\nello\AppData\Local\Temp\GestureLogicv3.elf.USO2WS.ltrans0.ltrans.o
 *fill*         0x08004f6c        0x4 
 .text.vt_set_alarm
                0x08004f70       0x70 C:\Users\nello\AppData\Local\Temp\GestureLogicv3.elf.USO2WS.ltrans0.ltrans.o
 .text.vt_insert_first
                0x08004fe0       0x98 C:\Users\nello\AppData\Local\Temp\GestureLogicv3.elf.USO2WS.ltrans0.ltrans.o
 *fill*         0x08005078        0x8 
 .text.vt_enqueue
                0x08005080       0x74 C:\Users\nello\AppData\Local\Temp\GestureLogicv3.elf.USO2WS.ltrans0.ltrans.o
 *fill*         0x080050f4        0xc 
 .text.chVTDoSetI
                0x08005100       0x38 C:\Users\nello\AppData\Local\Temp\GestureLogicv3.elf.USO2WS.ltrans0.ltrans.o
 *fill*         0x08005138        0x8 
 .text.chVTDoResetI
                0x08005140       0xc4 C:\Users\nello\AppData\Local\Temp\GestureLogicv3.elf.USO2WS.ltrans0.ltrans.o
 *fill*         0x08005204        0xc 
 .text.chVTDoTickI
                0x08005210      0x13c C:\Users\nello\AppData\Local\Temp\GestureLogicv3.elf.USO2WS.ltrans0.ltrans.o
 *fill*         0x0800534c        0x4 
 .text.ch_queue_dequeue.lto_priv.0
                0x08005350       0x20 C:\Users\nello\AppData\Local\Temp\GestureLogicv3.elf.USO2WS.ltrans0.ltrans.o
 .text.ch_pqueue_remove_highest
                0x08005370       0x24 C:\Users\nello\AppData\Local\Temp\GestureLogicv3.elf.USO2WS.ltrans0.ltrans.o
 *fill*         0x08005394        0xc 
 .text.ch_pqueue_insert_behind
                0x080053a0       0x48 C:\Users\nello\AppData\Local\Temp\GestureLogicv3.elf.USO2WS.ltrans0.ltrans.o
 *fill*         0x080053e8        0x8 
 .text.ch_pqueue_insert_ahead
                0x080053f0       0x48 C:\Users\nello\AppData\Local\Temp\GestureLogicv3.elf.USO2WS.ltrans0.ltrans.o
 *fill*         0x08005438        0x8 
 .text.chSysLockFromISR.lto_priv.7
                0x08005440       0x18 C:\Users\nello\AppData\Local\Temp\GestureLogicv3.elf.USO2WS.ltrans0.ltrans.o
 *fill*         0x08005458        0x8 
 .text.chSysUnlockFromISR.lto_priv.7
                0x08005460       0x18 C:\Users\nello\AppData\Local\Temp\GestureLogicv3.elf.USO2WS.ltrans0.ltrans.o
 *fill*         0x08005478        0x8 
 .text.chVTIsArmedI
                0x08005480       0x18 C:\Users\nello\AppData\Local\Temp\GestureLogicv3.elf.USO2WS.ltrans0.ltrans.o
 *fill*         0x08005498        0x8 
 .text.chSemFastSignalI.lto_priv.0
                0x080054a0       0x14 C:\Users\nello\AppData\Local\Temp\GestureLogicv3.elf.USO2WS.ltrans0.ltrans.o
 *fill*         0x080054b4        0xc 
 .text.__sch_ready_behind
                0x080054c0       0x28 C:\Users\nello\AppData\Local\Temp\GestureLogicv3.elf.USO2WS.ltrans0.ltrans.o
 *fill*         0x080054e8        0x8 
 .text.__sch_ready_ahead
                0x080054f0       0x28 C:\Users\nello\AppData\Local\Temp\GestureLogicv3.elf.USO2WS.ltrans0.ltrans.o
 *fill*         0x08005518        0x8 
 .text.__sch_reschedule_ahead
                0x08005520       0x40 C:\Users\nello\AppData\Local\Temp\GestureLogicv3.elf.USO2WS.ltrans0.ltrans.o
 .text.__sch_wakeup
                0x08005560       0x94 C:\Users\nello\AppData\Local\Temp\GestureLogicv3.elf.USO2WS.ltrans0.ltrans.o
 *fill*         0x080055f4        0xc 
 .text.chSchReadyI
                0x08005600       0x18 C:\Users\nello\AppData\Local\Temp\GestureLogicv3.elf.USO2WS.ltrans0.ltrans.o
 *fill*         0x08005618        0x8 
 .text.chSchGoSleepS
                0x08005620       0x48 C:\Users\nello\AppData\Local\Temp\GestureLogicv3.elf.USO2WS.ltrans0.ltrans.o
 *fill*         0x08005668        0x8 
 .text.chSchGoSleepTimeoutS
                0x08005670       0x6c C:\Users\nello\AppData\Local\Temp\GestureLogicv3.elf.USO2WS.ltrans0.ltrans.o
 *fill*         0x080056dc        0x4 
 .text.chSchWakeupS
                0x080056e0       0x60 C:\Users\nello\AppData\Local\Temp\GestureLogicv3.elf.USO2WS.ltrans0.ltrans.o
 .text.chSchRescheduleS
                0x08005740       0x38 C:\Users\nello\AppData\Local\Temp\GestureLogicv3.elf.USO2WS.ltrans0.ltrans.o
 *fill*         0x08005778        0x8 
 .text.chSchIsPreemptionRequired
                0x08005780       0x34 C:\Users\nello\AppData\Local\Temp\GestureLogicv3.elf.USO2WS.ltrans0.ltrans.o
 *fill*         0x080057b4        0xc 
 .text.chSchSelectFirst
                0x080057c0       0x3c C:\Users\nello\AppData\Local\Temp\GestureLogicv3.elf.USO2WS.ltrans0.ltrans.o
 *fill*         0x080057fc        0x4 
 .text.__rfcu_object_init
                0x08005800       0x10 C:\Users\nello\AppData\Local\Temp\GestureLogicv3.elf.USO2WS.ltrans0.ltrans.o
 .text.__dbg_object_init
                0x08005810       0x10 C:\Users\nello\AppData\Local\Temp\GestureLogicv3.elf.USO2WS.ltrans0.ltrans.o
 .text.ch_queue_init.lto_priv.3
                0x08005820       0x18 C:\Users\nello\AppData\Local\Temp\GestureLogicv3.elf.USO2WS.ltrans0.ltrans.o
 *fill*         0x08005838        0x8 
 .text.ch_pqueue_init
                0x08005840       0x1c C:\Users\nello\AppData\Local\Temp\GestureLogicv3.elf.USO2WS.ltrans0.ltrans.o
 *fill*         0x0800585c        0x4 
 .text.ch_dlist_init
                0x08005860       0x20 C:\Users\nello\AppData\Local\Temp\GestureLogicv3.elf.USO2WS.ltrans0.ltrans.o
 .text.port_timer_get_time.lto_priv.2
                0x08005880        0xc C:\Users\nello\AppData\Local\Temp\GestureLogicv3.elf.USO2WS.ltrans0.ltrans.o
 *fill*         0x0800588c        0x4 
 .text.chVTGetSystemTimeX.lto_priv.2
                0x08005890        0xc C:\Users\nello\AppData\Local\Temp\GestureLogicv3.elf.USO2WS.ltrans0.ltrans.o
 *fill*         0x0800589c        0x4 
 .text.__vt_object_init
                0x080058a0       0x2c C:\Users\nello\AppData\Local\Temp\GestureLogicv3.elf.USO2WS.ltrans0.ltrans.o
 *fill*         0x080058cc        0x4 
 .text.__reg_object_init
                0x080058d0       0x18 C:\Users\nello\AppData\Local\Temp\GestureLogicv3.elf.USO2WS.ltrans0.ltrans.o
 *fill*         0x080058e8        0x8 
 .text.__idle_thread
                0x080058f0        0x8 C:\Users\nello\AppData\Local\Temp\GestureLogicv3.elf.USO2WS.ltrans0.ltrans.o
 *fill*         0x080058f8        0x8 
 .text.chInstanceObjectInit
                0x08005900       0xc0 C:\Users\nello\AppData\Local\Temp\GestureLogicv3.elf.USO2WS.ltrans0.ltrans.o
 .text.ch_list_init
                0x080059c0       0x10 C:\Users\nello\AppData\Local\Temp\GestureLogicv3.elf.USO2WS.ltrans0.ltrans.o
 .text.ch_list_notempty
                0x080059d0       0x1c C:\Users\nello\AppData\Local\Temp\GestureLogicv3.elf.USO2WS.ltrans0.ltrans.o
 *fill*         0x080059ec        0x4 
 .text.ch_list_unlink
                0x080059f0       0x1c C:\Users\nello\AppData\Local\Temp\GestureLogicv3.elf.USO2WS.ltrans0.ltrans.o
 *fill*         0x08005a0c        0x4 
 .text.ch_queue_init.lto_priv.4
                0x08005a10       0x18 C:\Users\nello\AppData\Local\Temp\GestureLogicv3.elf.USO2WS.ltrans0.ltrans.o
 *fill*         0x08005a28        0x8 
 .text.ch_queue_notempty.lto_priv.0
                0x08005a30       0x1c C:\Users\nello\AppData\Local\Temp\GestureLogicv3.elf.USO2WS.ltrans0.ltrans.o
 *fill*         0x08005a4c        0x4 
 .text.ch_queue_insert.lto_priv.0
                0x08005a50       0x28 C:\Users\nello\AppData\Local\Temp\GestureLogicv3.elf.USO2WS.ltrans0.ltrans.o
 *fill*         0x08005a78        0x8 
 .text.ch_queue_fifo_remove.lto_priv.0
                0x08005a80       0x24 C:\Users\nello\AppData\Local\Temp\GestureLogicv3.elf.USO2WS.ltrans0.ltrans.o
 *fill*         0x08005aa4        0xc 
 .text.ch_queue_dequeue.lto_priv.1
                0x08005ab0       0x20 C:\Users\nello\AppData\Local\Temp\GestureLogicv3.elf.USO2WS.ltrans0.ltrans.o
 .text.chSysLock.lto_priv.10
                0x08005ad0       0x18 C:\Users\nello\AppData\Local\Temp\GestureLogicv3.elf.USO2WS.ltrans0.ltrans.o
 *fill*         0x08005ae8        0x8 
 .text.chSysUnlock.lto_priv.10
                0x08005af0       0x18 C:\Users\nello\AppData\Local\Temp\GestureLogicv3.elf.USO2WS.ltrans0.ltrans.o
 *fill*         0x08005b08        0x8 
 .text.chThdGetSelfX.lto_priv.0
                0x08005b10        0xc C:\Users\nello\AppData\Local\Temp\GestureLogicv3.elf.USO2WS.ltrans0.ltrans.o
 *fill*         0x08005b1c        0x4 
 .text.chThdSleepS
                0x08005b20       0x18 C:\Users\nello\AppData\Local\Temp\GestureLogicv3.elf.USO2WS.ltrans0.ltrans.o
 *fill*         0x08005b38        0x8 
 .text.chThdDoDequeueNextI
                0x08005b40       0x28 C:\Users\nello\AppData\Local\Temp\GestureLogicv3.elf.USO2WS.ltrans0.ltrans.o
 *fill*         0x08005b68        0x8 
 .text.__thd_object_init
                0x08005b70       0x78 C:\Users\nello\AppData\Local\Temp\GestureLogicv3.elf.USO2WS.ltrans0.ltrans.o
 *fill*         0x08005be8        0x8 
 .text.chThdCreateSuspendedI
                0x08005bf0       0x78 C:\Users\nello\AppData\Local\Temp\GestureLogicv3.elf.USO2WS.ltrans0.ltrans.o
 *fill*         0x08005c68        0x8 
 .text.chThdCreateI
                0x08005c70       0x20 C:\Users\nello\AppData\Local\Temp\GestureLogicv3.elf.USO2WS.ltrans0.ltrans.o
 .text.chThdCreateStatic
                0x08005c90       0x8c C:\Users\nello\AppData\Local\Temp\GestureLogicv3.elf.USO2WS.ltrans0.ltrans.o
 *fill*         0x08005d1c        0x4 
 .text.chThdExit
                0x08005d20       0x18 C:\Users\nello\AppData\Local\Temp\GestureLogicv3.elf.USO2WS.ltrans0.ltrans.o
                0x08005d20                chThdExit
 *fill*         0x08005d38        0x8 
 .text.chThdExitS
                0x08005d40       0x7c C:\Users\nello\AppData\Local\Temp\GestureLogicv3.elf.USO2WS.ltrans0.ltrans.o
 *fill*         0x08005dbc        0x4 
 .text.chThdSleep
                0x08005dc0       0x1c C:\Users\nello\AppData\Local\Temp\GestureLogicv3.elf.USO2WS.ltrans0.ltrans.o
 *fill*         0x08005ddc        0x4 
 .text.chThdSuspendTimeoutS
                0x08005de0       0x44 C:\Users\nello\AppData\Local\Temp\GestureLogicv3.elf.USO2WS.ltrans0.ltrans.o
 *fill*         0x08005e24        0xc 
 .text.chThdResumeI
                0x08005e30       0x30 C:\Users\nello\AppData\Local\Temp\GestureLogicv3.elf.USO2WS.ltrans0.ltrans.o
 .text.chThdEnqueueTimeoutS
                0x08005e60       0x40 C:\Users\nello\AppData\Local\Temp\GestureLogicv3.elf.USO2WS.ltrans0.ltrans.o
 .text.chThdDequeueNextI
                0x08005ea0       0x28 C:\Users\nello\AppData\Local\Temp\GestureLogicv3.elf.USO2WS.ltrans0.ltrans.o
 *fill*         0x08005ec8        0x8 
 .text.chThdDequeueAllI
                0x08005ed0       0x2c C:\Users\nello\AppData\Local\Temp\GestureLogicv3.elf.USO2WS.ltrans0.ltrans.o
 *fill*         0x08005efc        0x4 
 .text.tm_stop  0x08005f00       0x70 C:\Users\nello\AppData\Local\Temp\GestureLogicv3.elf.USO2WS.ltrans0.ltrans.o
 .text.chTMObjectInit
                0x08005f70       0x34 C:\Users\nello\AppData\Local\Temp\GestureLogicv3.elf.USO2WS.ltrans0.ltrans.o
 *fill*         0x08005fa4        0xc 
 .text.chTMStartMeasurementX
                0x08005fb0       0x18 C:\Users\nello\AppData\Local\Temp\GestureLogicv3.elf.USO2WS.ltrans0.ltrans.o
 *fill*         0x08005fc8        0x8 
 .text.chTMStopMeasurementX
                0x08005fd0       0x28 C:\Users\nello\AppData\Local\Temp\GestureLogicv3.elf.USO2WS.ltrans0.ltrans.o
 *fill*         0x08005ff8        0x8 
 .text.ch_queue_init.lto_priv.6
                0x08006000       0x18 C:\Users\nello\AppData\Local\Temp\GestureLogicv3.elf.USO2WS.ltrans0.ltrans.o
 *fill*         0x08006018        0x8 
 .text.chMtxObjectInit
                0x08006020       0x1c C:\Users\nello\AppData\Local\Temp\GestureLogicv3.elf.USO2WS.ltrans0.ltrans.o
 *fill*         0x0800603c        0x4 
 .text.chSysLock.lto_priv.15
                0x08006040       0x18 C:\Users\nello\AppData\Local\Temp\GestureLogicv3.elf.USO2WS.ltrans0.ltrans.o
 *fill*         0x08006058        0x8 
 .text.chSysUnlock.lto_priv.15
                0x08006060       0x18 C:\Users\nello\AppData\Local\Temp\GestureLogicv3.elf.USO2WS.ltrans0.ltrans.o
 *fill*         0x08006078        0x8 
 .text.chThdGetSelfX.lto_priv.4
                0x08006080        0xc C:\Users\nello\AppData\Local\Temp\GestureLogicv3.elf.USO2WS.ltrans0.ltrans.o
 *fill*         0x0800608c        0x4 
 .text.chEvtRegisterMaskWithFlagsI
                0x08006090       0x40 C:\Users\nello\AppData\Local\Temp\GestureLogicv3.elf.USO2WS.ltrans0.ltrans.o
 .text.chEvtRegisterMaskWithFlags
                0x080060d0       0x28 C:\Users\nello\AppData\Local\Temp\GestureLogicv3.elf.USO2WS.ltrans0.ltrans.o
 *fill*         0x080060f8        0x8 
 .text.chEvtGetAndClearFlags
                0x08006100       0x2c C:\Users\nello\AppData\Local\Temp\GestureLogicv3.elf.USO2WS.ltrans0.ltrans.o
 *fill*         0x0800612c        0x4 
 .text.chEvtSignalI
                0x08006130       0x5c C:\Users\nello\AppData\Local\Temp\GestureLogicv3.elf.USO2WS.ltrans0.ltrans.o
 *fill*         0x0800618c        0x4 
 .text.chEvtBroadcastFlagsI
                0x08006190       0x58 C:\Users\nello\AppData\Local\Temp\GestureLogicv3.elf.USO2WS.ltrans0.ltrans.o
 *fill*         0x080061e8        0x8 
 .text.chEvtBroadcastFlags
                0x080061f0       0x24 C:\Users\nello\AppData\Local\Temp\GestureLogicv3.elf.USO2WS.ltrans0.ltrans.o
 *fill*         0x08006214        0xc 
 .text.chEvtWaitAny
                0x08006220       0x54 C:\Users\nello\AppData\Local\Temp\GestureLogicv3.elf.USO2WS.ltrans0.ltrans.o
 *fill*         0x08006274        0xc 
 .text.chSysLock.lto_priv.19
                0x08006280       0x18 C:\Users\nello\AppData\Local\Temp\GestureLogicv3.elf.USO2WS.ltrans0.ltrans.o
 *fill*         0x08006298        0x8 
 .text.chSysUnlock.lto_priv.19
                0x080062a0       0x18 C:\Users\nello\AppData\Local\Temp\GestureLogicv3.elf.USO2WS.ltrans0.ltrans.o
 *fill*         0x080062b8        0x8 
 .text.__core_init
                0x080062c0       0x1c C:\Users\nello\AppData\Local\Temp\GestureLogicv3.elf.USO2WS.ltrans0.ltrans.o
 *fill*         0x080062dc        0x4 
 .text.chCoreAllocFromTopI
                0x080062e0       0x50 C:\Users\nello\AppData\Local\Temp\GestureLogicv3.elf.USO2WS.ltrans0.ltrans.o
 .text.chCoreAllocFromTop
                0x08006330       0x28 C:\Users\nello\AppData\Local\Temp\GestureLogicv3.elf.USO2WS.ltrans0.ltrans.o
 *fill*         0x08006358        0x8 
 .text.__heap_init
                0x08006360       0x2c C:\Users\nello\AppData\Local\Temp\GestureLogicv3.elf.USO2WS.ltrans0.ltrans.o
 *fill*         0x0800638c        0x4 
 .text.chPoolObjectInitAligned
                0x08006390       0x28 C:\Users\nello\AppData\Local\Temp\GestureLogicv3.elf.USO2WS.ltrans0.ltrans.o
 *fill*         0x080063b8        0x8 
 .text.chCoreAllocAlignedI
                0x080063c0       0x1c C:\Users\nello\AppData\Local\Temp\GestureLogicv3.elf.USO2WS.ltrans0.ltrans.o
 *fill*         0x080063dc        0x4 
 .text.chPoolObjectInit
                0x080063e0       0x20 C:\Users\nello\AppData\Local\Temp\GestureLogicv3.elf.USO2WS.ltrans0.ltrans.o
 .text.dyn_list_init
                0x08006400       0x10 C:\Users\nello\AppData\Local\Temp\GestureLogicv3.elf.USO2WS.ltrans0.ltrans.o
 .text.__factory_init
                0x08006410       0x6c C:\Users\nello\AppData\Local\Temp\GestureLogicv3.elf.USO2WS.ltrans0.ltrans.o
 *fill*         0x0800647c        0x4 
 .text.__NVIC_SetPriorityGrouping
                0x08006480       0x40 C:\Users\nello\AppData\Local\Temp\GestureLogicv3.elf.USO2WS.ltrans0.ltrans.o
 .text.__NVIC_SetPriority
                0x080064c0       0x50 C:\Users\nello\AppData\Local\Temp\GestureLogicv3.elf.USO2WS.ltrans0.ltrans.o
 .text.chSysLock.lto_priv.24
                0x08006510       0x18 C:\Users\nello\AppData\Local\Temp\GestureLogicv3.elf.USO2WS.ltrans0.ltrans.o
 *fill*         0x08006528        0x8 
 .text.chSysUnlock.lto_priv.24
                0x08006530       0x18 C:\Users\nello\AppData\Local\Temp\GestureLogicv3.elf.USO2WS.ltrans0.ltrans.o
 *fill*         0x08006548        0x8 
 .text.chThdGetSelfX.lto_priv.6
                0x08006550        0xc C:\Users\nello\AppData\Local\Temp\GestureLogicv3.elf.USO2WS.ltrans0.ltrans.o
 *fill*         0x0800655c        0x4 
 .text.__port_schedule_next
                0x08006560       0x60 C:\Users\nello\AppData\Local\Temp\GestureLogicv3.elf.USO2WS.ltrans0.ltrans.o
                0x08006560                __port_schedule_next
 .text.port_init
                0x080065c0       0x5c C:\Users\nello\AppData\Local\Temp\GestureLogicv3.elf.USO2WS.ltrans0.ltrans.o
 *fill*         0x0800661c        0x4 
 .text._vl53l7cx_poll_for_answer.lto_priv.0
                0x08006620       0xcc C:\Users\nello\AppData\Local\Temp\GestureLogicv3.elf.USO2WS.ltrans0.ltrans.o
 *fill*         0x080066ec        0x4 
 .text._vl53l7cx_poll_for_mcu_boot
                0x080066f0       0xa0 C:\Users\nello\AppData\Local\Temp\GestureLogicv3.elf.USO2WS.ltrans0.ltrans.o
 .text._vl53l7cx_send_offset_data
                0x08006790      0x34c C:\Users\nello\AppData\Local\Temp\GestureLogicv3.elf.USO2WS.ltrans0.ltrans.o
 *fill*         0x08006adc        0x4 
 .text._vl53l7cx_send_xtalk_data
                0x08006ae0      0x258 C:\Users\nello\AppData\Local\Temp\GestureLogicv3.elf.USO2WS.ltrans0.ltrans.o
 *fill*         0x08006d38        0x8 
 .text.vl53l7cx_is_alive
                0x08006d40       0xac C:\Users\nello\AppData\Local\Temp\GestureLogicv3.elf.USO2WS.ltrans0.ltrans.o
 *fill*         0x08006dec        0x4 
 .text.vl53l7cx_init
                0x08006df0      0xa38 C:\Users\nello\AppData\Local\Temp\GestureLogicv3.elf.USO2WS.ltrans0.ltrans.o
 *fill*         0x08007828        0x8 
 .text.vl53l7cx_start_ranging
                0x08007830      0x2e4 C:\Users\nello\AppData\Local\Temp\GestureLogicv3.elf.USO2WS.ltrans0.ltrans.o
 *fill*         0x08007b14        0xc 
 .text.vl53l7cx_check_data_ready
                0x08007b20       0xac C:\Users\nello\AppData\Local\Temp\GestureLogicv3.elf.USO2WS.ltrans0.ltrans.o
 *fill*         0x08007bcc        0x4 
 .text.vl53l7cx_get_ranging_data
                0x08007bd0      0x464 C:\Users\nello\AppData\Local\Temp\GestureLogicv3.elf.USO2WS.ltrans0.ltrans.o
 *fill*         0x08008034        0xc 
 .text.vl53l7cx_get_resolution
                0x08008040       0x50 C:\Users\nello\AppData\Local\Temp\GestureLogicv3.elf.USO2WS.ltrans0.ltrans.o
 .text.vl53l7cx_set_ranging_frequency_hz
                0x08008090       0x50 C:\Users\nello\AppData\Local\Temp\GestureLogicv3.elf.USO2WS.ltrans0.ltrans.o
 .text.vl53l7cx_dci_read_data
                0x080080e0      0x128 C:\Users\nello\AppData\Local\Temp\GestureLogicv3.elf.USO2WS.ltrans0.ltrans.o
 *fill*         0x08008208        0x8 
 .text.vl53l7cx_dci_write_data
                0x08008210      0x174 C:\Users\nello\AppData\Local\Temp\GestureLogicv3.elf.USO2WS.ltrans0.ltrans.o
 *fill*         0x08008384        0xc 
 .text.vl53l7cx_dci_replace_data
                0x08008390       0x6c C:\Users\nello\AppData\Local\Temp\GestureLogicv3.elf.USO2WS.ltrans0.ltrans.o
 *fill*         0x080083fc        0x4 
 .text.vl53l7cx_motion_indicator_init
                0x08008400       0xac C:\Users\nello\AppData\Local\Temp\GestureLogicv3.elf.USO2WS.ltrans0.ltrans.o
 *fill*         0x080084ac        0x4 
 .text.vl53l7cx_motion_indicator_set_distance_motion
                0x080084b0      0x124 C:\Users\nello\AppData\Local\Temp\GestureLogicv3.elf.USO2WS.ltrans0.ltrans.o
 *fill*         0x080085d4        0xc 
 .text.vl53l7cx_motion_indicator_set_resolution
                0x080085e0       0xf8 C:\Users\nello\AppData\Local\Temp\GestureLogicv3.elf.USO2WS.ltrans0.ltrans.o
 *fill*         0x080086d8        0x8 
 .text.VL53L7CX_RdByte
                0x080086e0       0x70 C:\Users\nello\AppData\Local\Temp\GestureLogicv3.elf.USO2WS.ltrans0.ltrans.o
 .text.VL53L7CX_WrByte
                0x08008750       0x7c C:\Users\nello\AppData\Local\Temp\GestureLogicv3.elf.USO2WS.ltrans0.ltrans.o
 *fill*         0x080087cc        0x4 
 .text.VL53L7CX_WrMulti
                0x080087d0       0x78 C:\Users\nello\AppData\Local\Temp\GestureLogicv3.elf.USO2WS.ltrans0.ltrans.o
 *fill*         0x08008848        0x8 
 .text.VL53L7CX_WrChunk
                0x08008850       0xec C:\Users\nello\AppData\Local\Temp\GestureLogicv3.elf.USO2WS.ltrans0.ltrans.o
 *fill*         0x0800893c        0x4 
 .text.VL53L7CX_RdMulti
                0x08008940       0x70 C:\Users\nello\AppData\Local\Temp\GestureLogicv3.elf.USO2WS.ltrans0.ltrans.o
 .text.VL53L7CX_SwapBuffer
                0x080089b0       0x68 C:\Users\nello\AppData\Local\Temp\GestureLogicv3.elf.USO2WS.ltrans0.ltrans.o
 *fill*         0x08008a18        0x8 
 .text.VL53L7CX_WaitMs
                0x08008a20       0xbc C:\Users\nello\AppData\Local\Temp\GestureLogicv3.elf.USO2WS.ltrans0.ltrans.o
 *fill*         0x08008adc        0x4 
 .text.long_to_string_with_divisor
                0x08008ae0       0xa0 C:\Users\nello\AppData\Local\Temp\GestureLogicv3.elf.USO2WS.ltrans0.ltrans.o
 .text.ch_ltoa  0x08008b80       0x20 C:\Users\nello\AppData\Local\Temp\GestureLogicv3.elf.USO2WS.ltrans0.ltrans.o
 .text.chvprintf
                0x08008ba0      0x4d0 C:\Users\nello\AppData\Local\Temp\GestureLogicv3.elf.USO2WS.ltrans0.ltrans.o
 .text.chprintf
                0x08009070       0x28 C:\Users\nello\AppData\Local\Temp\GestureLogicv3.elf.USO2WS.ltrans0.ltrans.o
 *fill*         0x08009098        0x8 
 .text.main     0x080090a0       0x58 C:\Users\nello\AppData\Local\Temp\GestureLogicv3.elf.USO2WS.ltrans0.ltrans.o
                0x080090a0                main
 *fill*         0x080090f8        0x8 
 .text.chRegSetThreadName.lto_priv.0
                0x08009100       0x18 C:\Users\nello\AppData\Local\Temp\GestureLogicv3.elf.USO2WS.ltrans0.ltrans.o
 *fill*         0x08009118        0x8 
 .text.gesture_sums
                0x08009120      0x280 C:\Users\nello\AppData\Local\Temp\GestureLogicv3.elf.USO2WS.ltrans0.ltrans.o
 .text.wake_process
                0x080093a0      0x134 C:\Users\nello\AppData\Local\Temp\GestureLogicv3.elf.USO2WS.ltrans0.ltrans.o
 *fill*         0x080094d4        0xc 
 .text.action_process
                0x080094e0      0x13c C:\Users\nello\AppData\Local\Temp\GestureLogicv3.elf.USO2WS.ltrans0.ltrans.o
 *fill*         0x0800961c        0x4 
 .text.gesture_process
                0x08009620       0x34 C:\Users\nello\AppData\Local\Temp\GestureLogicv3.elf.USO2WS.ltrans0.ltrans.o
 *fill*         0x08009654        0xc 
 .text.sensor_start
                0x08009660      0x158 C:\Users\nello\AppData\Local\Temp\GestureLogicv3.elf.USO2WS.ltrans0.ltrans.o
 *fill*         0x080097b8        0x8 
 .text.gesture_thread
                0x080097c0       0xb8 C:\Users\nello\AppData\Local\Temp\GestureLogicv3.elf.USO2WS.ltrans0.ltrans.o
 *fill*         0x08009878        0x8 
 .text.gesture_init
                0x08009880       0x54 C:\Users\nello\AppData\Local\Temp\GestureLogicv3.elf.USO2WS.ltrans0.ltrans.o
 *fill*         0x080098d4        0xc 
 .text.chRegSetThreadName.lto_priv.1
                0x080098e0       0x18 C:\Users\nello\AppData\Local\Temp\GestureLogicv3.elf.USO2WS.ltrans0.ltrans.o
 *fill*         0x080098f8        0x8 
 .text.chEvtRegisterMask.lto_priv.0
                0x08009900       0x20 C:\Users\nello\AppData\Local\Temp\GestureLogicv3.elf.USO2WS.ltrans0.ltrans.o
 .text.tone_on  0x08009920       0x48 C:\Users\nello\AppData\Local\Temp\GestureLogicv3.elf.USO2WS.ltrans0.ltrans.o
 *fill*         0x08009968        0x8 
 .text.tone_off
                0x08009970       0x14 C:\Users\nello\AppData\Local\Temp\GestureLogicv3.elf.USO2WS.ltrans0.ltrans.o
 *fill*         0x08009984        0xc 
 .text.melody_play
                0x08009990       0xf0 C:\Users\nello\AppData\Local\Temp\GestureLogicv3.elf.USO2WS.ltrans0.ltrans.o
 .text.buzzer_thread
                0x08009a80       0x90 C:\Users\nello\AppData\Local\Temp\GestureLogicv3.elf.USO2WS.ltrans0.ltrans.o
 .text.buzzer_init
                0x08009b10       0x48 C:\Users\nello\AppData\Local\Temp\GestureLogicv3.elf.USO2WS.ltrans0.ltrans.o
 *fill*         0x08009b58        0x8 
 .text.buzzer_play
                0x08009b60       0x60 C:\Users\nello\AppData\Local\Temp\GestureLogicv3.elf.USO2WS.ltrans0.ltrans.o
 .text.chRegSetThreadName.lto_priv.2
                0x08009bc0       0x18 C:\Users\nello\AppData\Local\Temp\GestureLogicv3.elf.USO2WS.ltrans0.ltrans.o
 *fill*         0x08009bd8        0x8 
 .text.chEvtRegisterMask.lto_priv.1
                0x08009be0       0x20 C:\Users\nello\AppData\Local\Temp\GestureLogicv3.elf.USO2WS.ltrans0.ltrans.o
 .text.blinker_thread
                0x08009c00       0x34 C:\Users\nello\AppData\Local\Temp\GestureLogicv3.elf.USO2WS.ltrans0.ltrans.o
 *fill*         0x08009c34        0xc 
 .text.consumer_thread
                0x08009c40       0x98 C:\Users\nello\AppData\Local\Temp\GestureLogicv3.elf.USO2WS.ltrans0.ltrans.o
 *fill*         0x08009cd8        0x8 
 .text.demo_init
                0x08009ce0      0x118 C:\Users\nello\AppData\Local\Temp\GestureLogicv3.elf.USO2WS.ltrans0.ltrans.o
 .text.memset   0x08009df8       0xa4 c:/chibistudio/tools/gnu tools arm embedded/10.3 2021.10/bin/../lib/gcc/arm-none-eabi/10.3.1/../../../../arm-none-eabi/lib/thumb/v7e-m/nofp\libg.a(lib_a-memset.o)
                0x08009df8                memset
 *(.glue_7t)
 .glue_7t       0x08009e9c        0x0 linker stubs
 *(.glue_7)
 .glue_7        0x08009e9c        0x0 linker stubs
 *(.gcc*)
                0x08009e9c                __text_end__ = .

.vfp11_veneer   0x08009e9c        0x0
 .vfp11_veneer  0x08009e9c        0x0 linker stubs

.v4_bx          0x08009e9c        0x0
 .v4_bx         0x08009e9c        0x0 linker stubs

.iplt           0x08009e9c        0x0
 .iplt          0x08009e9c        0x0 ./build/obj/crt0_v7m.o

.rodata         0x08009e9c    0x15e2c
                0x08009e9c                __rodata_base__ = .
 *(.rodata)
 .rodata        0x08009e9c       0xc0 C:\Users\nello\AppData\Local\Temp\GestureLogicv3.elf.USO2WS.ltrans0.ltrans.o
 *(.rodata.*)
 .rodata.ram_areas
                0x08009f5c       0x80 C:\Users\nello\AppData\Local\Temp\GestureLogicv3.elf.USO2WS.ltrans0.ltrans.o
 .rodata.vmt.lto_priv.0
                0x08009fdc       0x28 C:\Users\nello\AppData\Local\Temp\GestureLogicv3.elf.USO2WS.ltrans0.ltrans.o
 .rodata.vmt.lto_priv.1
                0x0800a004       0x28 C:\Users\nello\AppData\Local\Temp\GestureLogicv3.elf.USO2WS.ltrans0.ltrans.o
 .rodata.hal_clkcfg_default
                0x0800a02c       0x20 C:\Users\nello\AppData\Local\Temp\GestureLogicv3.elf.USO2WS.ltrans0.ltrans.o
 .rodata.stm32_clock_init.str1.4
                0x0800a04c        0x7 C:\Users\nello\AppData\Local\Temp\GestureLogicv3.elf.USO2WS.ltrans0.ltrans.o
 *fill*         0x0800a053        0x1 
 .rodata._stm32_dma_streams
                0x0800a054      0x140 C:\Users\nello\AppData\Local\Temp\GestureLogicv3.elf.USO2WS.ltrans0.ltrans.o
 .rodata.default_config.lto_priv.0
                0x0800a194       0x10 C:\Users\nello\AppData\Local\Temp\GestureLogicv3.elf.USO2WS.ltrans0.ltrans.o
 .rodata.gpio_default_config
                0x0800a1a4       0xc4 C:\Users\nello\AppData\Local\Temp\GestureLogicv3.elf.USO2WS.ltrans0.ltrans.o
 .rodata.str1.4
                0x0800a268        0x3 C:\Users\nello\AppData\Local\Temp\GestureLogicv3.elf.USO2WS.ltrans0.ltrans.o
 *fill*         0x0800a26b        0x1 
 .rodata.ch_core0_cfg
                0x0800a26c       0x14 C:\Users\nello\AppData\Local\Temp\GestureLogicv3.elf.USO2WS.ltrans0.ltrans.o
 .rodata.chInstanceObjectInit.str1.4
                0x0800a280        0x5 C:\Users\nello\AppData\Local\Temp\GestureLogicv3.elf.USO2WS.ltrans0.ltrans.o
 *fill*         0x0800a285        0x3 
 .rodata.chThdCreateStatic.str1.4
                0x0800a288        0x7 C:\Users\nello\AppData\Local\Temp\GestureLogicv3.elf.USO2WS.ltrans0.ltrans.o
 *fill*         0x0800a28f        0x1 
 .rodata.ch_debug