ARM GAS  C:\Users\nello\AppData\Local\Temp\ccDfoCnB.s 			page 1


   1              		.cpu cortex-m4
   2              		.arch armv7e-m
   3              		.fpu softvfp
   4              		.eabi_attribute 20, 1
   5              		.eabi_attribute 21, 1
   6              		.eabi_attribute 23, 3
   7              		.eabi_attribute 24, 1
   8              		.eabi_attribute 25, 1
   9              		.eabi_attribute 26, 1
  10              		.eabi_attribute 30, 2
  11              		.eabi_attribute 34, 1
  12              		.eabi_attribute 18, 4
  13              		.file	"hal.c"
  14              		.file 1 "../../chibios2111/os/hal/src/hal.c"
  15              		.file 2 "../../chibios2111/os/hal/osal/rt-nil/osal.h"
  16              		.section	.gnu.debuglto_.debug_info,"e",%progbits
  17              	.Ldebug_info0:
  18              		.hidden	hal.c.71605127
  19              		.weak	hal.c.71605127
  20              	hal.c.71605127:
  21 0000 86000000 		.4byte	0x86
  22 0004 0400     		.2byte	0x4
  23 0006 00000000 		.4byte	.Ldebug_abbrev0
  24 000a 04       		.byte	0x4
  25 000b 01       		.uleb128 0x1
  26 000c FC000000 		.4byte	.LASF12
  27 0010 0C       		.byte	0xc
  28 0011 44000000 		.4byte	.LASF13
  29 0015 B9000000 		.4byte	.LASF14
  30 0019 00000000 		.4byte	.Ldebug_line0
  31 001d 02       		.uleb128 0x2
  32 001e 04       		.byte	0x4
  33 001f 05       		.byte	0x5
  34 0020 696E7400 		.ascii	"int\000"
  35 0024 03       		.uleb128 0x3
  36 0025 04       		.byte	0x4
  37 0026 07       		.byte	0x7
  38 0027 0E000000 		.4byte	.LASF0
  39 002b 03       		.uleb128 0x3
  40 002c 08       		.byte	0x8
  41 002d 05       		.byte	0x5
  42 002e 00000000 		.4byte	.LASF1
  43 0032 03       		.uleb128 0x3
  44 0033 08       		.byte	0x8
  45 0034 04       		.byte	0x4
  46 0035 E6000000 		.4byte	.LASF2
  47 0039 03       		.uleb128 0x3
  48 003a 01       		.byte	0x1
  49 003b 06       		.byte	0x6
  50 003c AD000000 		.4byte	.LASF3
  51 0040 03       		.uleb128 0x3
  52 0041 01       		.byte	0x1
  53 0042 08       		.byte	0x8
  54 0043 67000000 		.4byte	.LASF4
  55 0047 03       		.uleb128 0x3
  56 0048 02       		.byte	0x2
  57 0049 05       		.byte	0x5
ARM GAS  C:\Users\nello\AppData\Local\Temp\ccDfoCnB.s 			page 2


  58 004a F2000000 		.4byte	.LASF5
  59 004e 03       		.uleb128 0x3
  60 004f 02       		.byte	0x2
  61 0050 07       		.byte	0x7
  62 0051 9A000000 		.4byte	.LASF6
  63 0055 03       		.uleb128 0x3
  64 0056 04       		.byte	0x4
  65 0057 05       		.byte	0x5
  66 0058 7A000000 		.4byte	.LASF7
  67 005c 03       		.uleb128 0x3
  68 005d 04       		.byte	0x4
  69 005e 07       		.byte	0x7
  70 005f 1B000000 		.4byte	.LASF8
  71 0063 03       		.uleb128 0x3
  72 0064 08       		.byte	0x8
  73 0065 07       		.byte	0x7
  74 0066 2D000000 		.4byte	.LASF9
  75 006a 03       		.uleb128 0x3
  76 006b 01       		.byte	0x1
  77 006c 08       		.byte	0x8
  78 006d 75000000 		.4byte	.LASF10
  79 0071 03       		.uleb128 0x3
  80 0072 01       		.byte	0x1
  81 0073 02       		.byte	0x2
  82 0074 94000000 		.4byte	.LASF11
  83 0078 04       		.uleb128 0x4
  84 0079 83000000 		.4byte	.LASF15
  85 007d 01       		.byte	0x1
  86 007e 38       		.byte	0x38
  87 007f 06       		.byte	0x6
  88 0080 05       		.uleb128 0x5
  89 0081 8B000000 		.4byte	.LASF16
  90 0085 02       		.byte	0x2
  91 0086 1302     		.2byte	0x213
  92 0088 14       		.byte	0x14
  93 0089 00       		.byte	0
  94              		.section	.gnu.debuglto_.debug_abbrev,"e",%progbits
  95              	.Ldebug_abbrev0:
  96 0000 01       		.uleb128 0x1
  97 0001 11       		.uleb128 0x11
  98 0002 01       		.byte	0x1
  99 0003 25       		.uleb128 0x25
 100 0004 0E       		.uleb128 0xe
 101 0005 13       		.uleb128 0x13
 102 0006 0B       		.uleb128 0xb
 103 0007 03       		.uleb128 0x3
 104 0008 0E       		.uleb128 0xe
 105 0009 1B       		.uleb128 0x1b
 106 000a 0E       		.uleb128 0xe
 107 000b 10       		.uleb128 0x10
 108 000c 17       		.uleb128 0x17
 109 000d 00       		.byte	0
 110 000e 00       		.byte	0
 111 000f 02       		.uleb128 0x2
 112 0010 24       		.uleb128 0x24
 113 0011 00       		.byte	0
 114 0012 0B       		.uleb128 0xb
ARM GAS  C:\Users\nello\AppData\Local\Temp\ccDfoCnB.s 			page 3


 115 0013 0B       		.uleb128 0xb
 116 0014 3E       		.uleb128 0x3e
 117 0015 0B       		.uleb128 0xb
 118 0016 03       		.uleb128 0x3
 119 0017 08       		.uleb128 0x8
 120 0018 00       		.byte	0
 121 0019 00       		.byte	0
 122 001a 03       		.uleb128 0x3
 123 001b 24       		.uleb128 0x24
 124 001c 00       		.byte	0
 125 001d 0B       		.uleb128 0xb
 126 001e 0B       		.uleb128 0xb
 127 001f 3E       		.uleb128 0x3e
 128 0020 0B       		.uleb128 0xb
 129 0021 03       		.uleb128 0x3
 130 0022 0E       		.uleb128 0xe
 131 0023 00       		.byte	0
 132 0024 00       		.byte	0
 133 0025 04       		.uleb128 0x4
 134 0026 2E       		.uleb128 0x2e
 135 0027 00       		.byte	0
 136 0028 3F       		.uleb128 0x3f
 137 0029 19       		.uleb128 0x19
 138 002a 03       		.uleb128 0x3
 139 002b 0E       		.uleb128 0xe
 140 002c 3A       		.uleb128 0x3a
 141 002d 0B       		.uleb128 0xb
 142 002e 3B       		.uleb128 0x3b
 143 002f 0B       		.uleb128 0xb
 144 0030 39       		.uleb128 0x39
 145 0031 0B       		.uleb128 0xb
 146 0032 27       		.uleb128 0x27
 147 0033 19       		.uleb128 0x19
 148 0034 00       		.byte	0
 149 0035 00       		.byte	0
 150 0036 05       		.uleb128 0x5
 151 0037 2E       		.uleb128 0x2e
 152 0038 00       		.byte	0
 153 0039 03       		.uleb128 0x3
 154 003a 0E       		.uleb128 0xe
 155 003b 3A       		.uleb128 0x3a
 156 003c 0B       		.uleb128 0xb
 157 003d 3B       		.uleb128 0x3b
 158 003e 05       		.uleb128 0x5
 159 003f 39       		.uleb128 0x39
 160 0040 0B       		.uleb128 0xb
 161 0041 27       		.uleb128 0x27
 162 0042 19       		.uleb128 0x19
 163 0043 00       		.byte	0
 164 0044 00       		.byte	0
 165 0045 00       		.byte	0
 166              		.section	.gnu.debuglto_.debug_line,"e",%progbits
 167              	.Ldebug_line0:
 168 0000 6F000000 		.4byte	.LELT0-.LSLT0
 169              	.LSLT0:
 170 0004 0400     		.2byte	0x4
 171 0006 69000000 		.4byte	.LELTP0-.LASLTP0
ARM GAS  C:\Users\nello\AppData\Local\Temp\ccDfoCnB.s 			page 4


 172              	.LASLTP0:
 173 000a 01       		.byte	0x1
 174 000b 01       		.byte	0x1
 175 000c 01       		.byte	0x1
 176 000d F6       		.byte	0xf6
 177 000e F2       		.byte	0xf2
 178 000f 0D       		.byte	0xd
 179 0010 00       		.byte	0
 180 0011 01       		.byte	0x1
 181 0012 01       		.byte	0x1
 182 0013 01       		.byte	0x1
 183 0014 01       		.byte	0x1
 184 0015 00       		.byte	0
 185 0016 00       		.byte	0
 186 0017 00       		.byte	0
 187 0018 01       		.byte	0x1
 188 0019 00       		.byte	0
 189 001a 00       		.byte	0
 190 001b 01       		.byte	0x1
 191 001c 2E2E2F2E 		.ascii	"../../chibios2111/os/hal/osal/rt-nil"
 191      2E2F6368 
 191      6962696F 
 191      73323131 
 191      312F6F73 
 192 0040 00       		.byte	0
 193 0041 2E2E2F2E 		.ascii	"../../chibios2111/os/hal/src"
 193      2E2F6368 
 193      6962696F 
 193      73323131 
 193      312F6F73 
 194 005d 00       		.byte	0
 195 005e 00       		.byte	0
 196 005f 68616C2E 		.ascii	"hal.c\000"
 196      6300
 197 0065 02       		.uleb128 0x2
 198 0066 00       		.uleb128 0
 199 0067 00       		.uleb128 0
 200 0068 6F73616C 		.ascii	"osal.h\000"
 200      2E6800
 201 006f 01       		.uleb128 0x1
 202 0070 00       		.uleb128 0
 203 0071 00       		.uleb128 0
 204 0072 00       		.byte	0
 205              	.LELTP0:
 206              	.LELT0:
 207              		.section	.gnu.debuglto_.debug_str,"eMS",%progbits,1
 208              	.LASF1:
 209 0000 6C6F6E67 		.ascii	"long long int\000"
 209      206C6F6E 
 209      6720696E 
 209      7400
 210              	.LASF0:
 211 000e 756E7369 		.ascii	"unsigned int\000"
 211      676E6564 
 211      20696E74 
 211      00
 212              	.LASF8:
ARM GAS  C:\Users\nello\AppData\Local\Temp\ccDfoCnB.s 			page 5


 213 001b 6C6F6E67 		.ascii	"long unsigned int\000"
 213      20756E73 
 213      69676E65 
 213      6420696E 
 213      7400
 214              	.LASF9:
 215 002d 6C6F6E67 		.ascii	"long long unsigned int\000"
 215      206C6F6E 
 215      6720756E 
 215      7369676E 
 215      65642069 
 216              	.LASF13:
 217 0044 2E2E2F2E 		.ascii	"../../chibios2111/os/hal/src/hal.c\000"
 217      2E2F6368 
 217      6962696F 
 217      73323131 
 217      312F6F73 
 218              	.LASF4:
 219 0067 756E7369 		.ascii	"unsigned char\000"
 219      676E6564 
 219      20636861 
 219      7200
 220              	.LASF10:
 221 0075 63686172 		.ascii	"char\000"
 221      00
 222              	.LASF7:
 223 007a 6C6F6E67 		.ascii	"long int\000"
 223      20696E74 
 223      00
 224              	.LASF15:
 225 0083 68616C49 		.ascii	"halInit\000"
 225      6E697400 
 226              	.LASF16:
 227 008b 6F73616C 		.ascii	"osalInit\000"
 227      496E6974 
 227      00
 228              	.LASF11:
 229 0094 5F426F6F 		.ascii	"_Bool\000"
 229      6C00
 230              	.LASF6:
 231 009a 73686F72 		.ascii	"short unsigned int\000"
 231      7420756E 
 231      7369676E 
 231      65642069 
 231      6E7400
 232              	.LASF3:
 233 00ad 7369676E 		.ascii	"signed char\000"
 233      65642063 
 233      68617200 
 234              	.LASF14:
 235 00b9 433A5C43 		.ascii	"C:\\ChibiStudio\\workspace_user\\GestureLogicv3\000"
 235      68696269 
 235      53747564 
 235      696F5C77 
 235      6F726B73 
 236              	.LASF2:
 237 00e6 6C6F6E67 		.ascii	"long double\000"
ARM GAS  C:\Users\nello\AppData\Local\Temp\ccDfoCnB.s 			page 6


 237      20646F75 
 237      626C6500 
 238              	.LASF5:
 239 00f2 73686F72 		.ascii	"short int\000"
 239      7420696E 
 239      7400
 240              	.LASF12:
 241 00fc 474E5520 		.ascii	"GNU C17 10.3.1 20210824 (release) -mcpu=cortex-m4 -"
 241      43313720 
 241      31302E33 
 241      2E312032 
 241      30323130 
 242 012f 6D746875 		.ascii	"mthumb -mfloat-abi=soft -march=armv7e-m -ggdb -O2 -"
 242      6D62202D 
 242      6D666C6F 
 242      61742D61 
 242      62693D73 
 243 0162 666F6D69 		.ascii	"fomit-frame-pointer -falign-functions=16 -ffunction"
 243      742D6672 
 243      616D652D 
 243      706F696E 
 243      74657220 
 244 0195 2D736563 		.ascii	"-sections -fdata-sections -fno-common -flto\000"
 244      74696F6E 
 244      73202D66 
 244      64617461 
 244      2D736563 
 245              		.text
 246              		.section	.gnu.lto_.profile.6c443aa2,"e",%progbits
 247 0000 789C6362 		.ascii	"x\234cb\000\001\000\000\022\000\003"
 247      00010000 
 247      120003
 248              		.text
 249              		.section	.gnu.lto_.icf.6c443aa2,"e",%progbits
 250 0000 789CE360 		.ascii	"x\234\343`@\000F\206\333\317?512\000\000\017\261\003"
 250      40004686 
 250      DBCF3F35 
 250      31320000 
 250      0FB103
 251 0013 41       		.ascii	"A"
 252              		.text
 253              		.section	.gnu.lto_.ipa_sra.6c443aa2,"e",%progbits
 254 0000 789C1366 		.ascii	"x\234\023f@\000F\020B\205\000\002\307\000\035"
 254      40004610 
 254      42850002 
 254      C7001D
 255              		.text
 256              		.section	.gnu.lto_.inline.6c443aa2,"e",%progbits
 257 0000 789CF363 		.ascii	"x\234\363c@\000F\006\006\256\206\206\206\005L\231\214"
 257      40004606 
 257      06AE8686 
 257      86054C99 
 257      8C
 258 0011 0C4C0C0C 		.ascii	"\014L\014\014\215@v\035\003\003\033\220j`Ja\002\011"
 258      8D40761D 
 258      03031B90 
 258      6A604A61 
ARM GAS  C:\Users\nello\AppData\Local\Temp\ccDfoCnB.s 			page 7


 258      0209
 259 0023 31307231 		.ascii	"10r1\020I2\000\000\367\030\010$"
 259      10493200 
 259      00F71808 
 259      24
 260              		.text
 261              		.section	.gnu.lto_.jmpfuncs.6c443aa2,"e",%progbits
 262 0000 789CE361 		.ascii	"x\234\343a@\000F$6\000\001D\000\016"
 262      40004624 
 262      36000144 
 262      000E
 263              		.text
 264              		.section	.gnu.lto_.pureconst.6c443aa2,"e",%progbits
 265 0000 789C6361 		.ascii	"x\234ca```d\230\301\002\000\001`\000\242"
 265      60606064 
 265      98C10200 
 265      016000A2 
 266              		.text
 267              		.section	.gnu.lto_.lto.6c443aa2,"e",%progbits
 268 0000 09000400 		.ascii	"\011\000\004\000\001\000\000\000"
 268      01000000 
 269              		.text
 270              		.section	.gnu.lto_halInit.402.6c443aa2,"e",%progbits
 271 0000 789CF366 		.ascii	"x\234\363fd`h```P\006bFf\006\306I\023\273\230\030\032"
 271      64606860 
 271      60605006 
 271      62466606 
 271      C64913BB 
 272 0017 1A1A1CD8 		.ascii	"\032\032\034\330\231\030\033'vq2ne\004\363\030\031\352"
 272      99181B27 
 272      7671326E 
 272      6504F318 
 272      19EA
 273 0029 9918EB19 		.ascii	"\231\030\353\031'3k\002\271?Zg\375\340i\225X\302\314"
 273      27336B02 
 273      B93F5A67 
 273      FDE06995 
 273      58C2CC
 274 003c C0300F88 		.ascii	"\3000\017\210\241\200\015\306\003\032\311\260\376\022"
 274      A1800DC6 
 274      031AC9B0 
 274      FE12
 275 004a EB81863F 		.ascii	"\353\201\206?\377\373\033\032\236>b\334\247\312\311"
 275      FFFB1B1A 
 275      9E3E62DC 
 275      A7CAC9
 276 0059 C0D0CF0C 		.ascii	"\300\320\317\0142\267\201\205\261\341\000\003\303\004"
 276      32B78185 
 276      B1E10003 
 276      C304
 277 0067 662608A7 		.ascii	"f&\010\247\031\310y\305\330\360\350;/\210\372\274\261"
 277      19C879C5 
 277      D8F0E83B 
 277      2F88FABC 
 277      B1
 278 0078 F7DAA307 		.ascii	"\367\332\243\007B\020\241\333\2178@\364\247\205\217"
 278      4210A1DB 
ARM GAS  C:\Users\nello\AppData\Local\Temp\ccDfoCnB.s 			page 8


 278      8F3840F4 
 278      A7858F
 279 0087 DFB3009D 		.ascii	"\337\263\000\235\301\360\201\261Y\201\241\205\221i\011"
 279      C1F081B1 
 279      5981A185 
 279      916909
 280 0096 33E33C66 		.ascii	"3\343<f\240\035K\230\231\300\352\246\260\241J1!\244"
 280      A01D4B98 
 280      99C0EAA6 
 280      B0A14A31 
 280      21A4
 281 00a8 BEA04931 		.ascii	"\276\240I1#\2446\261\243J\261 \244\366\241I\261\"\244"
 281      23A436B1 
 281      A34AB120 
 281      A4F6A149 
 281      B122A4
 282 00bb 6E71A14A 		.ascii	"nq\241J\261!\244~\240I\261C\244>16=\370\353\005\016"
 282      B121A47E 
 282      A049B143 
 282      A43E3136 
 282      3DF8EB05 
 283 00d0 A07E6646 		.ascii	"\240~fF\210\247\233\016\200\270\272\316V1\316\031\231"
 283      88A79B0E 
 283      80B8BACE 
 283      5631CE19 
 283      99
 284 00e1 4999C125 		.ascii	"I\231\301%\245)\231\3711\345\371E\331\305\005\211\311"
 284      A52999F9 
 284      31E5F945 
 284      D9C50589 
 284      C9
 285 00f2 A9F1A5C5 		.ascii	"\251\361\245\305\251E1\356\251\305%\245E\251>\371\351"
 285      A94531EE 
 285      A9C525A5 
 285      45A93EF9 
 285      E9
 286 0103 99C965C6 		.ascii	"\231\311e\306\014\312zz\372@\224\014\322\220_ldhh\250"
 286      0CCA7A7A 
 286      FA40940C 
 286      D2905F6C 
 286      646868A8 
 287 0117 9F5FAC9F 		.ascii	"\237_\254\237\221\230\243_\\\224\014\242\365\222\031"
 287      9198A35F 
 287      5C940CA2 
 287      F59219
 288 0126 7470AAC9 		.ascii	"tp\252\311/\006\022E%\272y\231\020\266^\006\003\000"
 288      2F061245 
 288      25BA7999 
 288      10B65E06 
 288      0300
 289 0138 40D49686 		.ascii	"@\324\226\206"
 290              		.text
 291              		.section	.gnu.lto_.symbol_nodes.6c443aa2,"e",%progbits
 292 0000 789C758F 		.ascii	"x\234u\217\313\021\3020\014DW^\307\236I\023\264\220"
 292      CB11C230 
 292      0C44575E 
 292      C79E4913 
ARM GAS  C:\Users\nello\AppData\Local\Temp\ccDfoCnB.s 			page 9


 292      B490
 293 0012 0E3774C0 		.ascii	"\0167t\300\360\011\311=UP\004U\320\007\330DW\351\364"
 293      F009C93D 
 293      55500455 
 293      D007D844 
 293      57E9F4
 294 0025 E6BDBD68 		.ascii	"\346\275\275h2\000\351Jan\227\355\362\006\004\274\346"
 294      3200E94A 
 294      616E97ED 
 294      F20604BC 
 294      E6
 295 0036 B3A127C0 		.ascii	"\263\241'\3006\312\276~\247\377\000}\334\253\255T\212"
 295      36CABE7E 
 295      A7FF007D 
 295      DCABAD54 
 295      8A
 296 0047 DA9362D4 		.ascii	"\332\223b\324\026*G\355A\015Q\273S%j7\252\006\215\250"
 296      162A47ED 
 296      410D51BB 
 296      53256A37 
 296      AA068DA8 
 297 005b C77BBB11 		.ascii	"\307{\273\021\345\300O\303\301m!\262\333\206t[\211\344"
 297      E5C04FC3 
 297      C16D21B2 
 297      DB86745B 
 297      89E4
 298 006d B6A1B91D 		.ascii	"\266\241\271\035\361\003=0o)"
 298      F1033D30 
 298      6F29
 299              		.text
 300              		.section	.gnu.lto_.refs.6c443aa2,"e",%progbits
 301 0000 789C6364 		.ascii	"x\234cd\000\002\000\000\012\000\002"
 301      00020000 
 301      0A0002
 302              		.text
 303              		.section	.gnu.lto_.decls.6c443aa2,"e",%progbits
 304 0000 789C8D92 		.ascii	"x\234\215\222]h\034U\024\307\317\271w\2633\031\267\335"
 304      5D681C55 
 304      14C7CFB9 
 304      77B33319 
 304      B7DD
 305 0012 201BFA20 		.ascii	" \033\372 \204%}pQ\262\353Nb\202\037\310BlCiL\242\265"
 305      84257D70 
 305      51B2EB4E 
 305      62821FC8 
 305      426C4369 
 306 0029 2F25B0A4 		.ascii	"/%\260\244;\213;\230t\303\316&\306\267\213\245T1\246"
 306      3B8B3B98 
 306      74C3CE26 
 306      C6B78BA5 
 306      5431A6
 307 003c A1293658 		.ascii	"\241)6X\221(\010\025E*\370Q\233\246m66\331\244\215`"
 307      91280815 
 307      452AF851 
 307      9BA66D36 
 307      36D9A48D 
 308 0051 7D11B588 		.ascii	"}\021\265\210\246\312\372\361\020\260h\375\200x\356"
ARM GAS  C:\Users\nello\AppData\Local\Temp\ccDfoCnB.s 			page 10


 308      A6CAFAF1 
 308      10B068FD 
 308      8078EE
 309 0060 9DD949FC 		.ascii	"\235\331I\374\010\346\356\236s\317\314\374\376\377s"
 309      08E6EE9E 
 309      73CFCCFC 
 309      FEFF73
 310 006f EFDC690A 		.ascii	"\357\334i\012\000\034`\000\343\000\260F\203J\370\004"
 310      001C6000 
 310      E300B046 
 310      834AF804 
 311 007f D6874E71 		.ascii	"\326\207Nq\236\342\002\305%\212\022\305G\024\363\024"
 311      9EE202C5 
 311      258A12C5 
 311      4714F314 
 312 008f 658A25F8 		.ascii	"e\212%\370\367x\032\0018\3159\212e\212\351\177x-y\332"
 312      F7781A01 
 312      38CD398A 
 312      658AE97F 
 312      782D79DA 
 313 00a3 79CFABE4 		.ascii	"y\317\253\344y_\370\017\257S\234\275\2712}=\364-\202"
 313      795FF80F 
 313      AF539CBD 
 313      B9327D3D 
 313      F42D82
 314 00b6 5C5AC042 		.ascii	"\\Z\300B\304\317Z)\031p\200CD0\301\202\026g\0067\270"
 314      C4CF5A29 
 314      19708043 
 314      4430C182 
 314      16670637 
 315 00cb 6594B121 		.ascii	"e\224\261!v\223\247t\026\013\033\372\3519\2543jt\306"
 315      7693A774 
 315      160B1BFA 
 315      E939AC33 
 315      6A74C6
 316 00de 2A9A65C4 		.ascii	"*\232e\304~\307\267\330T0\232\022\001k\264\276\242\011"
 316      7EC7B7D8 
 316      54309A12 
 316      016BB4BE 
 316      A209
 317 00f0 36DE1569 		.ascii	"6\336\025iNQ\256he\264H\325\023\320\353\250\252h\306"
 317      4E51AE68 
 317      65B448D5 
 317      13D0EBA8 
 317      AA68C6
 318 0103 4D3EF542 		.ascii	"M>\365B\320Zf\317\336\211e4,3\"\204H\351zC\270\304K"
 318      D05A66CF 
 318      DE896534 
 318      2C332284 
 318      48E97A43 
 319 011a 7C376D43 		.ascii	"|7mC?\363v\275Q\321\302d\021\263\242uV4\\\306\032\313"
 319      3FF376BD 
 319      51D1C264 
 319      11B3A275 
 319      56345CC6 
 320 0130 322231A0 		.ascii	"2\"1\240EX\246\231b\0069\007\3642\232\034C\246\370\372"
 320      4558A699 
ARM GAS  C:\Users\nello\AppData\Local\Temp\ccDfoCnB.s 			page 11


 320      62063907 
 320      F4329A1C 
 320      43A6F8FA 
 321 0144 C71D468D 		.ascii	"\307\035F\215Q\333\020\215\001X\260\233\221/_\253\016"
 321      51DB108D 
 321      0158B09B 
 321      912F5FAB 
 321      0E
 322 0155 D4A8A7B5 		.ascii	"\324\250\247\265~\211\0303\230\311\370\336\212\006\300"
 322      7E891833 
 322      98C9F8DE 
 322      8A06C0
 323 0164 58144004 		.ascii	"X\024@\004\364P\010\005M\265\351\275V\217i@Ec\364(\022"
 323      F4500805 
 323      4DB5E9BD 
 323      568F6940 
 323      4563F428 
 324 0179 40C1705D 		.ascii	"@\301p]i\004\001\221!\270?\231\320K(/\321=\341j\027"
 324      69040191 
 324      21B83F99 
 324      D04B282F 
 324      D13DE16A 
 325 018e 759F5EA9 		.ascii	"u\237^\251\253\000Uzw\375\311\253%\300<\037\346\035"
 325      AB00557A 
 325      77FDC9AB 
 325      25C03C1F 
 325      E61D
 326 01a0 0CBA1AAF 		.ascii	"\014\272\032\257\211\314\033\314}\004=\244\352\343j"
 326      89CC1BCC 
 326      7D043DA4 
 326      EAE36A
 327 01af 3CC0D77A 		.ascii	"<\300\327z\245\354\241`\266Q\243t\177[\370\272%\370"
 327      A5ECA160 
 327      B651A374 
 327      7F5BF8BA 
 327      25F8
 328 01c1 B6D52501 		.ascii	"\266\325%\001V?\233\331\211/\216\326|G\257MLF\260~<"
 328      563F9BD9 
 328      892F8ED6 
 328      7C47AF4D 
 328      4C46B07E 
 329 01d6 05C8EF00 		.ascii	"\005\310\357\000\276\023\022B\215R\006\360\003\027\356"
 329      BE131242 
 329      8D5206F0 
 329      0317EE
 330 01e5 BEED38C7 		.ascii	"\276\3558\307\333\221Q\216`\035I\217N\217]1v\020\364"
 330      DB91518E 
 330      601D498F 
 330      4E8F5D31 
 330      7610F4
 331 01f8 931011CC 		.ascii	"\223\020\021\314\3419\304\017e\327ij\230W\346/~z\365"
 331      E139C40F 
 331      65D7696A 
 331      9857E62F 
 331      7E7AF5
 332 020b 48B87172 		.ascii	"H\270qrR\334Z\233\377\370\231\206\371\303\342\264\374"
 332      52DC5A9B 
ARM GAS  C:\Users\nello\AppData\Local\Temp\ccDfoCnB.s 			page 12


 332      FFF89986 
 332      F9C3E2B4 
 332      FC
 333 021c 4A88C0F7 		.ascii	"J\210\300\367\021\317*_\252\000\337C|\027\273G\370;"
 333      11CF2A5F 
 333      AA00DF43 
 333      7C17BB47 
 333      F83B
 334 022e 286537A6 		.ascii	"(e7\246F\307\265\306I!n\255>?v8\370\262(1)\231\361%"
 334      46C7B5C6 
 334      49216EAD 
 334      3E3F7638 
 334      F8B22831 
 335 0246 336AE22B 		.ascii	"3j\342+\212\036\373\363\253\007%|\366\334\261\312\243"
 335      8A1EFBF3 
 335      AB07257C 
 335      F6DCB1CA 
 335      A3
 336 0257 55F6A2CF 		.ascii	"U\366\242\317^t\3317\230d\277y\375\327W\267)\370\332"
 336      5E74D937 
 336      9864BF79 
 336      FDD757B7 
 336      29F8DA
 337 026a C45AB20A 		.ascii	"\304Z\262\012\317\372\360\254\013_W\360\371\357\177"
 337      CFFAF0AC 
 337      0B5F57F0 
 337      F9EF7F
 338 0279 F6E0C993 		.ascii	"\366\340\311\223K\317iS1\311\316\371\354\234\313Np\311"
 338      4BCF6953 
 338      31C9CEF9 
 338      EC9CCB4E 
 338      70C9
 339 028b BEB632BA 		.ascii	"\276\2662\272\210\212\375\345\245SG<\366\262\317^v\331"
 339      888AFDE5 
 339      A553473C 
 339      F6B2CF5E 
 339      76D9
 340 029d 05C59EB8 		.ascii	"\005\305\236\27013\301\025\373\371+?\034\363\330\005"
 340      3133C115 
 340      FBF92B3F 
 340      1CF3D805 
 341 02ad 9F5D70D9 		.ascii	"\237]p\331\023\001\311\236\254\214^\333\256\330\343"
 341      1301C99E 
 341      AC8C5EDB 
 341      AED8E3
 342 02bc 2BABBF6D 		.ascii	"+\253\277m\257\256x\321\247\027\325\244N&\240N&J\252"
 342      AFAE78D1 
 342      A717D5A4 
 342      4E26A04E 
 342      264AAA
 343 02cf A52FCFFC 		.ascii	"\245/\317\374\241\207.\011\261*\246J\001)\270\212xE"
 343      A1872E09 
 343      B12AA64A 
 343      0129B88A 
 343      7845
 344 02e1 9ECDB2C4 		.ascii	"\236\315\262\304y\262\025j\373\012\003\303m\331\246"
 344      79B2156A 
ARM GAS  C:\Users\nello\AppData\Local\Temp\ccDfoCnB.s 			page 13


 344      FB0A03C3 
 344      6DD9A6
 345 02f0 013032F9 		.ascii	"\00102\371B1;\3224\320\002Z\256\257\177\317!\273\330"
 345      42313BD2 
 345      34D0025A 
 345      AEAF7FCF 
 345      21BBD8
 346 0303 188F27E8 		.ascii	"\030\217'\350\237\311\331\007\355\274c&\223\311D\336"
 346      9FC9D907 
 346      EDBC6326 
 346      93C944DE 
 347 0313 49D0C384 		.ascii	"I\320\303\204S\310\3109\236\321;\272\366G\333\223m\020"
 347      53C8C839 
 347      9ED13BBA 
 347      F647DB93 
 347      6D10
 348 0325 5697F1B6 		.ascii	"V\227\361\266d\353=\367&\3156hj\277\277\267]\012\367"
 348      64EB3DF7 
 348      26CD3668 
 348      6ABFBFB7 
 348      5D0AF7
 349 0338 15872C3B 		.ascii	"\025\207,;\337\373T\276\360\2443\330\227\311\246\207"
 349      DFFB54BE 
 349      F0A433D8 
 349      97C9A687 
 350 0348 9C6CA1B7 		.ascii	"\234l\241\267#\353\024\207\012\331\316\374\023vf\270"
 350      23EB1487 
 350      0AD9CEFC 
 350      137666B8 
 351 0358 1976FE7F 		.ascii	"\031v\376\177'\010:E\271\250\2736E\355C\231\376!++\353"
 351      27083A45 
 351      B9A8BB36 
 351      45ED4399 
 351      FE212B2B 
 352 036d B4538CE7 		.ascii	"\264S\214\347\240\366`\276\257`I\321\003\233\212\024"
 352      A0F660BE 
 352      AF6049D1 
 352      039B8A14 
 353 037d E224F63D 		.ascii	"\342$\366=\236\356\332\337\336\271\253\273\265%\335"
 353      9EEEDADF 
 353      DEB9ABBB 
 353      B525DD
 354 038c D1D2D6F2 		.ascii	"\321\322\326\362\330.\367\011\271h\216\235\227\036w"
 354      D82EF709 
 354      B9688E9D 
 354      971E77
 355 039b 6FADB19D 		.ascii	"o\255\261\235'M\320Qm\343[\223d\0136\355\220:\331ff"
 355      274DD051 
 355      6DE35B93 
 355      640B36ED 
 355      903AD966 
 356 03b0 EB9D0826 		.ascii	"\353\235\010&\315\266\364 \325\375\375V\332&\345C\233"
 356      CDB6F420 
 356      D5FDFD56 
 356      DA26E543 
 356      9B
 357 03c1 2A07E974 		.ascii	"*\007\351t\3456\037i6\023\235\235\017':z\366t\017\233"
ARM GAS  C:\Users\nello\AppData\Local\Temp\ccDfoCnB.s 			page 14


 357      E5361F69 
 357      36139D9D 
 357      0F273A7A 
 357      F6740F9B 
 358 03d5 CAC83320 		.ascii	"\312\3103 \263Pn\203\327}[\362R\271\243ed$\221\363m"
 358      B3506E83 
 358      D77D5BF2 
 358      52B9A365 
 358      642491F3 
 359 03ea FE02EEE3 		.ascii	"\376\002\356\343\337\274"
 359      DFBC
 360              		.text
 361              		.section	.gnu.lto_.symtab.6c443aa2,"e",%progbits
 362 0000 68616C49 		.ascii	"halInit\000"
 362      6E697400 
 363 0008 00       		.ascii	"\000"
 364 0009 00       		.ascii	"\000"
 365 000a 00       		.ascii	"\000"
 366 000b 00000000 		.ascii	"\000\000\000\000\000\000\000\000"
 366      00000000 
 367 0013 BC000000 		.ascii	"\274\000\000\000"
 368 0017 7374496E 		.ascii	"stInit\000"
 368      697400
 369 001e 00       		.ascii	"\000"
 370 001f 02       		.ascii	"\002"
 371 0020 00       		.ascii	"\000"
 372 0021 00000000 		.ascii	"\000\000\000\000\000\000\000\000"
 372      00000000 
 373 0029 BE000000 		.ascii	"\276\000\000\000"
 374 002d 626F6172 		.ascii	"boardInit\000"
 374      64496E69 
 374      7400
 375 0037 00       		.ascii	"\000"
 376 0038 02       		.ascii	"\002"
 377 0039 00       		.ascii	"\000"
 378 003a 00000000 		.ascii	"\000\000\000\000\000\000\000\000"
 378      00000000 
 379 0042 C0000000 		.ascii	"\300\000\000\000"
 380 0046 73696F49 		.ascii	"sioInit\000"
 380      6E697400 
 381 004e 00       		.ascii	"\000"
 382 004f 02       		.ascii	"\002"
 383 0050 00       		.ascii	"\000"
 384 0051 00000000 		.ascii	"\000\000\000\000\000\000\000\000"
 384      00000000 
 385 0059 C2000000 		.ascii	"\302\000\000\000"
 386 005d 7364496E 		.ascii	"sdInit\000"
 386      697400
 387 0064 00       		.ascii	"\000"
 388 0065 02       		.ascii	"\002"
 389 0066 00       		.ascii	"\000"
 390 0067 00000000 		.ascii	"\000\000\000\000\000\000\000\000"
 390      00000000 
 391 006f C4000000 		.ascii	"\304\000\000\000"
 392 0073 69326349 		.ascii	"i2cInit\000"
 392      6E697400 
 393 007b 00       		.ascii	"\000"
ARM GAS  C:\Users\nello\AppData\Local\Temp\ccDfoCnB.s 			page 15


 394 007c 02       		.ascii	"\002"
 395 007d 00       		.ascii	"\000"
 396 007e 00000000 		.ascii	"\000\000\000\000\000\000\000\000"
 396      00000000 
 397 0086 C6000000 		.ascii	"\306\000\000\000"
 398 008a 5F70616C 		.ascii	"_pal_lld_init\000"
 398      5F6C6C64 
 398      5F696E69 
 398      7400
 399 0098 00       		.ascii	"\000"
 400 0099 02       		.ascii	"\002"
 401 009a 00       		.ascii	"\000"
 402 009b 00000000 		.ascii	"\000\000\000\000\000\000\000\000"
 402      00000000 
 403 00a3 C8000000 		.ascii	"\310\000\000\000"
 404 00a7 68616C5F 		.ascii	"hal_lld_init\000"
 404      6C6C645F 
 404      696E6974 
 404      00
 405 00b4 00       		.ascii	"\000"
 406 00b5 02       		.ascii	"\002"
 407 00b6 00       		.ascii	"\000"
 408 00b7 00000000 		.ascii	"\000\000\000\000\000\000\000\000"
 408      00000000 
 409 00bf CA000000 		.ascii	"\312\000\000\000"
 410              		.text
 411              		.section	.gnu.lto_.ext_symtab.6c443aa2,"e",%progbits
 412 0000 01       		.ascii	"\001"
 413 0001 01       		.ascii	"\001"
 414 0002 00       		.ascii	"\000"
 415 0003 01       		.ascii	"\001"
 416 0004 00       		.ascii	"\000"
 417 0005 01       		.ascii	"\001"
 418 0006 00       		.ascii	"\000"
 419 0007 01       		.ascii	"\001"
 420 0008 00       		.ascii	"\000"
 421 0009 01       		.ascii	"\001"
 422 000a 00       		.ascii	"\000"
 423 000b 01       		.ascii	"\001"
 424 000c 00       		.ascii	"\000"
 425 000d 01       		.ascii	"\001"
 426 000e 00       		.ascii	"\000"
 427 000f 01       		.ascii	"\001"
 428 0010 00       		.ascii	"\000"
 429              		.text
 430              		.section	.gnu.lto_.opts,"e",%progbits
 431 0000 272D666E 		.ascii	"'-fno-openmp' '-fno-openacc' '-fno-pie' '-fcf-prote"
 431      6F2D6F70 
 431      656E6D70 
 431      2720272D 
 431      666E6F2D 
 432 0033 6374696F 		.ascii	"ction=none' '-g' '-mcpu=cortex-m4' '-mthumb' '-mflo"
 432      6E3D6E6F 
 432      6E652720 
 432      272D6727 
 432      20272D6D 
 433 0066 61742D61 		.ascii	"at-abi=soft' '-mlibarch=armv7e-m' '-march=armv7e-m'"
ARM GAS  C:\Users\nello\AppData\Local\Temp\ccDfoCnB.s 			page 16


 433      62693D73 
 433      6F667427 
 433      20272D6D 
 433      6C696261 
 434 0099 20272D4F 		.ascii	" '-O2' '-fomit-frame-pointer' '-falign-functions=16"
 434      32272027 
 434      2D666F6D 
 434      69742D66 
 434      72616D65 
 435 00cc 2720272D 		.ascii	"' '-ffunction-sections' '-fdata-sections' '-fno-com"
 435      6666756E 
 435      6374696F 
 435      6E2D7365 
 435      6374696F 
 436 00ff 6D6F6E27 		.ascii	"mon' '-flto' '-Xassembler' '-alms=./build/lst/hal.l"
 436      20272D66 
 436      6C746F27 
 436      20272D58 
 436      61737365 
 437 0132 73742700 		.ascii	"st'\000"
 438              		.text
 439              		.comm	__gnu_lto_slim,1,1
 440              		.ident	"GCC: (GNU Arm Embedded Toolchain 10.3-2021.10) 10.3.1 20210824 (release)"
ARM GAS  C:\Users\nello\AppData\Local\Temp\ccDfoCnB.s 			page 17


DEFINED SYMBOLS
                            *ABS*:00000000 hal.c
C:\Users\nello\AppData\Local\Temp\ccDfoCnB.s:20     .gnu.debuglto_.debug_info:00000000 hal.c.71605127
                            *COM*:00000001 __gnu_lto_slim

NO UNDEFINED SYMBOLS
