ARM GAS  C:\Users\nello\AppData\Local\Temp\ccnRqDuE.s 			page 1


   1              		.cpu cortex-m4
   2              		.arch armv7e-m
   3              		.fpu softvfp
   4              		.eabi_attribute 20, 1
   5              		.eabi_attribute 21, 1
   6              		.eabi_attribute 23, 3
   7              		.eabi_attribute 24, 1
   8              		.eabi_attribute 25, 1
   9              		.eabi_attribute 26, 1
  10              		.eabi_attribute 30, 2
  11              		.eabi_attribute 34, 1
  12              		.eabi_attribute 18, 4
  13              		.file	"hal_st.c"
  14              		.file 1 "c:\\chibistudio\\tools\\gnu tools arm embedded\\10.3 2021.10\\arm-none-eabi\\include\\mac
  15              		.file 2 "c:\\chibistudio\\tools\\gnu tools arm embedded\\10.3 2021.10\\arm-none-eabi\\include\\sys
  16              		.file 3 "../../chibios2111/os/rt/include/chtime.h"
  17              		.file 4 "../../chibios2111/os/hal/ports/STM32/LLD/TIMv1/stm32_tim.h"
  18              		.file 5 "../../chibios2111/os/hal/src/hal_st.c"
  19              		.file 6 "../../chibios2111/os/hal/ports/STM32/LLD/SYSTICKv1/hal_st_lld.h"
  20              		.section	.gnu.debuglto_.debug_info,"e",%progbits
  21              	.Ldebug_info0:
  22              		.hidden	hal_st.c.6b25197d
  23              		.weak	hal_st.c.6b25197d
  24              	hal_st.c.6b25197d:
  25 0000 7D030000 		.4byte	0x37d
  26 0004 0400     		.2byte	0x4
  27 0006 00000000 		.4byte	.Ldebug_abbrev0
  28 000a 04       		.byte	0x4
  29 000b 01       		.uleb128 0x1
  30 000c 5B000000 		.4byte	.LASF41
  31 0010 0C       		.byte	0xc
  32 0011 42020000 		.4byte	.LASF42
  33 0015 68010000 		.4byte	.LASF43
  34 0019 00000000 		.4byte	.Ldebug_line0
  35 001d 02       		.uleb128 0x2
  36 001e 04       		.byte	0x4
  37 001f 05       		.byte	0x5
  38 0020 696E7400 		.ascii	"int\000"
  39 0024 03       		.uleb128 0x3
  40 0025 04       		.byte	0x4
  41 0026 07       		.byte	0x7
  42 0027 03020000 		.4byte	.LASF0
  43 002b 03       		.uleb128 0x3
  44 002c 08       		.byte	0x8
  45 002d 05       		.byte	0x5
  46 002e 34020000 		.4byte	.LASF1
  47 0032 03       		.uleb128 0x3
  48 0033 08       		.byte	0x8
  49 0034 04       		.byte	0x4
  50 0035 B2020000 		.4byte	.LASF2
  51 0039 03       		.uleb128 0x3
  52 003a 01       		.byte	0x1
  53 003b 06       		.byte	0x6
  54 003c BE020000 		.4byte	.LASF3
  55 0040 03       		.uleb128 0x3
  56 0041 01       		.byte	0x1
  57 0042 08       		.byte	0x8
ARM GAS  C:\Users\nello\AppData\Local\Temp\ccnRqDuE.s 			page 2


  58 0043 C6010000 		.4byte	.LASF4
  59 0047 03       		.uleb128 0x3
  60 0048 02       		.byte	0x2
  61 0049 05       		.byte	0x5
  62 004a 3F000000 		.4byte	.LASF5
  63 004e 03       		.uleb128 0x3
  64 004f 02       		.byte	0x2
  65 0050 07       		.byte	0x7
  66 0051 2C000000 		.4byte	.LASF6
  67 0055 03       		.uleb128 0x3
  68 0056 04       		.byte	0x4
  69 0057 05       		.byte	0x5
  70 0058 9E020000 		.4byte	.LASF7
  71 005c 04       		.uleb128 0x4
  72 005d D4010000 		.4byte	.LASF10
  73 0061 01       		.byte	0x1
  74 0062 4F       		.byte	0x4f
  75 0063 19       		.byte	0x19
  76 0064 68000000 		.4byte	0x68
  77 0068 03       		.uleb128 0x3
  78 0069 04       		.byte	0x4
  79 006a 07       		.byte	0x7
  80 006b AC010000 		.4byte	.LASF8
  81 006f 03       		.uleb128 0x3
  82 0070 08       		.byte	0x8
  83 0071 07       		.byte	0x7
  84 0072 D0020000 		.4byte	.LASF9
  85 0076 04       		.uleb128 0x4
  86 0077 95020000 		.4byte	.LASF11
  87 007b 02       		.byte	0x2
  88 007c 30       		.byte	0x30
  89 007d 14       		.byte	0x14
  90 007e 5C000000 		.4byte	0x5c
  91 0082 05       		.uleb128 0x5
  92 0083 76000000 		.4byte	0x76
  93 0087 03       		.uleb128 0x3
  94 0088 01       		.byte	0x1
  95 0089 08       		.byte	0x8
  96 008a 10020000 		.4byte	.LASF12
  97 008e 06       		.uleb128 0x6
  98 008f 87000000 		.4byte	0x87
  99 0093 04       		.uleb128 0x4
 100 0094 22000000 		.4byte	.LASF13
 101 0098 03       		.byte	0x3
 102 0099 6D       		.byte	0x6d
 103 009a 12       		.byte	0x12
 104 009b 76000000 		.4byte	0x76
 105 009f 07       		.uleb128 0x7
 106 00a0 82000000 		.4byte	0x82
 107 00a4 AF000000 		.4byte	0xaf
 108 00a8 08       		.uleb128 0x8
 109 00a9 24000000 		.4byte	0x24
 110 00ad 01       		.byte	0x1
 111 00ae 00       		.byte	0
 112 00af 05       		.uleb128 0x5
 113 00b0 9F000000 		.4byte	0x9f
 114 00b4 07       		.uleb128 0x7
ARM GAS  C:\Users\nello\AppData\Local\Temp\ccnRqDuE.s 			page 3


 115 00b5 82000000 		.4byte	0x82
 116 00b9 C4000000 		.4byte	0xc4
 117 00bd 08       		.uleb128 0x8
 118 00be 24000000 		.4byte	0x24
 119 00c2 03       		.byte	0x3
 120 00c3 00       		.byte	0
 121 00c4 05       		.uleb128 0x5
 122 00c5 B4000000 		.4byte	0xb4
 123 00c9 03       		.uleb128 0x3
 124 00ca 01       		.byte	0x1
 125 00cb 02       		.byte	0x2
 126 00cc CA020000 		.4byte	.LASF14
 127 00d0 09       		.uleb128 0x9
 128 00d1 E403     		.2byte	0x3e4
 129 00d3 04       		.byte	0x4
 130 00d4 F601     		.2byte	0x1f6
 131 00d6 09       		.byte	0x9
 132 00d7 48020000 		.4byte	0x248
 133 00db 0A       		.uleb128 0xa
 134 00dc 43523100 		.ascii	"CR1\000"
 135 00e0 04       		.byte	0x4
 136 00e1 F701     		.2byte	0x1f7
 137 00e3 19       		.byte	0x19
 138 00e4 82000000 		.4byte	0x82
 139 00e8 00       		.byte	0
 140 00e9 0A       		.uleb128 0xa
 141 00ea 43523200 		.ascii	"CR2\000"
 142 00ee 04       		.byte	0x4
 143 00ef F801     		.2byte	0x1f8
 144 00f1 19       		.byte	0x19
 145 00f2 82000000 		.4byte	0x82
 146 00f6 04       		.byte	0x4
 147 00f7 0B       		.uleb128 0xb
 148 00f8 7E020000 		.4byte	.LASF15
 149 00fc 04       		.byte	0x4
 150 00fd F901     		.2byte	0x1f9
 151 00ff 19       		.byte	0x19
 152 0100 82000000 		.4byte	0x82
 153 0104 08       		.byte	0x8
 154 0105 0B       		.uleb128 0xb
 155 0106 36010000 		.4byte	.LASF16
 156 010a 04       		.byte	0x4
 157 010b FA01     		.2byte	0x1fa
 158 010d 19       		.byte	0x19
 159 010e 82000000 		.4byte	0x82
 160 0112 0C       		.byte	0xc
 161 0113 0A       		.uleb128 0xa
 162 0114 535200   		.ascii	"SR\000"
 163 0117 04       		.byte	0x4
 164 0118 FB01     		.2byte	0x1fb
 165 011a 19       		.byte	0x19
 166 011b 82000000 		.4byte	0x82
 167 011f 10       		.byte	0x10
 168 0120 0A       		.uleb128 0xa
 169 0121 45475200 		.ascii	"EGR\000"
 170 0125 04       		.byte	0x4
 171 0126 FC01     		.2byte	0x1fc
ARM GAS  C:\Users\nello\AppData\Local\Temp\ccnRqDuE.s 			page 4


 172 0128 19       		.byte	0x19
 173 0129 82000000 		.4byte	0x82
 174 012d 14       		.byte	0x14
 175 012e 0B       		.uleb128 0xb
 176 012f 83020000 		.4byte	.LASF17
 177 0133 04       		.byte	0x4
 178 0134 FD01     		.2byte	0x1fd
 179 0136 19       		.byte	0x19
 180 0137 82000000 		.4byte	0x82
 181 013b 18       		.byte	0x18
 182 013c 0B       		.uleb128 0xb
 183 013d 89020000 		.4byte	.LASF18
 184 0141 04       		.byte	0x4
 185 0142 FE01     		.2byte	0x1fe
 186 0144 19       		.byte	0x19
 187 0145 82000000 		.4byte	0x82
 188 0149 1C       		.byte	0x1c
 189 014a 0B       		.uleb128 0xb
 190 014b 79020000 		.4byte	.LASF19
 191 014f 04       		.byte	0x4
 192 0150 FF01     		.2byte	0x1ff
 193 0152 19       		.byte	0x19
 194 0153 82000000 		.4byte	0x82
 195 0157 20       		.byte	0x20
 196 0158 0A       		.uleb128 0xa
 197 0159 434E5400 		.ascii	"CNT\000"
 198 015d 04       		.byte	0x4
 199 015e 0002     		.2byte	0x200
 200 0160 19       		.byte	0x19
 201 0161 82000000 		.4byte	0x82
 202 0165 24       		.byte	0x24
 203 0166 0A       		.uleb128 0xa
 204 0167 50534300 		.ascii	"PSC\000"
 205 016b 04       		.byte	0x4
 206 016c 0102     		.2byte	0x201
 207 016e 19       		.byte	0x19
 208 016f 82000000 		.4byte	0x82
 209 0173 28       		.byte	0x28
 210 0174 0A       		.uleb128 0xa
 211 0175 41525200 		.ascii	"ARR\000"
 212 0179 04       		.byte	0x4
 213 017a 0202     		.2byte	0x202
 214 017c 19       		.byte	0x19
 215 017d 82000000 		.4byte	0x82
 216 0181 2C       		.byte	0x2c
 217 0182 0A       		.uleb128 0xa
 218 0183 52435200 		.ascii	"RCR\000"
 219 0187 04       		.byte	0x4
 220 0188 0302     		.2byte	0x203
 221 018a 19       		.byte	0x19
 222 018b 82000000 		.4byte	0x82
 223 018f 30       		.byte	0x30
 224 0190 0A       		.uleb128 0xa
 225 0191 43435200 		.ascii	"CCR\000"
 226 0195 04       		.byte	0x4
 227 0196 0402     		.2byte	0x204
 228 0198 19       		.byte	0x19
ARM GAS  C:\Users\nello\AppData\Local\Temp\ccnRqDuE.s 			page 5


 229 0199 C4000000 		.4byte	0xc4
 230 019d 34       		.byte	0x34
 231 019e 0B       		.uleb128 0xb
 232 019f 00000000 		.4byte	.LASF20
 233 01a3 04       		.byte	0x4
 234 01a4 0502     		.2byte	0x205
 235 01a6 19       		.byte	0x19
 236 01a7 82000000 		.4byte	0x82
 237 01ab 44       		.byte	0x44
 238 01ac 0B       		.uleb128 0xb
 239 01ad E7020000 		.4byte	.LASF21
 240 01b1 04       		.byte	0x4
 241 01b2 0702     		.2byte	0x207
 242 01b4 19       		.byte	0x19
 243 01b5 AF000000 		.4byte	0xaf
 244 01b9 48       		.byte	0x48
 245 01ba 0B       		.uleb128 0xb
 246 01bb 8F020000 		.4byte	.LASF22
 247 01bf 04       		.byte	0x4
 248 01c0 0802     		.2byte	0x208
 249 01c2 19       		.byte	0x19
 250 01c3 82000000 		.4byte	0x82
 251 01c7 50       		.byte	0x50
 252 01c8 0B       		.uleb128 0xb
 253 01c9 28020000 		.4byte	.LASF23
 254 01cd 04       		.byte	0x4
 255 01ce 0902     		.2byte	0x209
 256 01d0 19       		.byte	0x19
 257 01d1 82000000 		.4byte	0x82
 258 01d5 54       		.byte	0x54
 259 01d6 0A       		.uleb128 0xa
 260 01d7 45435200 		.ascii	"ECR\000"
 261 01db 04       		.byte	0x4
 262 01dc 0A02     		.2byte	0x20a
 263 01de 19       		.byte	0x19
 264 01df 82000000 		.4byte	0x82
 265 01e3 58       		.byte	0x58
 266 01e4 0B       		.uleb128 0xb
 267 01e5 15020000 		.4byte	.LASF24
 268 01e9 04       		.byte	0x4
 269 01ea 0B02     		.2byte	0x20b
 270 01ec 19       		.byte	0x19
 271 01ed 82000000 		.4byte	0x82
 272 01f1 5C       		.byte	0x5c
 273 01f2 0A       		.uleb128 0xa
 274 01f3 41463100 		.ascii	"AF1\000"
 275 01f7 04       		.byte	0x4
 276 01f8 0C02     		.2byte	0x20c
 277 01fa 19       		.byte	0x19
 278 01fb 82000000 		.4byte	0x82
 279 01ff 60       		.byte	0x60
 280 0200 0A       		.uleb128 0xa
 281 0201 41463200 		.ascii	"AF2\000"
 282 0205 04       		.byte	0x4
 283 0206 0D02     		.2byte	0x20d
 284 0208 19       		.byte	0x19
 285 0209 82000000 		.4byte	0x82
ARM GAS  C:\Users\nello\AppData\Local\Temp\ccnRqDuE.s 			page 6


 286 020d 64       		.byte	0x64
 287 020e 0A       		.uleb128 0xa
 288 020f 4F5200   		.ascii	"OR\000"
 289 0212 04       		.byte	0x4
 290 0213 0E02     		.2byte	0x20e
 291 0215 19       		.byte	0x19
 292 0216 82000000 		.4byte	0x82
 293 021a 68       		.byte	0x68
 294 021b 0B       		.uleb128 0xb
 295 021c 2C010000 		.4byte	.LASF25
 296 0220 04       		.byte	0x4
 297 0221 0F02     		.2byte	0x20f
 298 0223 19       		.byte	0x19
 299 0224 58020000 		.4byte	0x258
 300 0228 6C       		.byte	0x6c
 301 0229 0C       		.uleb128 0xc
 302 022a 44435200 		.ascii	"DCR\000"
 303 022e 04       		.byte	0x4
 304 022f 1002     		.2byte	0x210
 305 0231 19       		.byte	0x19
 306 0232 82000000 		.4byte	0x82
 307 0236 DC03     		.2byte	0x3dc
 308 0238 0D       		.uleb128 0xd
 309 0239 DF010000 		.4byte	.LASF26
 310 023d 04       		.byte	0x4
 311 023e 1102     		.2byte	0x211
 312 0240 19       		.byte	0x19
 313 0241 82000000 		.4byte	0x82
 314 0245 E003     		.2byte	0x3e0
 315 0247 00       		.byte	0
 316 0248 07       		.uleb128 0x7
 317 0249 82000000 		.4byte	0x82
 318 024d 58020000 		.4byte	0x258
 319 0251 08       		.uleb128 0x8
 320 0252 24000000 		.4byte	0x24
 321 0256 DB       		.byte	0xdb
 322 0257 00       		.byte	0
 323 0258 05       		.uleb128 0x5
 324 0259 48020000 		.4byte	0x248
 325 025d 0E       		.uleb128 0xe
 326 025e 20010000 		.4byte	.LASF27
 327 0262 04       		.byte	0x4
 328 0263 1902     		.2byte	0x219
 329 0265 03       		.byte	0x3
 330 0266 D0000000 		.4byte	0xd0
 331 026a 0F       		.uleb128 0xf
 332 026b 05000000 		.4byte	.LASF32
 333 026f 05       		.byte	0x5
 334 0270 B3       		.byte	0xb3
 335 0271 06       		.byte	0x6
 336 0272 C9000000 		.4byte	0xc9
 337 0276 10       		.uleb128 0x10
 338 0277 EC020000 		.4byte	.LASF44
 339 027b 05       		.byte	0x5
 340 027c A3       		.byte	0xa3
 341 027d 0B       		.byte	0xb
 342 027e 93000000 		.4byte	0x93
ARM GAS  C:\Users\nello\AppData\Local\Temp\ccnRqDuE.s 			page 7


 343 0282 90020000 		.4byte	0x290
 344 0286 11       		.uleb128 0x11
 345 0287 3B010000 		.4byte	.LASF28
 346 028b A0020000 		.4byte	0x2a0
 347 028f 00       		.byte	0
 348 0290 07       		.uleb128 0x7
 349 0291 8E000000 		.4byte	0x8e
 350 0295 A0020000 		.4byte	0x2a0
 351 0299 08       		.uleb128 0x8
 352 029a 24000000 		.4byte	0x24
 353 029e 0A       		.byte	0xa
 354 029f 00       		.byte	0
 355 02a0 06       		.uleb128 0x6
 356 02a1 90020000 		.4byte	0x290
 357 02a5 12       		.uleb128 0x12
 358 02a6 A7020000 		.4byte	.LASF29
 359 02aa 05       		.byte	0x5
 360 02ab 93       		.byte	0x93
 361 02ac 06       		.byte	0x6
 362 02ad C7020000 		.4byte	0x2c7
 363 02b1 13       		.uleb128 0x13
 364 02b2 BE010000 		.4byte	.LASF31
 365 02b6 05       		.byte	0x5
 366 02b7 93       		.byte	0x93
 367 02b8 1B       		.byte	0x1b
 368 02b9 93000000 		.4byte	0x93
 369 02bd 11       		.uleb128 0x11
 370 02be 3B010000 		.4byte	.LASF28
 371 02c2 A0020000 		.4byte	0x2a0
 372 02c6 00       		.byte	0
 373 02c7 14       		.uleb128 0x14
 374 02c8 E4010000 		.4byte	.LASF34
 375 02cc 05       		.byte	0x5
 376 02cd 85       		.byte	0x85
 377 02ce 06       		.byte	0x6
 378 02cf 12       		.uleb128 0x12
 379 02d0 1B020000 		.4byte	.LASF30
 380 02d4 05       		.byte	0x5
 381 02d5 77       		.byte	0x77
 382 02d6 06       		.byte	0x6
 383 02d7 F1020000 		.4byte	0x2f1
 384 02db 13       		.uleb128 0x13
 385 02dc BE010000 		.4byte	.LASF31
 386 02e0 05       		.byte	0x5
 387 02e1 77       		.byte	0x77
 388 02e2 1D       		.byte	0x1d
 389 02e3 93000000 		.4byte	0x93
 390 02e7 11       		.uleb128 0x11
 391 02e8 3B010000 		.4byte	.LASF28
 392 02ec 01030000 		.4byte	0x301
 393 02f0 00       		.byte	0
 394 02f1 07       		.uleb128 0x7
 395 02f2 8E000000 		.4byte	0x8e
 396 02f6 01030000 		.4byte	0x301
 397 02fa 08       		.uleb128 0x8
 398 02fb 24000000 		.4byte	0x24
 399 02ff 0C       		.byte	0xc
ARM GAS  C:\Users\nello\AppData\Local\Temp\ccnRqDuE.s 			page 8


 400 0300 00       		.byte	0
 401 0301 06       		.uleb128 0x6
 402 0302 F1020000 		.4byte	0x2f1
 403 0306 0F       		.uleb128 0xf
 404 0307 15000000 		.4byte	.LASF33
 405 030b 05       		.byte	0x5
 406 030c 67       		.byte	0x67
 407 030d 0B       		.byte	0xb
 408 030e 93000000 		.4byte	0x93
 409 0312 14       		.uleb128 0x14
 410 0313 2D020000 		.4byte	.LASF35
 411 0317 05       		.byte	0x5
 412 0318 45       		.byte	0x45
 413 0319 06       		.byte	0x6
 414 031a 15       		.uleb128 0x15
 415 031b 95010000 		.4byte	.LASF36
 416 031f 06       		.byte	0x6
 417 0320 0003     		.2byte	0x300
 418 0322 14       		.byte	0x14
 419 0323 C9000000 		.4byte	0xc9
 420 0327 15       		.uleb128 0x15
 421 0328 68020000 		.4byte	.LASF37
 422 032c 06       		.byte	0x6
 423 032d F202     		.2byte	0x2f2
 424 032f 19       		.byte	0x19
 425 0330 93000000 		.4byte	0x93
 426 0334 16       		.uleb128 0x16
 427 0335 57010000 		.4byte	.LASF38
 428 0339 06       		.byte	0x6
 429 033a E602     		.2byte	0x2e6
 430 033c 14       		.byte	0x14
 431 033d 4F030000 		.4byte	0x34f
 432 0341 17       		.uleb128 0x17
 433 0342 BE010000 		.4byte	.LASF31
 434 0346 06       		.byte	0x6
 435 0347 E602     		.2byte	0x2e6
 436 0349 2F       		.byte	0x2f
 437 034a 93000000 		.4byte	0x93
 438 034e 00       		.byte	0
 439 034f 18       		.uleb128 0x18
 440 0350 49000000 		.4byte	.LASF45
 441 0354 06       		.byte	0x6
 442 0355 D602     		.2byte	0x2d6
 443 0357 14       		.byte	0x14
 444 0358 16       		.uleb128 0x16
 445 0359 44010000 		.4byte	.LASF39
 446 035d 06       		.byte	0x6
 447 035e C602     		.2byte	0x2c6
 448 0360 14       		.byte	0x14
 449 0361 73030000 		.4byte	0x373
 450 0365 17       		.uleb128 0x17
 451 0366 BE010000 		.4byte	.LASF31
 452 036a 06       		.byte	0x6
 453 036b C602     		.2byte	0x2c6
 454 036d 31       		.byte	0x31
 455 036e 93000000 		.4byte	0x93
 456 0372 00       		.byte	0
ARM GAS  C:\Users\nello\AppData\Local\Temp\ccnRqDuE.s 			page 9


 457 0373 15       		.uleb128 0x15
 458 0374 F0010000 		.4byte	.LASF40
 459 0378 06       		.byte	0x6
 460 0379 B802     		.2byte	0x2b8
 461 037b 19       		.byte	0x19
 462 037c 93000000 		.4byte	0x93
 463 0380 00       		.byte	0
 464              		.section	.gnu.debuglto_.debug_abbrev,"e",%progbits
 465              	.Ldebug_abbrev0:
 466 0000 01       		.uleb128 0x1
 467 0001 11       		.uleb128 0x11
 468 0002 01       		.byte	0x1
 469 0003 25       		.uleb128 0x25
 470 0004 0E       		.uleb128 0xe
 471 0005 13       		.uleb128 0x13
 472 0006 0B       		.uleb128 0xb
 473 0007 03       		.uleb128 0x3
 474 0008 0E       		.uleb128 0xe
 475 0009 1B       		.uleb128 0x1b
 476 000a 0E       		.uleb128 0xe
 477 000b 10       		.uleb128 0x10
 478 000c 17       		.uleb128 0x17
 479 000d 00       		.byte	0
 480 000e 00       		.byte	0
 481 000f 02       		.uleb128 0x2
 482 0010 24       		.uleb128 0x24
 483 0011 00       		.byte	0
 484 0012 0B       		.uleb128 0xb
 485 0013 0B       		.uleb128 0xb
 486 0014 3E       		.uleb128 0x3e
 487 0015 0B       		.uleb128 0xb
 488 0016 03       		.uleb128 0x3
 489 0017 08       		.uleb128 0x8
 490 0018 00       		.byte	0
 491 0019 00       		.byte	0
 492 001a 03       		.uleb128 0x3
 493 001b 24       		.uleb128 0x24
 494 001c 00       		.byte	0
 495 001d 0B       		.uleb128 0xb
 496 001e 0B       		.uleb128 0xb
 497 001f 3E       		.uleb128 0x3e
 498 0020 0B       		.uleb128 0xb
 499 0021 03       		.uleb128 0x3
 500 0022 0E       		.uleb128 0xe
 501 0023 00       		.byte	0
 502 0024 00       		.byte	0
 503 0025 04       		.uleb128 0x4
 504 0026 16       		.uleb128 0x16
 505 0027 00       		.byte	0
 506 0028 03       		.uleb128 0x3
 507 0029 0E       		.uleb128 0xe
 508 002a 3A       		.uleb128 0x3a
 509 002b 0B       		.uleb128 0xb
 510 002c 3B       		.uleb128 0x3b
 511 002d 0B       		.uleb128 0xb
 512 002e 39       		.uleb128 0x39
 513 002f 0B       		.uleb128 0xb
ARM GAS  C:\Users\nello\AppData\Local\Temp\ccnRqDuE.s 			page 10


 514 0030 49       		.uleb128 0x49
 515 0031 13       		.uleb128 0x13
 516 0032 00       		.byte	0
 517 0033 00       		.byte	0
 518 0034 05       		.uleb128 0x5
 519 0035 35       		.uleb128 0x35
 520 0036 00       		.byte	0
 521 0037 49       		.uleb128 0x49
 522 0038 13       		.uleb128 0x13
 523 0039 00       		.byte	0
 524 003a 00       		.byte	0
 525 003b 06       		.uleb128 0x6
 526 003c 26       		.uleb128 0x26
 527 003d 00       		.byte	0
 528 003e 49       		.uleb128 0x49
 529 003f 13       		.uleb128 0x13
 530 0040 00       		.byte	0
 531 0041 00       		.byte	0
 532 0042 07       		.uleb128 0x7
 533 0043 01       		.uleb128 0x1
 534 0044 01       		.byte	0x1
 535 0045 49       		.uleb128 0x49
 536 0046 13       		.uleb128 0x13
 537 0047 01       		.uleb128 0x1
 538 0048 13       		.uleb128 0x13
 539 0049 00       		.byte	0
 540 004a 00       		.byte	0
 541 004b 08       		.uleb128 0x8
 542 004c 21       		.uleb128 0x21
 543 004d 00       		.byte	0
 544 004e 49       		.uleb128 0x49
 545 004f 13       		.uleb128 0x13
 546 0050 2F       		.uleb128 0x2f
 547 0051 0B       		.uleb128 0xb
 548 0052 00       		.byte	0
 549 0053 00       		.byte	0
 550 0054 09       		.uleb128 0x9
 551 0055 13       		.uleb128 0x13
 552 0056 01       		.byte	0x1
 553 0057 0B       		.uleb128 0xb
 554 0058 05       		.uleb128 0x5
 555 0059 3A       		.uleb128 0x3a
 556 005a 0B       		.uleb128 0xb
 557 005b 3B       		.uleb128 0x3b
 558 005c 05       		.uleb128 0x5
 559 005d 39       		.uleb128 0x39
 560 005e 0B       		.uleb128 0xb
 561 005f 01       		.uleb128 0x1
 562 0060 13       		.uleb128 0x13
 563 0061 00       		.byte	0
 564 0062 00       		.byte	0
 565 0063 0A       		.uleb128 0xa
 566 0064 0D       		.uleb128 0xd
 567 0065 00       		.byte	0
 568 0066 03       		.uleb128 0x3
 569 0067 08       		.uleb128 0x8
 570 0068 3A       		.uleb128 0x3a
ARM GAS  C:\Users\nello\AppData\Local\Temp\ccnRqDuE.s 			page 11


 571 0069 0B       		.uleb128 0xb
 572 006a 3B       		.uleb128 0x3b
 573 006b 05       		.uleb128 0x5
 574 006c 39       		.uleb128 0x39
 575 006d 0B       		.uleb128 0xb
 576 006e 49       		.uleb128 0x49
 577 006f 13       		.uleb128 0x13
 578 0070 38       		.uleb128 0x38
 579 0071 0B       		.uleb128 0xb
 580 0072 00       		.byte	0
 581 0073 00       		.byte	0
 582 0074 0B       		.uleb128 0xb
 583 0075 0D       		.uleb128 0xd
 584 0076 00       		.byte	0
 585 0077 03       		.uleb128 0x3
 586 0078 0E       		.uleb128 0xe
 587 0079 3A       		.uleb128 0x3a
 588 007a 0B       		.uleb128 0xb
 589 007b 3B       		.uleb128 0x3b
 590 007c 05       		.uleb128 0x5
 591 007d 39       		.uleb128 0x39
 592 007e 0B       		.uleb128 0xb
 593 007f 49       		.uleb128 0x49
 594 0080 13       		.uleb128 0x13
 595 0081 38       		.uleb128 0x38
 596 0082 0B       		.uleb128 0xb
 597 0083 00       		.byte	0
 598 0084 00       		.byte	0
 599 0085 0C       		.uleb128 0xc
 600 0086 0D       		.uleb128 0xd
 601 0087 00       		.byte	0
 602 0088 03       		.uleb128 0x3
 603 0089 08       		.uleb128 0x8
 604 008a 3A       		.uleb128 0x3a
 605 008b 0B       		.uleb128 0xb
 606 008c 3B       		.uleb128 0x3b
 607 008d 05       		.uleb128 0x5
 608 008e 39       		.uleb128 0x39
 609 008f 0B       		.uleb128 0xb
 610 0090 49       		.uleb128 0x49
 611 0091 13       		.uleb128 0x13
 612 0092 38       		.uleb128 0x38
 613 0093 05       		.uleb128 0x5
 614 0094 00       		.byte	0
 615 0095 00       		.byte	0
 616 0096 0D       		.uleb128 0xd
 617 0097 0D       		.uleb128 0xd
 618 0098 00       		.byte	0
 619 0099 03       		.uleb128 0x3
 620 009a 0E       		.uleb128 0xe
 621 009b 3A       		.uleb128 0x3a
 622 009c 0B       		.uleb128 0xb
 623 009d 3B       		.uleb128 0x3b
 624 009e 05       		.uleb128 0x5
 625 009f 39       		.uleb128 0x39
 626 00a0 0B       		.uleb128 0xb
 627 00a1 49       		.uleb128 0x49
ARM GAS  C:\Users\nello\AppData\Local\Temp\ccnRqDuE.s 			page 12


 628 00a2 13       		.uleb128 0x13
 629 00a3 38       		.uleb128 0x38
 630 00a4 05       		.uleb128 0x5
 631 00a5 00       		.byte	0
 632 00a6 00       		.byte	0
 633 00a7 0E       		.uleb128 0xe
 634 00a8 16       		.uleb128 0x16
 635 00a9 00       		.byte	0
 636 00aa 03       		.uleb128 0x3
 637 00ab 0E       		.uleb128 0xe
 638 00ac 3A       		.uleb128 0x3a
 639 00ad 0B       		.uleb128 0xb
 640 00ae 3B       		.uleb128 0x3b
 641 00af 05       		.uleb128 0x5
 642 00b0 39       		.uleb128 0x39
 643 00b1 0B       		.uleb128 0xb
 644 00b2 49       		.uleb128 0x49
 645 00b3 13       		.uleb128 0x13
 646 00b4 00       		.byte	0
 647 00b5 00       		.byte	0
 648 00b6 0F       		.uleb128 0xf
 649 00b7 2E       		.uleb128 0x2e
 650 00b8 00       		.byte	0
 651 00b9 3F       		.uleb128 0x3f
 652 00ba 19       		.uleb128 0x19
 653 00bb 03       		.uleb128 0x3
 654 00bc 0E       		.uleb128 0xe
 655 00bd 3A       		.uleb128 0x3a
 656 00be 0B       		.uleb128 0xb
 657 00bf 3B       		.uleb128 0x3b
 658 00c0 0B       		.uleb128 0xb
 659 00c1 39       		.uleb128 0x39
 660 00c2 0B       		.uleb128 0xb
 661 00c3 27       		.uleb128 0x27
 662 00c4 19       		.uleb128 0x19
 663 00c5 49       		.uleb128 0x49
 664 00c6 13       		.uleb128 0x13
 665 00c7 00       		.byte	0
 666 00c8 00       		.byte	0
 667 00c9 10       		.uleb128 0x10
 668 00ca 2E       		.uleb128 0x2e
 669 00cb 01       		.byte	0x1
 670 00cc 3F       		.uleb128 0x3f
 671 00cd 19       		.uleb128 0x19
 672 00ce 03       		.uleb128 0x3
 673 00cf 0E       		.uleb128 0xe
 674 00d0 3A       		.uleb128 0x3a
 675 00d1 0B       		.uleb128 0xb
 676 00d2 3B       		.uleb128 0x3b
 677 00d3 0B       		.uleb128 0xb
 678 00d4 39       		.uleb128 0x39
 679 00d5 0B       		.uleb128 0xb
 680 00d6 27       		.uleb128 0x27
 681 00d7 19       		.uleb128 0x19
 682 00d8 49       		.uleb128 0x49
 683 00d9 13       		.uleb128 0x13
 684 00da 01       		.uleb128 0x1
ARM GAS  C:\Users\nello\AppData\Local\Temp\ccnRqDuE.s 			page 13


 685 00db 13       		.uleb128 0x13
 686 00dc 00       		.byte	0
 687 00dd 00       		.byte	0
 688 00de 11       		.uleb128 0x11
 689 00df 34       		.uleb128 0x34
 690 00e0 00       		.byte	0
 691 00e1 03       		.uleb128 0x3
 692 00e2 0E       		.uleb128 0xe
 693 00e3 49       		.uleb128 0x49
 694 00e4 13       		.uleb128 0x13
 695 00e5 34       		.uleb128 0x34
 696 00e6 19       		.uleb128 0x19
 697 00e7 00       		.byte	0
 698 00e8 00       		.byte	0
 699 00e9 12       		.uleb128 0x12
 700 00ea 2E       		.uleb128 0x2e
 701 00eb 01       		.byte	0x1
 702 00ec 3F       		.uleb128 0x3f
 703 00ed 19       		.uleb128 0x19
 704 00ee 03       		.uleb128 0x3
 705 00ef 0E       		.uleb128 0xe
 706 00f0 3A       		.uleb128 0x3a
 707 00f1 0B       		.uleb128 0xb
 708 00f2 3B       		.uleb128 0x3b
 709 00f3 0B       		.uleb128 0xb
 710 00f4 39       		.uleb128 0x39
 711 00f5 0B       		.uleb128 0xb
 712 00f6 27       		.uleb128 0x27
 713 00f7 19       		.uleb128 0x19
 714 00f8 01       		.uleb128 0x1
 715 00f9 13       		.uleb128 0x13
 716 00fa 00       		.byte	0
 717 00fb 00       		.byte	0
 718 00fc 13       		.uleb128 0x13
 719 00fd 05       		.uleb128 0x5
 720 00fe 00       		.byte	0
 721 00ff 03       		.uleb128 0x3
 722 0100 0E       		.uleb128 0xe
 723 0101 3A       		.uleb128 0x3a
 724 0102 0B       		.uleb128 0xb
 725 0103 3B       		.uleb128 0x3b
 726 0104 0B       		.uleb128 0xb
 727 0105 39       		.uleb128 0x39
 728 0106 0B       		.uleb128 0xb
 729 0107 49       		.uleb128 0x49
 730 0108 13       		.uleb128 0x13
 731 0109 00       		.byte	0
 732 010a 00       		.byte	0
 733 010b 14       		.uleb128 0x14
 734 010c 2E       		.uleb128 0x2e
 735 010d 00       		.byte	0
 736 010e 3F       		.uleb128 0x3f
 737 010f 19       		.uleb128 0x19
 738 0110 03       		.uleb128 0x3
 739 0111 0E       		.uleb128 0xe
 740 0112 3A       		.uleb128 0x3a
 741 0113 0B       		.uleb128 0xb
ARM GAS  C:\Users\nello\AppData\Local\Temp\ccnRqDuE.s 			page 14


 742 0114 3B       		.uleb128 0x3b
 743 0115 0B       		.uleb128 0xb
 744 0116 39       		.uleb128 0x39
 745 0117 0B       		.uleb128 0xb
 746 0118 27       		.uleb128 0x27
 747 0119 19       		.uleb128 0x19
 748 011a 00       		.byte	0
 749 011b 00       		.byte	0
 750 011c 15       		.uleb128 0x15
 751 011d 2E       		.uleb128 0x2e
 752 011e 00       		.byte	0
 753 011f 03       		.uleb128 0x3
 754 0120 0E       		.uleb128 0xe
 755 0121 3A       		.uleb128 0x3a
 756 0122 0B       		.uleb128 0xb
 757 0123 3B       		.uleb128 0x3b
 758 0124 05       		.uleb128 0x5
 759 0125 39       		.uleb128 0x39
 760 0126 0B       		.uleb128 0xb
 761 0127 27       		.uleb128 0x27
 762 0128 19       		.uleb128 0x19
 763 0129 49       		.uleb128 0x49
 764 012a 13       		.uleb128 0x13
 765 012b 00       		.byte	0
 766 012c 00       		.byte	0
 767 012d 16       		.uleb128 0x16
 768 012e 2E       		.uleb128 0x2e
 769 012f 01       		.byte	0x1
 770 0130 03       		.uleb128 0x3
 771 0131 0E       		.uleb128 0xe
 772 0132 3A       		.uleb128 0x3a
 773 0133 0B       		.uleb128 0xb
 774 0134 3B       		.uleb128 0x3b
 775 0135 05       		.uleb128 0x5
 776 0136 39       		.uleb128 0x39
 777 0137 0B       		.uleb128 0xb
 778 0138 27       		.uleb128 0x27
 779 0139 19       		.uleb128 0x19
 780 013a 01       		.uleb128 0x1
 781 013b 13       		.uleb128 0x13
 782 013c 00       		.byte	0
 783 013d 00       		.byte	0
 784 013e 17       		.uleb128 0x17
 785 013f 05       		.uleb128 0x5
 786 0140 00       		.byte	0
 787 0141 03       		.uleb128 0x3
 788 0142 0E       		.uleb128 0xe
 789 0143 3A       		.uleb128 0x3a
 790 0144 0B       		.uleb128 0xb
 791 0145 3B       		.uleb128 0x3b
 792 0146 05       		.uleb128 0x5
 793 0147 39       		.uleb128 0x39
 794 0148 0B       		.uleb128 0xb
 795 0149 49       		.uleb128 0x49
 796 014a 13       		.uleb128 0x13
 797 014b 00       		.byte	0
 798 014c 00       		.byte	0
ARM GAS  C:\Users\nello\AppData\Local\Temp\ccnRqDuE.s 			page 15


 799 014d 18       		.uleb128 0x18
 800 014e 2E       		.uleb128 0x2e
 801 014f 00       		.byte	0
 802 0150 03       		.uleb128 0x3
 803 0151 0E       		.uleb128 0xe
 804 0152 3A       		.uleb128 0x3a
 805 0153 0B       		.uleb128 0xb
 806 0154 3B       		.uleb128 0x3b
 807 0155 05       		.uleb128 0x5
 808 0156 39       		.uleb128 0x39
 809 0157 0B       		.uleb128 0xb
 810 0158 27       		.uleb128 0x27
 811 0159 19       		.uleb128 0x19
 812 015a 00       		.byte	0
 813 015b 00       		.byte	0
 814 015c 00       		.byte	0
 815              		.section	.gnu.debuglto_.debug_line,"e",%progbits
 816              	.Ldebug_line0:
 817 0000 BB010000 		.4byte	.LELT0-.LSLT0
 818              	.LSLT0:
 819 0004 0400     		.2byte	0x4
 820 0006 B5010000 		.4byte	.LELTP0-.LASLTP0
 821              	.LASLTP0:
 822 000a 01       		.byte	0x1
 823 000b 01       		.byte	0x1
 824 000c 01       		.byte	0x1
 825 000d F6       		.byte	0xf6
 826 000e F2       		.byte	0xf2
 827 000f 0D       		.byte	0xd
 828 0010 00       		.byte	0
 829 0011 01       		.byte	0x1
 830 0012 01       		.byte	0x1
 831 0013 01       		.byte	0x1
 832 0014 01       		.byte	0x1
 833 0015 00       		.byte	0
 834 0016 00       		.byte	0
 835 0017 00       		.byte	0
 836 0018 01       		.byte	0x1
 837 0019 00       		.byte	0
 838 001a 00       		.byte	0
 839 001b 01       		.byte	0x1
 840 001c 2E2E2F2E 		.ascii	"../../chibios2111/os/hal/ports/STM32/LLD/SYSTICKv1"
 840      2E2F6368 
 840      6962696F 
 840      73323131 
 840      312F6F73 
 841 004e 00       		.byte	0
 842 004f 2E2E2F2E 		.ascii	"../../chibios2111/os/hal/ports/STM32/LLD/TIMv1"
 842      2E2F6368 
 842      6962696F 
 842      73323131 
 842      312F6F73 
 843 007d 00       		.byte	0
 844 007e 2E2E2F2E 		.ascii	"../../chibios2111/os/hal/src"
 844      2E2F6368 
 844      6962696F 
 844      73323131 
ARM GAS  C:\Users\nello\AppData\Local\Temp\ccnRqDuE.s 			page 16


 844      312F6F73 
 845 009a 00       		.byte	0
 846 009b 2E2E2F2E 		.ascii	"../../chibios2111/os/rt/include"
 846      2E2F6368 
 846      6962696F 
 846      73323131 
 846      312F6F73 
 847 00ba 00       		.byte	0
 848 00bb 633A5C63 		.ascii	"c:\\chibistudio\\tools\\gnu tools arm embedded\\10."
 848      68696269 
 848      73747564 
 848      696F5C74 
 848      6F6F6C73 
 849 00ea 33203230 		.ascii	"3 2021.10\\arm-none-eabi\\include\\machine"
 849      32312E31 
 849      305C6172 
 849      6D2D6E6F 
 849      6E652D65 
 850 0111 00       		.byte	0
 851 0112 633A5C63 		.ascii	"c:\\chibistudio\\tools\\gnu tools arm embedded\\10."
 851      68696269 
 851      73747564 
 851      696F5C74 
 851      6F6F6C73 
 852 0141 33203230 		.ascii	"3 2021.10\\arm-none-eabi\\include\\sys"
 852      32312E31 
 852      305C6172 
 852      6D2D6E6F 
 852      6E652D65 
 853 0164 00       		.byte	0
 854 0165 00       		.byte	0
 855 0166 5F646566 		.ascii	"_default_types.h\000"
 855      61756C74 
 855      5F747970 
 855      65732E68 
 855      00
 856 0177 05       		.uleb128 0x5
 857 0178 00       		.uleb128 0
 858 0179 00       		.uleb128 0
 859 017a 5F737464 		.ascii	"_stdint.h\000"
 859      696E742E 
 859      6800
 860 0184 06       		.uleb128 0x6
 861 0185 00       		.uleb128 0
 862 0186 00       		.uleb128 0
 863 0187 63687469 		.ascii	"chtime.h\000"
 863      6D652E68 
 863      00
 864 0190 04       		.uleb128 0x4
 865 0191 00       		.uleb128 0
 866 0192 00       		.uleb128 0
 867 0193 73746D33 		.ascii	"stm32_tim.h\000"
 867      325F7469 
 867      6D2E6800 
 868 019f 02       		.uleb128 0x2
 869 01a0 00       		.uleb128 0
 870 01a1 00       		.uleb128 0
ARM GAS  C:\Users\nello\AppData\Local\Temp\ccnRqDuE.s 			page 17


 871 01a2 68616C5F 		.ascii	"hal_st.c\000"
 871      73742E63 
 871      00
 872 01ab 03       		.uleb128 0x3
 873 01ac 00       		.uleb128 0
 874 01ad 00       		.uleb128 0
 875 01ae 68616C5F 		.ascii	"hal_st_lld.h\000"
 875      73745F6C 
 875      6C642E68 
 875      00
 876 01bb 01       		.uleb128 0x1
 877 01bc 00       		.uleb128 0
 878 01bd 00       		.uleb128 0
 879 01be 00       		.byte	0
 880              	.LELTP0:
 881              	.LELT0:
 882              		.section	.gnu.debuglto_.debug_str,"eMS",%progbits,1
 883              	.LASF20:
 884 0000 42445452 		.ascii	"BDTR\000"
 884      00
 885              	.LASF32:
 886 0005 73744973 		.ascii	"stIsAlarmActive\000"
 886      416C6172 
 886      6D416374 
 886      69766500 
 887              	.LASF33:
 888 0015 73744765 		.ascii	"stGetCounter\000"
 888      74436F75 
 888      6E746572 
 888      00
 889              	.LASF13:
 890 0022 73797374 		.ascii	"systime_t\000"
 890      696D655F 
 890      7400
 891              	.LASF6:
 892 002c 73686F72 		.ascii	"short unsigned int\000"
 892      7420756E 
 892      7369676E 
 892      65642069 
 892      6E7400
 893              	.LASF5:
 894 003f 73686F72 		.ascii	"short int\000"
 894      7420696E 
 894      7400
 895              	.LASF45:
 896 0049 73745F6C 		.ascii	"st_lld_stop_alarm\000"
 896      6C645F73 
 896      746F705F 
 896      616C6172 
 896      6D00
 897              	.LASF41:
 898 005b 474E5520 		.ascii	"GNU C17 10.3.1 20210824 (release) -mcpu=cortex-m4 -"
 898      43313720 
 898      31302E33 
 898      2E312032 
 898      30323130 
 899 008e 6D746875 		.ascii	"mthumb -mfloat-abi=soft -march=armv7e-m -ggdb -O2 -"
ARM GAS  C:\Users\nello\AppData\Local\Temp\ccnRqDuE.s 			page 18


 899      6D62202D 
 899      6D666C6F 
 899      61742D61 
 899      62693D73 
 900 00c1 666F6D69 		.ascii	"fomit-frame-pointer -falign-functions=16 -ffunction"
 900      742D6672 
 900      616D652D 
 900      706F696E 
 900      74657220 
 901 00f4 2D736563 		.ascii	"-sections -fdata-sections -fno-common -flto\000"
 901      74696F6E 
 901      73202D66 
 901      64617461 
 901      2D736563 
 902              	.LASF27:
 903 0120 73746D33 		.ascii	"stm32_tim_t\000"
 903      325F7469 
 903      6D5F7400 
 904              	.LASF25:
 905 012c 52455345 		.ascii	"RESERVED0\000"
 905      52564544 
 905      3000
 906              	.LASF16:
 907 0136 44494552 		.ascii	"DIER\000"
 907      00
 908              	.LASF28:
 909 013b 5F5F6675 		.ascii	"__func__\000"
 909      6E635F5F 
 909      00
 910              	.LASF39:
 911 0144 73745F6C 		.ascii	"st_lld_start_alarm\000"
 911      6C645F73 
 911      74617274 
 911      5F616C61 
 911      726D00
 912              	.LASF38:
 913 0157 73745F6C 		.ascii	"st_lld_set_alarm\000"
 913      6C645F73 
 913      65745F61 
 913      6C61726D 
 913      00
 914              	.LASF43:
 915 0168 433A5C43 		.ascii	"C:\\ChibiStudio\\workspace_user\\GestureLogicv3\000"
 915      68696269 
 915      53747564 
 915      696F5C77 
 915      6F726B73 
 916              	.LASF36:
 917 0195 73745F6C 		.ascii	"st_lld_is_alarm_active\000"
 917      6C645F69 
 917      735F616C 
 917      61726D5F 
 917      61637469 
 918              	.LASF8:
 919 01ac 6C6F6E67 		.ascii	"long unsigned int\000"
 919      20756E73 
 919      69676E65 
ARM GAS  C:\Users\nello\AppData\Local\Temp\ccnRqDuE.s 			page 19


 919      6420696E 
 919      7400
 920              	.LASF31:
 921 01be 61627374 		.ascii	"abstime\000"
 921      696D6500 
 922              	.LASF4:
 923 01c6 756E7369 		.ascii	"unsigned char\000"
 923      676E6564 
 923      20636861 
 923      7200
 924              	.LASF10:
 925 01d4 5F5F7569 		.ascii	"__uint32_t\000"
 925      6E743332 
 925      5F7400
 926              	.LASF26:
 927 01df 444D4152 		.ascii	"DMAR\000"
 927      00
 928              	.LASF34:
 929 01e4 73745374 		.ascii	"stStopAlarm\000"
 929      6F70416C 
 929      61726D00 
 930              	.LASF40:
 931 01f0 73745F6C 		.ascii	"st_lld_get_counter\000"
 931      6C645F67 
 931      65745F63 
 931      6F756E74 
 931      657200
 932              	.LASF0:
 933 0203 756E7369 		.ascii	"unsigned int\000"
 933      676E6564 
 933      20696E74 
 933      00
 934              	.LASF12:
 935 0210 63686172 		.ascii	"char\000"
 935      00
 936              	.LASF24:
 937 0215 54495345 		.ascii	"TISEL\000"
 937      4C00
 938              	.LASF30:
 939 021b 73745374 		.ascii	"stStartAlarm\000"
 939      61727441 
 939      6C61726D 
 939      00
 940              	.LASF23:
 941 0228 44545232 		.ascii	"DTR2\000"
 941      00
 942              	.LASF35:
 943 022d 7374496E 		.ascii	"stInit\000"
 943      697400
 944              	.LASF1:
 945 0234 6C6F6E67 		.ascii	"long long int\000"
 945      206C6F6E 
 945      6720696E 
 945      7400
 946              	.LASF42:
 947 0242 2E2E2F2E 		.ascii	"../../chibios2111/os/hal/src/hal_st.c\000"
 947      2E2F6368 
ARM GAS  C:\Users\nello\AppData\Local\Temp\ccnRqDuE.s 			page 20


 947      6962696F 
 947      73323131 
 947      312F6F73 
 948              	.LASF37:
 949 0268 73745F6C 		.ascii	"st_lld_get_alarm\000"
 949      6C645F67 
 949      65745F61 
 949      6C61726D 
 949      00
 950              	.LASF19:
 951 0279 43434552 		.ascii	"CCER\000"
 951      00
 952              	.LASF15:
 953 027e 534D4352 		.ascii	"SMCR\000"
 953      00
 954              	.LASF17:
 955 0283 43434D52 		.ascii	"CCMR1\000"
 955      3100
 956              	.LASF18:
 957 0289 43434D52 		.ascii	"CCMR2\000"
 957      3200
 958              	.LASF22:
 959 028f 43434D52 		.ascii	"CCMR3\000"
 959      3300
 960              	.LASF11:
 961 0295 75696E74 		.ascii	"uint32_t\000"
 961      33325F74 
 961      00
 962              	.LASF7:
 963 029e 6C6F6E67 		.ascii	"long int\000"
 963      20696E74 
 963      00
 964              	.LASF29:
 965 02a7 73745365 		.ascii	"stSetAlarm\000"
 965      74416C61 
 965      726D00
 966              	.LASF2:
 967 02b2 6C6F6E67 		.ascii	"long double\000"
 967      20646F75 
 967      626C6500 
 968              	.LASF3:
 969 02be 7369676E 		.ascii	"signed char\000"
 969      65642063 
 969      68617200 
 970              	.LASF14:
 971 02ca 5F426F6F 		.ascii	"_Bool\000"
 971      6C00
 972              	.LASF9:
 973 02d0 6C6F6E67 		.ascii	"long long unsigned int\000"
 973      206C6F6E 
 973      6720756E 
 973      7369676E 
 973      65642069 
 974              	.LASF21:
 975 02e7 43435852 		.ascii	"CCXR\000"
 975      00
 976              	.LASF44:
ARM GAS  C:\Users\nello\AppData\Local\Temp\ccnRqDuE.s 			page 21


 977 02ec 73744765 		.ascii	"stGetAlarm\000"
 977      74416C61 
 977      726D00
 978              		.text
 979              		.section	.gnu.lto_.profile.6c44f231,"e",%progbits
 980 0000 789C6362 		.ascii	"x\234cb\000\001\000\000\022\000\003"
 980      00010000 
 980      120003
 981              		.text
 982              		.section	.gnu.lto_.icf.6c44f231,"e",%progbits
 983 0000 789CD361 		.ascii	"x\234\323a@\000v\206#\315\373~\3630\316;\264k\005\017"
 983      40007686 
 983      23CDFB7E 
 983      F330CE3B 
 983      B46B050F 
 984 0014 D3A5832B 		.ascii	"\323\245\203+\026\3631/|\177\375\036\037\313\323%\337"
 984      16F3312F 
 984      7C7FFD1E 
 984      1FCBD325 
 984      DF
 985 0025 1FF0B32E 		.ascii	"\037\360\263.\\4\353\007\027\333\335\265{\017\2601\000"
 985      5C34EB07 
 985      17DBDDB5 
 985      7B0FB031 
 985      00
 986 0036 00E97E15 		.ascii	"\000\351~\025\275"
 986      BD
 987              		.text
 988              		.section	.gnu.lto_.ipa_sra.6c44f231,"e",%progbits
 989 0000 789C5364 		.ascii	"x\234Sd@\000v\006\006F\006FF\006f&F\020\227\221\231"
 989      40007606 
 989      06460646 
 989      46066626 
 989      46109791 
 990 0015 819105C2 		.ascii	"\201\221\005\302be`fc`f\000\000\010\271\000N"
 990      62656066 
 990      63606600 
 990      0008B900 
 990      4E
 991              		.text
 992              		.section	.gnu.lto_.inline.6c44f231,"e",%progbits
 993 0000 789CFBC6 		.ascii	"x\234\373\306\200\000\354\014\014,\015@\300\234\306"
 993      8000EC0C 
 993      0C2C0D40 
 993      C09CC6
 994 000f C8C0C4C0 		.ascii	"\310\300\304\300\320\010d\32610\260\201\204\230R\230"
 994      D00864D6 
 994      3130B081 
 994      84985298 
 995 001f 40420C8C 		.ascii	"@B\014\214\\ \205\214Pu)@uL`\351d4uL`\356\001\246T\240"
 995      5C20858C 
 995      50752940 
 995      754C60E9 
 995      6434754C 
 996 0039 0A36885A 		.ascii	"\0126\210Z4\025\314\004\315`!\250\202\225\240\0126\202"
 996      3415CC04 
 996      CD6021A8 
ARM GAS  C:\Users\nello\AppData\Local\Temp\ccnRqDuE.s 			page 22


 996      8295A00A 
 996      3682
 997 004b EE600000 		.ascii	"\356`\000\000\325j4\253"
 997      D56A34AB 
 998              		.text
 999              		.section	.gnu.lto_.jmpfuncs.6c44f231,"e",%progbits
 1000 0000 789C5362 		.ascii	"x\234Sb@\000v\020\301\310\300\300\304\310\310X\277\204"
 1000      40007610 
 1000      C1C8C0C0 
 1000      C4C8C858 
 1000      BF84
 1001 0012 99819981 		.ascii	"\231\201\231\201\201\005\312de``\003J\002\000-7\002"
 1001      8105CA64 
 1001      65606003 
 1001      4A02002D 
 1001      3702
 1002 0024 91       		.ascii	"\221"
 1003              		.text
 1004              		.section	.gnu.lto_.pureconst.6c44f231,"e",%progbits
 1005 0000 789C05C1 		.ascii	"x\234\005\301\001\021\000 \014\304\260\037\024\346\000"
 1005      01110020 
 1005      0CC4B01F 
 1005      14E600
 1006 000f EDBBAA25 		.ascii	"\355\273\252%yI:C\311\222-\310\221+\0372\332\004\203"
 1006      79493A43 
 1006      C9922DC8 
 1006      912B1F32 
 1006      DA0483
 1007              		.text
 1008              		.section	.gnu.lto_.lto.6c44f231,"e",%progbits
 1009 0000 09000400 		.ascii	"\011\000\004\000\001\000\000\000"
 1009      01000000 
 1010              		.text
 1011              		.section	.gnu.lto_stInit.402.6c44f231,"e",%progbits
 1012 0000 789CEB65 		.ascii	"x\234\353e``\010\003be fdf`\2344\261\213\211\241\241"
 1012      60600803 
 1012      62652066 
 1012      6466609C 
 1012      34B18B89 
 1013 0016 A1C1819D 		.ascii	"\241\301\201\235\211\261qb\027'\343VF0\217\221\241\236"
 1013      89B17162 
 1013      1727E356 
 1013      46308F91 
 1013      A19E
 1014 0028 89B19E71 		.ascii	"\211\261\236q2\263&\220\373\243uV\357a\306\206\025\007"
 1014      32B32690 
 1014      FBA37556 
 1014      EF61C686 
 1014      1507
 1015 003a 18973033 		.ascii	"\030\227030\314\003b(`\203\361\030\201x\375%\326\003"
 1015      30CC0362 
 1015      286083F1 
 1015      188178FD 
 1015      25D603
 1016 004d 0D7FFEF7 		.ascii	"\015\177\376\36774\334}\3048O\031(\336\317\0142\272"
 1016      3734DC7D 
 1016      C4384F19 
ARM GAS  C:\Users\nello\AppData\Local\Temp\ccnRqDuE.s 			page 23


 1016      28DECF0C 
 1016      32BA
 1017 005f 8185B1E1 		.ascii	"\201\205\261\341\000\003\303\004f&\010\247\021\310y"
 1017      0003C304 
 1017      662608A7 
 1017      11C879
 1018 006e C5D8F068 		.ascii	"\305\330\360h\3671F\206\017\214\315\012\014-\214LK\230"
 1018      F7314686 
 1018      0F8CCD0A 
 1018      0C2D8C4C 
 1018      4B98
 1019 0080 19E73103 		.ascii	"\031\3471\003\015Y\302\314\304\360\211\261\351\301^"
 1019      0D59C2CC 
 1019      C4F089B1 
 1019      E9C15E
 1020 008f 37B0F9FD 		.ascii	"7\260\371\375\314\214\010\003\030\030t\235\255b\234"
 1020      CC8C0803 
 1020      1818749D 
 1020      AD629C
 1021 009e 33329332 		.ascii	"32\2232\203KJS2\363c\312\363\213\262\213\013\022\223"
 1021      834B4A53 
 1021      32F363CA 
 1021      F38BB28B 
 1021      0B1293
 1022 00b1 53E34B8B 		.ascii	"S\343K\213S\213b\334S\213KJ\213R}\362\3233\223\313\214"
 1022      538B62DC 
 1022      538B4B4A 
 1022      8B527DF2 
 1022      D33393CB 
 1023 00c6 19D4F4F4 		.ascii	"\031\324\364\364\364\201(\031\244!\277\330\310\320\320"
 1023      F4812819 
 1023      A421BFD8 
 1023      C8D0D0
 1024 00d5 503FBF58 		.ascii	"P?\277X?#1G\277\270(\031D\307\027\227\350%3\000\000"
 1024      3F233147 
 1024      BFB82819 
 1024      44C71797 
 1024      E8253300 
 1025 00ea 0ECF503F 		.ascii	"\016\317P?"
 1026              		.text
 1027              		.section	.gnu.lto_stGetCounter.403.6c44f231,"e",%progbits
 1028 0000 789C754F 		.ascii	"x\234uO;H\003A\024|s{\3064V\266\026\026\022\2600gbg"
 1028      3B480341 
 1028      147C737B 
 1028      C63456B6 
 1028      161612B0 
 1029 0018 25441031 		.ascii	"%D\0201V\261\021\002!\236\301\004\003'w\211\226Y\025"
 1029      56B11102 
 1029      219EC104 
 1029      03277789 
 1029      965915
 1030 002b 9B80C44F 		.ascii	"\233\200\304O\241\210\021\022\202he\243\370\215\034"
 1030      A1881112 
 1030      826865A3 
 1030      F88D1C
 1031 003a 567682B5 		.ascii	"Vv\202\265\2256\242\"\242(\026\202\276\275\244\365\330"
 1031      9536A222 
ARM GAS  C:\Users\nello\AppData\Local\Temp\ccnRqDuE.s 			page 24


 1031      A2281682 
 1031      BEBDA4F5 
 1031      D8
 1032 004b DB7DF376 		.ascii	"\333}\363vf\336l\000D\033D\024\340\037\202\260\266Z"
 1032      66DE6C00 
 1032      441B4414 
 1032      E01F82B0 
 1032      B65A
 1033 005d D4484A39 		.ascii	"\324HJ9\320\252a~\265xS>\324q\014\257\001*h(`]l\013"
 1033      D0AA617E 
 1033      B578533E 
 1033      D4710CAF 
 1033      012A6828 
 1034 0075 AC891A93 		.ascii	"\254\211\032\223\365f\005tv\273R~/m\335<\370\266\367"
 1034      F5660574 
 1034      76BB527E 
 1034      2F6DDD3C 
 1034      F8B6F7
 1035 0088 5CBD2634 		.ascii	"\\\275&4\332a\302\021p\310\003\324\347#\325\341!\254"
 1035      DA61C211 
 1035      70C803D4 
 1035      E723D5E1 
 1035      21AC
 1036 009a F16AE004 		.ascii	"\361j\340\004\244\000\233\177\277T\230}\014\356*\"N"
 1036      A4009B7F 
 1036      BF54987D 
 1036      0CEE2A22 
 1036      4E
 1037 00ab BD4BA53C 		.ascii	"\275K\245<\270mq\345\317oI\312\337\216\313\273/?\033"
 1037      B86D71E5 
 1037      CF6F49CA 
 1037      DF8ECBBB 
 1037      2F3F1B
 1038 00be D704FB94 		.ascii	"\327\004\373\224\204J)uH\227hEh\015\260\310\340\011"
 1038      844A2975 
 1038      48976845 
 1038      680DB0C8 
 1038      E009
 1039 00d0 B2DAAAF6 		.ascii	"\262\332\252\366\217\372\362\333\363u;\233)t\377\371"
 1039      8FFAF2DB 
 1039      F3753B9B 
 1039      2974FFF9 
 1040 00e0 BC099C81 		.ascii	"\274\011\234\201^qu\261\337V\025Z3\274\356\245hT\236"
 1040      5E7175B1 
 1040      DF56155A 
 1040      33BCEEA5 
 1040      68549E
 1041 00f3 0BA35DF0 		.ascii	"\013\243]\360\224\026\\\000\347\240\336\212\224\217"
 1041      94165C00 
 1041      E7A0DE8A 
 1041      948F
 1042 0101 5D35E143 		.ascii	"]5\341C\035e\341\245\243w,\274U\326\317\037\375\034"
 1042      1D65E1A5 
 1042      A3772CBC 
 1042      55D6CF1F 
 1042      FD1C
 1043 0113 9AADD403 		.ascii	"\232\255\324\003K\242!\307\202\253`O\244?\036Ig&2\261"
ARM GAS  C:\Users\nello\AppData\Local\Temp\ccnRqDuE.s 			page 25


 1043      4BA221C7 
 1043      82AB604F 
 1043      A43F1E49 
 1043      672632B1 
 1044 0127 5C7E3263 		.ascii	"\\~2c\305\347,{\332\231I\232\251D\336I\331\361\241\224"
 1044      C5E72C7B 
 1044      DA99499A 
 1044      A944DE49 
 1044      D9F1A194 
 1045 013b 93CBDBA9 		.ascii	"\223\313\333\251\2505\2251g\373(\020\014\032\274L%\260"
 1045      A8359531 
 1045      67FB2810 
 1045      0C1ABC4C 
 1045      25B0
 1046 014d 9C702814 		.ascii	"\234p(\0242,\307H'\263\206c\233\352L8\271\240I\003\377"
 1046      322CC748 
 1046      27B38663 
 1046      9BEA4C38 
 1046      B9A04903 
 1047 0162 D2662C3B 		.ascii	"\322f,;\347\030\261\261\321\276\260\021\215\016\032"
 1047      E718B1B1 
 1047      D1BEB011 
 1047      8D0E1A
 1048 0171 B1F1D8D8 		.ascii	"\261\361\330\330pdd6\324\024'\262\331\311`\232\376\000"
 1048      70646436 
 1048      D41427B2 
 1048      D9C9609A 
 1048      FE00
 1049 0183 AAAA94BD 		.ascii	"\252\252\224\275"
 1050              		.text
 1051              		.section	.gnu.lto_stStartAlarm.404.6c44f231,"e",%progbits
 1052 0000 789C8D52 		.ascii	"x\234\215RMh\023A\030\375\336N\222\265'\241\007\361"
 1052      4D681341 
 1052      18FDDE4E 
 1052      92B527A1 
 1052      07F1
 1053 0012 50A4F88B 		.ascii	"P\244\370\213\202Y7EEO\205\010U\032O)\210\020\010\371"
 1053      82593745 
 1053      454F8508 
 1053      551A4F29 
 1053      881008F9 
 1054 0026 C304235B 		.ascii	"\303\004#[\262I=vL\021\241\210\261\365\"%\026*A\322"
 1054      B2493D76 
 1054      4C11A188 
 1054      B1F52225 
 1054      162A41D2 
 1055 003a 9368D1B4 		.ascii	"\223h\321\264j\355Z\305z\222\"\336\274\224\200P<Di\241"
 1055      6AED5AC5 
 1055      7A9222DE 
 1055      BC948050 
 1055      3C4469A1 
 1056 004e B4508933 		.ascii	"\264P\2113\223M\205\202\340\262\263\337\357{o\346\233"
 1056      934D8582 
 1056      E0B2B3DF 
 1056      EF7B6FE6 
 1056      9B
 1057 005f EDD7889E 		.ascii	"\355\327\210\236\023\321!\261\300\010\343c\243\032q"
ARM GAS  C:\Users\nello\AppData\Local\Temp\ccnRqDuE.s 			page 26


 1057      13D121B1 
 1057      C008E363 
 1057      A31A71
 1058 006e CE7B750D 		.ascii	"\316{u\015\267\306F;0\007\025\201\2065\014\343\001;"
 1058      B7C6463B 
 1058      30071581 
 1058      86350CE3 
 1058      013B
 1059 0080 2EC2CDDB 		.ascii	".\302\315\333\023?\337\203W\035T\030\321\244X\352)3"
 1059      133FDF83 
 1059      571D5418 
 1059      D1A458EA 
 1059      2933
 1060 0092 8CB30A03 		.ascii	"\214\263\012\003<\256\247\241[x\354\012\035s8_\236\237"
 1060      3CAEA7A1 
 1060      5B78EC0A 
 1060      1D73385F 
 1060      9E9F
 1061 00a4 E5BC832A 		.ascii	"\345\274\203*\214\241\006\201\301K\340\005H&\242\337"
 1061      8CA10681 
 1061      C14BE005 
 1061      4826A2DF 
 1062 00b4 BC443E97 		.ascii	"\274D>\227\011\002\242|\340\025$\247\004o~\275s\257"
 1062      0902A27C 
 1062      E01524A7 
 1062      046F7EBD 
 1062      73AF
 1063 00c6 76F8E308 		.ascii	"v\370\343\010\277\330\306\303\305\3435$\303w\237\350"
 1063      BFD8C6C3 
 1063      C5E33524 
 1063      C3779FE8 
 1064 00d6 3C223B97 		.ascii	"<\";\227\267&\357\352\374\023\367\354V\022\235\255M"
 1064      B726EFEA 
 1064      FC13F7EC 
 1064      56129DAD 
 1064      4D
 1065 00e7 FAE4117E 		.ascii	"\372\344\021~\233x#rs\222Jjc^\351\311\226\247_\274\016"
 1065      9B782372 
 1065      73924A6A 
 1065      635EE9C9 
 1065      96A75FBC 
 1066 00fc DF6E9638 		.ascii	"\337n\2268o\036\370\\n\356\361i\300\254(\224\230\234"
 1066      6F1EF85C 
 1066      6EEEF169 
 1066      C0AC2894 
 1066      989C
 1067 010e 0CF7803B 		.ascii	"\014\367\200;D\367\231\326\012FD\360\003\274\276\276"
 1067      44F799D6 
 1067      0A4644F0 
 1067      03BCBEBE 
 1068 011e 04690FEE 		.ascii	"\004i\017\356|\352\033\2720\305n\241\363\230i2\263>"
 1068      7CEA1BBA 
 1068      30C56EA1 
 1068      F3986932 
 1068      B33E
 1069 0130 5D2A3756 		.ascii	"]*7V:\205\224\252?k<\004\336\202\032X\234\230\356rg"
 1069      3A8594AA 
ARM GAS  C:\Users\nello\AppData\Local\Temp\ccnRqDuE.s 			page 27


 1069      3F6B3C04 
 1069      DE821A58 
 1069      9C98EE72 
 1070 0145 E601ED78 		.ascii	"\346\001\355xJ@DO \246\344\205\003,\250\352\251)\316"
 1070      4A40444F 
 1070      20A6E485 
 1070      032CA8EA 
 1070      A929CE
 1071 0158 57F75698 		.ascii	"W\367V\230\017\357\360\210\251\275\007D\252\272\257"
 1071      0FEFF088 
 1071      A9BD0744 
 1071      AABAAF
 1072 0167 C2742C02 		.ascii	"\302t,\002'T\312\025\255\3174\366K\211\265j\327n\252"
 1072      2754CA15 
 1072      ADCF34F6 
 1072      4B89B56A 
 1072      D76EAA
 1073 017a 368F8E0F 		.ascii	"6\217\216\017\202\007\022$\205\305e+`\355?\200K\002"
 1073      82071224 
 1073      85C5652B 
 1073      60ED3F80 
 1073      4B02
 1074 018c A8FD054A 		.ascii	"\250\375\005J\305\342\257\251\231\205\220\230\254\034"
 1074      C5E2AFA9 
 1074      99859098 
 1074      AC1C
 1075 019a 30ADA1B8 		.ascii	"0\255\241\270\262\325\247\376\217\022k\235\010EG\206"
 1075      B2D5A7FE 
 1075      8F126B9D 
 1075      08454786 
 1076 01aa 2783E723 		.ascii	"'\203\347#\301t&\236\011\347\013\311\214\025\271i\345"
 1076      C174269E 
 1076      09E70BC9 
 1076      8C15B969 
 1076      E5
 1077 01bb AEDB83B1 		.ascii	"\256\333\203\261D*Z\260S\271H_\312\316\027r\251\220"
 1077      442A5AB0 
 1077      53B9485F 
 1077      CACE1772 
 1077      A990
 1078 01cd 752D9318 		.ascii	"u-\223\030\352\241\243~\277!\336\204\004Xv\3004M\303"
 1078      EAA1A37E 
 1078      BF21DE84 
 1078      045876C0 
 1078      344DC3
 1079 01e0 B28D742C 		.ascii	"\262\215t,k\330\271\204\264Q;\357O\220\036\213\333\371"
 1079      6BD8B984 
 1079      B4513BEF 
 1079      4F901E8B 
 1079      DBF9
 1080 01f2 CC8D5467 		.ascii	"\314\215Tg;\343?\023\017\2346\317\235MR\357?\031\006"
 1080      3BE33F13 
 1080      0F9C36CF 
 1080      9D4D52EF 
 1080      3F1906
 1081 0205 AD5CDE36 		.ascii	"\255\\\3366\302\003\227{\002F(t\301\010_\015\017\\\012"
 1081      C203977B 
ARM GAS  C:\Users\nello\AppData\Local\Temp\ccnRqDuE.s 			page 28


 1081      02462874 
 1081      C1085F0D 
 1081      0F5C0A
 1082 0218 F60F992E 		.ascii	"\366\017\231.o4\233M\372\323\364\007 \235\367\011"
 1082      6F349B4D 
 1082      FAD3F407 
 1082      209DF709 
 1083              		.text
 1084              		.section	.gnu.lto_stStopAlarm.405.6c44f231,"e",%progbits
 1085 0000 789C758F 		.ascii	"x\234u\217\277KBQ\024\307\317\367\335~ \015AK\177@\020"
 1085      BF4B4251 
 1085      14C7CFF7 
 1085      DD7E200D 
 1085      414B7F40 
 1086 0015 35E44BDD 		.ascii	"5\344K\335\232\004\205\210l\322%\020\304\236\222\222"
 1086      9A048588 
 1086      6CD22510 
 1086      C49E9292 
 1087 0025 F0E4BDA7 		.ascii	"\360\344\275\247\215\336\224\226@L\033\212\260B\020"
 1087      8DDE9496 
 1087      404C1B8A 
 1087      B04210
 1088 0034 716BAAAC 		.ascii	"qk\252\254\010$\210\240\261\326\206h\212\006\013]\032"
 1088      082488A0 
 1088      B1D68668 
 1088      8A060B5D 
 1088      1A
 1089 0045 82BAF729 		.ascii	"\202\272\367)m]\356\345\234\317\275\347|\317\367\216"
 1089      6D5DEEE5 
 1089      9CCFBDE7 
 1089      7CCFF78E 
 1090 0055 81689F88 		.ascii	"\201h\237\210\246\304\001#T\312;\012q\316\275\243\012"
 1090      A6C40123 
 1090      54CA3B0A 
 1090      71CEBDA3 
 1090      0A
 1091 0066 B6CA3B0E 		.ascii	"\266\312;\016\234\301&PNA\016{lV\340\327\366a\361\016"
 1091      9CC12650 
 1091      4E410E7B 
 1091      6C56E0D7 
 1091      F661F10E 
 1092 007a BCD9469D 		.ascii	"\274\331F\235\021\035\2133X#\003B\225\301\316\201s\220"
 1092      111D8B33 
 1092      58230342 
 1092      95C1CE81 
 1092      7390
 1093 008c 04D975EF 		.ascii	"\004\331u\357&!'.e\035.\35471\236N\037\207\333\374\373"
 1093      2621272E 
 1093      651D2EEC 
 1093      37319E4E 
 1093      1F87DBFC 
 1094 00a1 A7C4F9C7 		.ascii	"\247\304\371\307L\253\332p\010\205\022\223&\370\020"
 1094      4CABDA70 
 1094      08851293 
 1094      26F810
 1095 00b0 789B6897 		.ascii	"x\233h\227)}(\010x\007\177=y\200\214\275\233\342s\347"
 1095      297D2808 
ARM GAS  C:\Users\nello\AppData\Local\Temp\ccnRqDuE.s 			page 29


 1095      78077F3D 
 1095      79808CBD 
 1095      9BE273E7 
 1096 00c4 654228D9 		.ascii	"eB(\331\267\275\316\001\320\002up\333mN\212\241\025"
 1096      B7BDCE01 
 1096      D0027570 
 1096      DB6D4E8A 
 1096      A115
 1097 00d6 561706E8 		.ascii	"V\027\006\350/\263E\0045@u\246\340\012\270\004\315\327"
 1097      2FB34504 
 1097      354075A6 
 1097      E00AB804 
 1097      CDD7
 1098 00e8 387F1BAF 		.ascii	"8\177\033\2573\206k\0341\333\227\254\026&\251\213\374"
 1098      33866B1C 
 1098      31DB97AC 
 1098      1626A98B 
 1098      FC
 1099 00f9 67ADF0E4 		.ascii	"g\255\360\344\027\246\355\337\225X_\002\371\266\304"
 1099      17A6EDDF 
 1099      95585F02 
 1099      F9B6C4
 1100 0108 39DF42D8 		.ascii	"9\337B\330\227H\256%\203V&\226\324\303\233\272\261a"
 1100      9748AE25 
 1100      83562696 
 1100      D4C39BBA 
 1100      B161
 1101 011a A6A35A3C 		.ascii	"\246\243Z<\2221\343Fx1nZ\031#\036\320\327\223Z\326C"
 1101      9231E346 
 1101      78316E5A 
 1101      19231ED0 
 1101      D7935AD6 
 1102 012f D34EA72A 		.ascii	"\323N\247*\266&\033t\323\355r\271T\335T\023\321\224"
 1102      B6261B74 
 1102      D3ED72B9 
 1102      54DD5413 
 1102      D194
 1103 0141 6A1A9A8C 		.ascii	"j\032\232\214\021\323rj\344\375\267,\255\033\226\251"
 1103      11D3726A 
 1103      E4FDB72C 
 1103      AD1B96A9 
 1104 0151 06432B1E 		.ascii	"\006C+\036\267\032\010\370\325\340j0\264\344[\316\272"
 1104      B71A08F8 
 1104      D5E06A30 
 1104      B4E45BCE 
 1104      BA
 1105 0162 06CD9154 		.ascii	"\006\315\221T*\346L\320/Cb\213\224"
 1105      2AE64CD0 
 1105      2F43628B 
 1105      94
 1106              		.text
 1107              		.section	.gnu.lto_stSetAlarm.406.6c44f231,"e",%progbits
 1108 0000 789C7551 		.ascii	"x\234uQMh\023Q\020\236o\337&!^\204\036<y(\212\212\005"
 1108      4D681351 
 1108      109E6FDF 
 1108      26215E84 
 1108      1E3C7928 
ARM GAS  C:\Users\nello\AppData\Local\Temp\ccnRqDuE.s 			page 30


 1109 0017 B3EE1615 		.ascii	"\263\356\026\025\305C!\202\177\361\224\202\010\201\220"
 1109      C5432182 
 1109      7FF19482 
 1109      088190
 1110 0026 3FCC6264 		.ascii	"?\314bdKvS\217}\246\210P\204\330z\221\022\205\312\""
 1110      4B76538F 
 1110      7DA68850 
 1110      84D87A91 
 1110      1285CA22 
 1111 003a AD825241 		.ascii	"\255\202RA\333Z\177\266\205\202\210H\021E\212\240\245"
 1111      DB5A7FB6 
 1111      85828848 
 1111      11458AA0 
 1111      A5
 1112 004b 27F160D5 		.ascii	"'\361`\325^z\020t\336&\355Ap\331\2673\363\315\314\367"
 1112      5E7A1074 
 1112      DE26ED41 
 1112      70D9B733 
 1112      F3CDCCF7 
 1113 005f BD995D02 		.ascii	"\275\231]\002\321#\"\332\311\007\20202<\244\221\224"
 1113      D12322DA 
 1113      C9078230 
 1113      323CA491 
 1113      94
 1114 0070 B227A6E1 		.ascii	"\262'\246\341\362\360P\0343\010#\320\200\206\001\334"
 1114      F2F0501C 
 1114      330823D0 
 1114      808601DC 
 1115 0080 107B395C 		.ascii	"\020{9\\\2772z\177\001r<\200/\210n\363\011\237\246\300"
 1115      BF327A7F 
 1115      01723C80 
 1115      2F886EF3 
 1115      099FA6C0 
 1116 0094 88F005A0 		.ascii	"\210\360\005\240\267=\015\235\354\211\263\264'\220r"
 1116      B73D0D9D 
 1116      EC89B3B4 
 1116      279072
 1117 00a3 71765ACA 		.ascii	"qvZ\3128\371B`\012\334\203'\300cVg ;\031!\212\266\231"
 1117      38F94260 
 1117      0ADC8327 
 1117      C0635667 
 1117      203B1921 
 1118 00ba C02DA10F 		.ascii	"\300-\241\017<\205\342T\315\353\357\257\276\235:\272"
 1118      3C85E254 
 1118      CDEBEFAF 
 1118      BE9D3ABA 
 1119 00ca 30284F6C 		.ascii	"0(Ol\364\243\335\217Y(\206\271(W\356R\225\213K\367\256"
 1119      F4A3DD8F 
 1119      592886B9 
 1119      2857EE52 
 1119      958B4BF7 
 1120 00df C5E42BA9 		.ascii	"\305\344+\251\377\253\304\225\255KF\325\010\037-<cl"
 1120      FFABC495 
 1120      AD4B46D5 
 1120      081F2D3C 
 1120      636C
 1121 00f1 4651296D 		.ascii	"FQ)m<\017\365T\311\303w\221@\376\376\323\220\362K\327"
ARM GAS  C:\Users\nello\AppData\Local\Temp\ccnRqDuE.s 			page 31


 1121      3C0FF554 
 1121      C9C37791 
 1121      40FEFED3 
 1121      90F24BD7 
 1122 0105 9BE683B8 		.ascii	"\233\346\203\270\256\001\323\234h\010\265\031\251C\006"
 1122      AE01D39C 
 1122      6808B519 
 1122      A94306
 1123 0114 44D785D6 		.ascii	"D\327\205\326\012\0069\370\006\271\362\3515\224\335"
 1123      0A0639F8 
 1123      06B9F2E9 
 1123      3594DD
 1124 0123 B1F959F9 		.ascii	"\261\371Y\371\274\205M\275\223u\356\010M!k\023\215\346"
 1124      BC854DBD 
 1124      9375EE08 
 1124      4D216B13 
 1124      8DE6
 1125 0135 EA72074B 		.ascii	"\352r\007K\205\371\311\325\233\300\013\320w\314\217"
 1125      85F9C9D5 
 1125      9BC00BD0 
 1125      77CC8F
 1126 0144 4E6C6FEF 		.ascii	"Nlo\357L\007mz\241\000Gw\301[\212 \000^\206\331\375"
 1126      4C076D7A 
 1126      A1004777 
 1126      C15B8A20 
 1126      005E86D9 
 1127 0159 63527EDD 		.ascii	"cR~\335\352\213(\346pK\204w\267\030\032\337\346\213"
 1127      EA8B28E6 
 1127      704B8477 
 1127      B7181ADF 
 1127      E68B
 1128 016b 18E681AE 		.ascii	"\030\346\201\256\020j\211\326\177\214\255}H\361\234"
 1128      106A89D6 
 1128      7F8CAD7D 
 1128      48F19C
 1129 017a 6A5CFA85 		.ascii	"j\\\372\205\372\362\317S\341\337j\210\026?\352\201\012"
 1129      FAF2CF53 
 1129      E1DF6A88 
 1129      163FEA81 
 1129      0A
 1130 018b F7258F64 		.ascii	"\367%\217d\222e;o\247\275Z\321v2\227\234\352\005\267"
 1130      92653B6F 
 1130      A7BD5AD1 
 1130      7632979C 
 1130      EA05B7
 1131 019e 2F572865 		.ascii	"/W(ekn\251\2329^r\275Z\265\224r\316\333\205\376n\332"
 1131      6B6EA99A 
 1131      395E72BD 
 1131      5AB59472 
 1131      CEDB85FE 
 1132 01b4 9D4818FC 		.ascii	"\235H\030\374\026T\203\343Z\246i\032\216k\224s\025\303"
 1132      165483E3 
 1132      5AA6691A 
 1132      8E6B9473 
 1132      15C3
 1133 01c6 AD1694CD 		.ascii	"\255\026\224\315\272^\242@\261\\\336\365\354\213\245"
 1133      BA5EA240 
ARM GAS  C:\Users\nello\AppData\Local\Temp\ccnRqDuE.s 			page 32


 1133      B15CDEF5 
 1133      EC8BA5
 1134 01d5 8E0D2471 		.ascii	"\216\015$q0o\0350\017\037*R\317\177\031\372\234\252"
 1134      306F1D30 
 1134      0F1F2A52 
 1134      CF7F19FA 
 1134      9CAA
 1135 01e7 E71AE9DE 		.ascii	"\347\032\351\3363\335\226\221J\0353\322\347\322\275"
 1135      33DD9691 
 1135      4A1D33D2 
 1135      E7D2BD
 1136 01f6 2793A7FB 		.ascii	"'\223\247\373\3156o\266R)&\312\364\027|u\323S"
 1136      CD366FB6 
 1136      522926CA 
 1136      F4177C75 
 1136      D353
 1137              		.text
 1138              		.section	.gnu.lto_stGetAlarm.407.6c44f231,"e",%progbits
 1139 0000 789CF367 		.ascii	"x\234\363gd`\230\316\300\300\240\006\304\214\314\014"
 1139      646098CE 
 1139      C0C0A006 
 1139      C48CCC0C 
 1140 0010 8C932676 		.ascii	"\214\223&v114448\260316N\354\372\277f\013\013\343vF"
 1140      31313434 
 1140      3438B033 
 1140      31364EEC 
 1140      FABF660B 
 1141 0028 B0002343 		.ascii	"\260\000#C=\023c=\343d\3469\314\214\223\230\227\000"
 1141      3D13633D 
 1141      E364E639 
 1141      CC8C9398 
 1141      9700
 1142 003a 15B34059 		.ascii	"\025\263@Y\214\214\012\232\007\032\032~\264\316:\375"
 1142      8C8C0A9A 
 1142      071A1A7E 
 1142      B4CE3AFD 
 1143 004a 946DCE8A 		.ascii	"\224m\316\212\003,K\230\231\030\346\001\025led\334\002"
 1143      032C4B98 
 1143      9918E601 
 1143      156C6564 
 1143      DC02
 1144 005c B40004D8 		.ascii	"\264\000\004\330\030@\"@K\200z\300lF\306\035\214\014"
 1144      18402240 
 1144      4B807AC0 
 1144      6C46C61D 
 1144      8C0C
 1145 006e 200ED0F0 		.ascii	" \016\320\360\037\317\027\001Uog\004\212\202\0242\356"
 1145      1FCF1701 
 1145      556F6704 
 1145      8A821432 
 1145      EE
 1146 007f 044B8274 		.ascii	"\004K\202t\256\277\304z\240\341\317\377\376\206\206"
 1146      AEBFC47A 
 1146      A0E1CFFF 
 1146      FE8686
 1147 008e FB3A7BE6 		.ascii	"\373:{\346l\343\004\032\274\204\031hN?3\310\225\015"
 1147      6CE3041A 
ARM GAS  C:\Users\nello\AppData\Local\Temp\ccnRqDuE.s 			page 33


 1147      BC841968 
 1147      4E3F33C8 
 1147      950D
 1148 00a0 2C8C0D07 		.ascii	",\214\015\007\030\030&03A8\315@\316+\306\206G\263O3"
 1148      18182630 
 1148      334138CD 
 1148      40CE2BC6 
 1148      8647B34F 
 1149 00b5 82682538 		.ascii	"\202h%8\361h\0367\210\372\274\267\367\312\373\023\302"
 1149      F1681E37 
 1149      88FABCB7 
 1149      F7CAFB13 
 1149      C2
 1150 00c6 40F3C182 		.ascii	"@\363\301\2027\337\317`d\334\305\310\360\216\361\320"
 1150      37DFCF60 
 1150      64DCC5C8 
 1150      F08EF1D0 
 1151 00d6 8595BC8B 		.ascii	"\205\225\274\213\230\231\240\376a\001;\014\302\002\033"
 1151      9899A0FE 
 1151      61013B0C 
 1151      C2021B
 1152 00e5 0CE42D63 		.ascii	"\014\344-c\004Z\314\312\270\207\221q7X\326`aC\303\013"
 1152      045ACCCA 
 1152      B8879171 
 1152      3758D660 
 1152      6143C30B 
 1153 00f9 9525CC6C 		.ascii	"\225%\314l\214{\031\3472\203\335l\004\024Z\241\276\204"
 1153      8C7B19E7 
 1153      3283DD6C 
 1153      04145AA1 
 1153      BE84
 1154 010b 999D711F 		.ascii	"\231\235q\037#\243\026X\210\341\023c\323\207\205\237"
 1154      23A31658 
 1154      88E11363 
 1154      D387859F 
 1155 011b 6FBEE000 		.ascii	"o\276\340\000\372\016h\001($\372\231!\20626\035\000"
 1155      FA0E6801 
 1155      2824FA99 
 1155      21863236 
 1155      1D00
 1156 012d 71759DAD 		.ascii	"qu\235\255b\23432\2232\203KJS2\363c\312\363\213\262"
 1156      629C3332 
 1156      9332834B 
 1156      4A5332F3 
 1156      63CAF38B 
 1157 0142 8B0B1293 		.ascii	"\213\013\022\223S\343K\213S\213b\334S\213KJ\213R}\362"
 1157      53E34B8B 
 1157      538B62DC 
 1157      538B4B4A 
 1157      8B527DF2 
 1158 0156 D33393CB 		.ascii	"\3233\223\313\214\031\324\364\364\364\201(\031\244!"
 1158      8C19D4F4 
 1158      F4F48128 
 1158      19A421
 1159 0165 BFD8C8D0 		.ascii	"\277\330\310\320\320P?\277X?#1G\277\270(\031D\307\027"
 1159      D0503FBF 
 1159      583F2331 
ARM GAS  C:\Users\nello\AppData\Local\Temp\ccnRqDuE.s 			page 34


 1159      47BFB828 
 1159      1944C717 
 1160 0179 97E82533 		.ascii	"\227\350%38\340TV\220_TR\254\037\034\342kl\244\357\343"
 1160      38E05456 
 1160      905F5452 
 1160      AC1F1CE2 
 1160      6B6CA4EF 
 1161 018e E3A21F1C 		.ascii	"\343\242\037\034\031\034\342\351\354]f\010\325\034\237"
 1161      191CE2E9 
 1161      EC5D6608 
 1161      D51C9F
 1162 019d 9393A297 		.ascii	"\223\223\242\227\301\000\000k$\2426"
 1162      C100006B 
 1162      24A236
 1163              		.text
 1164              		.section	.gnu.lto_stIsAlarmActive.408.6c44f231,"e",%progbits
 1165 0000 789C7550 		.ascii	"x\234uPMK\033Q\024\275g\336D\353\326?\320\235\320\205"
 1165      4D4B1B51 
 1165      14BD67DE 
 1165      44EBD63F 
 1165      D09DD085 
 1166 0014 33C6ECBA 		.ascii	"3\306\354\272\222\246P\304\270\0327B \350\030L002\223"
 1166      92A650C4 
 1166      B81A3742 
 1166      20E8184C 
 1166      30303293 
 1167 0028 A44B9F09 		.ascii	"\244K\237\011E\020\304\217R\025Q\321!\024\335\350\306"
 1167      4510C48F 
 1167      521551D1 
 1167      2114DDE8 
 1167      C6
 1168 0039 CFAA3014 		.ascii	"\317\2520\024\372\007R\334Y\024\227\226~\020A\262(\324"
 1168      FA0752DC 
 1168      59149796 
 1168      7E1041B2 
 1168      28D4
 1169 004b FB5EDCFA 		.ascii	"\373^\334\372x\357\276w\316\275\367\334\303{\003\242"
 1169      78EFBE77 
 1169      CEBDF7DC 
 1169      C37B03A2 
 1170 005b 1522EAE2 		.ascii	"\025\"\352\342\003AXZ\2345HJ\331\327n`zq\366\317\336"
 1170      0341585A 
 1170      9C35484A 
 1170      D9D76E60 
 1170      7A71F6CF 
 1171 0070 81894368 		.ascii	"\201\211Ch\0024e`\012\037\305\253H\312\346\207\265\237"
 1171      02346560 
 1171      0A1FC5AB 
 1171      48CAE687 
 1171      B59F
 1172 0082 DFB0B613 		.ascii	"\337\260\266\023\241&\2106\2713\201\036\322\253Mc\226"
 1172      A1268836 
 1172      B933811E 
 1172      D2AB4D63 
 1172      96
 1173 0093 5B17D06F 		.ascii	"[\027\320o\340\010\244\000\3134\037B\256=\004\263\252"
 1173      E008A400 
ARM GAS  C:\Users\nello\AppData\Local\Temp\ccnRqDuE.s 			page 35


 1173      CB341F42 
 1173      AE3D04B3 
 1173      AA
 1174 00a4 10C73AC9 		.ascii	"\020\307:\311&h\277\036\213\344\277\377\363R^[\347W"
 1174      2668BF1E 
 1174      8BE4BFFF 
 1174      F3525E5B 
 1174      E757
 1175 00b6 671D3183 		.ascii	"g\0351\203j\202-q0I\015\241y\241\234I\0232\"Z\020F\013"
 1175      6A822D71 
 1175      30490DA1 
 1175      79A19C49 
 1175      1332225A 
 1176 00cd 5419DC41 		.ascii	"T\031\334A\206\355*\336_\314-4n:YV\241\333O\215U\340"
 1176      86ED2ADE 
 1176      5FCC2D34 
 1176      6E3A5956 
 1176      A1DB4F8D 
 1177 00e3 04F41B5F 		.ascii	"\004\364\033_\317w_\206\302`\027K\242&\014\355\247\365"
 1177      CF775F86 
 1177      C260174B 
 1177      A2260CED 
 1177      A7F5
 1178 00f5 D22A8C3E 		.ascii	"\322*\214>\203\247\010|\001NA=\333R\276\250\011\023"
 1178      83A7087C 
 1178      014E413D 
 1178      DB52BEA8 
 1178      0913
 1179 0107 67D810DA 		.ascii	"g\330\020\332&kT\227g~\231\241\020\254\243Z\001C\221"
 1179      266B5497 
 1179      677E99A1 
 1179      10ACA35A 
 1179      014391
 1180 011a F5994B84 		.ascii	"\365\231K\204B\361-\222\250\201\312\337\255\357?\324"
 1180      42F12D92 
 1180      A881CADF 
 1180      ADEF3FD4 
 1181 012a C77182B4 		.ascii	"\307q\202\264\363\326\030T\"\005\273\223\257\323\311"
 1181      F3D61854 
 1181      2205BB93 
 1181      AFD3C9
 1182 0139 5C7E34EF 		.ascii	"\\~4\357\024Kcy/\375\336\363'\202\311\0217\233)\005"
 1182      144B6379 
 1182      2FFDDEF3 
 1182      2782C911 
 1182      379B2905 
 1183 014d 593FFD2E 		.ascii	"Y?\375.\033\024K~6\345\215\347\335r\202\272,\313\346"
 1183      1B144B7E 
 1183      36E58DE7 
 1183      DD7282BA 
 1183      2CCBE6
 1184 0160 EDAA062F 		.ascii	"\355\252\006/\350\215\307\343\266\027\330\271\221\202"
 1184      E88DC7E3 
 1184      B617D8B9 
 1184      9182
 1185 016e 1DF8AEBA 		.ascii	"\035\370\256\2723A\321r\251\357\331\262I\317/\006\266"
 1185      3341D172 
ARM GAS  C:\Users\nello\AppData\Local\Temp\ccnRqDuE.s 			page 36


 1185      A9EFD9B2 
 1185      49CF2F06 
 1185      B6
 1186 017f 333498E8 		.ascii	"34\230\350\265S\251\267\2663\354\014\365'\007\312\361"
 1186      B553A9B7 
 1186      B633EC0C 
 1186      F52707CA 
 1186      F1
 1187 0190 A7E64CA1 		.ascii	"\247\346L\2410f\345\350\021\355\011\2335"
 1187      3066E5E8 
 1187      11ED099B 
 1187      35
 1188              		.text
 1189              		.section	.gnu.lto_.symbol_nodes.6c44f231,"e",%progbits
 1190 0000 789C75CF 		.ascii	"x\234u\317K\025\200@\014C\321\224\014\214\014\314\340"
 1190      4B158040 
 1190      0C43D194 
 1190      0C8C0CCC 
 1190      E0
 1191 0011 2B83030E 		.ascii	"+\203\003\016\177\254 \0023\010\200\341\263\355\333"
 1191      7FAC2002 
 1191      330880E1 
 1191      B3EDDB
 1192 0020 DE66D113 		.ascii	"\336f\321\023\271\242\247\220r\301\272\003\020\260\247"
 1192      B9A2A790 
 1192      72C1BA03 
 1192      10B0A7
 1193 002f D6607871 		.ascii	"\326`xq\240\314\305\221*\\\234(\2728S\301\305\205*]"
 1193      A0CCC591 
 1193      2A5C9C28 
 1193      BA3853C1 
 1193      C5852A5D 
 1194 0043 5CA9CA43 		.ascii	"\\\251\312C\333\250x\375\325\357\001\236\327\036%\342"
 1194      DBA878FD 
 1194      D5EF019E 
 1194      D71E25E2 
 1195 0053 376B7003 		.ascii	"7kp\003\3412>~"
 1195      E1323E7E 
 1196              		.text
 1197              		.section	.gnu.lto_.refs.6c44f231,"e",%progbits
 1198 0000 789C6364 		.ascii	"x\234cd\000\002\000\000\012\000\002"
 1198      00020000 
 1198      0A0002
 1199              		.text
 1200              		.section	.gnu.lto_.decls.6c44f231,"e",%progbits
 1201 0000 789CB556 		.ascii	"x\234\265Vip\024\307\025\356\327={hX\220\"\013\223T"
 1201      697014C7 
 1201      15EED73D 
 1201      7B685890 
 1201      220B9354 
 1202 0014 AA289573 		.ascii	"\252(\225s\240J\005\226]\005(\307\225Dx%0\305\021j\245"
 1202      A04A0596 
 1202      5D0528C7 
 1202      95447825 
 1202      30C5116A 
 1203 0029 A4921455 		.ascii	"\244\222\024U[\262v\013\251\202XE;\220\344\337D\010"
 1203      5BB2760B 
ARM GAS  C:\Users\nello\AppData\Local\Temp\ccnRqDuE.s 			page 37


 1203      A9825845 
 1203      3B90E4DF 
 1203      4408
 1204 003b 108780A0 		.ascii	"\020\207\200\240`N\013\031l\020&\006qY\2008$0 s\012"
 1204      604E0B19 
 1204      6C102606 
 1204      71598038 
 1204      24302073 
 1205 0050 470E102E 		.ascii	"G\016\020.\211S\034\346\010`\016a\223\3273==Z\255\250"
 1205      89531CE6 
 1205      08600E61 
 1205      93D7333D 
 1205      3D5AADA8 
 1206 0064 E24F567A 		.ascii	"\342OVz3\335o\277\367\275\357\275\356\351\235\203\275"
 1206      33DD6FBF 
 1206      F7BDEFBD 
 1206      EEE99D83 
 1206      BD
 1207 0075 09A9A684 		.ascii	"\011\251\246\204\374\024\355\005~\334\204\220\223h\200"
 1207      FC14ED05 
 1207      7EDC8490 
 1207      936880
 1208 0084 D640CC0F 		.ascii	"\326@\314\017\367\355C;\200\3669\332\021\264ch'\320"
 1208      F7ED433B 
 1208      80F639DA 
 1208      11B46368 
 1208      27D0
 1209 0096 FE8D769A 		.ascii	"\376\215v\232$~\246#\001\303{!\332\031\264&\341\247"
 1209      247EA623 
 1209      01C37B21 
 1209      DA19B426 
 1209      E1A7
 1210 00a8 82ABA798 		.ascii	"\202\253\247\2309\030\343\302{*Z\232\310?\000-\023\375"
 1210      3918E3C2 
 1210      7B2A5A9A 
 1210      C83F002D 
 1210      13FD
 1211 00ba 7EB40B42 		.ascii	"~\264\013B\227\027L\036\256g\010$\362T\201\251\271\260"
 1211      97174C1E 
 1211      AE670824 
 1211      F25481A9 
 1211      B9B0
 1212 00cc 1B97C543 		.ascii	"\033\227\305C\005\027\327\367=\034\367C\373\211\340"
 1212      0517D7F7 
 1212      3D1CF743 
 1212      FB89E0
 1213 00db E4F50DEB 		.ascii	"\344\365\015\353\201s1\372\024\301\331]\217\025\313"
 1213      817331FA 
 1213      14C1D95D 
 1213      8F15CB
 1214 00ea FBF2660F 		.ascii	"\373\362f\017\261\313_Q\017\010=T\364\367\255\036\270"
 1214      B1CB5F51 
 1214      0F083D54 
 1214      F4F7AD1E 
 1214      B8
 1215 00fb 560AAE97 		.ascii	"V\012\256\227\365\250'.\276N\277\350\201\353\023\364"
 1215      F5A8272E 
ARM GAS  C:\Users\nello\AppData\Local\Temp\ccnRqDuE.s 			page 38


 1215      BE4EBFE8 
 1215      81EB13F4 
 1216 010b 39F0DEFA 		.ascii	"9\360\336\372\222>[u\3615\376U\017\361\013\031\014\000"
 1216      923E5B75 
 1216      F135FE55 
 1216      0FF10B19 
 1216      0C00
 1217 011d BE69928D 		.ascii	"\276i\222\215\021a\224xu\343S\366:\201O\315\010_/\226"
 1217      11619478 
 1217      75E353F6 
 1217      3A814FCD 
 1217      085F2F96 
 1218 0131 CD91A9A0 		.ascii	"\315\221\251\240\3405\015\322\2273\272eZu\225Gm\324"
 1218      E0350DD2 
 1218      9733BA65 
 1218      5A759547 
 1218      6DD4
 1219 0143 F57B7A63 		.ascii	"\365{zcy\022\201\235\000;\200\300v@\226z\200m\000[\001"
 1219      7912819D 
 1219      003B80C0 
 1219      7640967A 
 1219      806D005B 
 1220 0158 61EB2F37 		.ascii	"a\353/7\234\367\\\005C\203\022\006\200\323C\361\242"
 1220      9CF75C05 
 1220      43831206 
 1220      80D343F1 
 1220      A2
 1221 0169 923F3092 		.ascii	"\222?0\222\246S\235:\303\214\252Lea\265\031\372g<dY"
 1221      A6539D3A 
 1221      C38CAA4C 
 1221      6561B519 
 1221      FA673C64 
 1222 017e 6E9A91AC 		.ascii	"n\232\221\254\272k\367C\212\352pS\332\341\012\253\031"
 1222      BA6BF743 
 1222      8AEA7053 
 1222      DAE10AAB 
 1222      19
 1223 018f CFE09FB4 		.ascii	"\317\340\237\264\306\231\236\245+\341\271};\\:]0.-3"
 1223      C6999EA5 
 1223      2BE1B97D 
 1223      3B5C3A5D 
 1223      302E2D33 
 1224 01a3 0BAF1DAE 		.ascii	"\013\257\035\256f\010c\324x\305\235\202\243\016\227"
 1224      660863D4 
 1224      78C59D82 
 1224      A30E97
 1225 01b2 FA90D554 		.ascii	"\372\220\325T:\303\307h\305\000h\0065\354O\303J\262"
 1225      3AC3C768 
 1225      C5006806 
 1225      35EC4FC3 
 1225      4AB2
 1226 01c4 DCEEFEC9 		.ascii	"\334\356\376\311\373\330>6\002\373\356\256\333\320W"
 1226      FBD83E36 
 1226      02FBEEAE 
 1226      DBD057
 1227 01d3 ED702523 		.ascii	"\355p%#EF8=%\234\236\334\014\216pXM\313 (\"\354\367"
 1227      4546383D 
ARM GAS  C:\Users\nello\AppData\Local\Temp\ccnRqDuE.s 			page 39


 1227      259C9EDC 
 1227      0C8E7058 
 1227      4DCB2028 
 1228 01ea 67511599 		.ascii	"gQ\025\231\025w3\370\031x\374z\373\255~\252CM\352\237"
 1228      157733F8 
 1228      1978FC7A 
 1228      FBAD7EAA 
 1228      434DEA9F 
 1229 01fe 9E414898 		.ascii	"\236AH\230\214\240\310\313^X\037pa\316\260=\005\310"
 1229      8CA0C8CB 
 1229      5E581F70 
 1229      61CEB03D 
 1229      05C8
 1230 0210 50A99FB2 		.ascii	"P\251\237\262\321\035\370\020P\232N\210\256\270=\036"
 1230      D11DF810 
 1230      509A4E88 
 1230      AEB83D1E 
 1231 0220 D0F19614 		.ascii	"\320\361\226\024\032\035\036\357WI\207\213\342Wi\012"
 1231      1A1D1EEF 
 1231      5749878B 
 1231      E257690A 
 1232 0230 E814EC48 		.ascii	"\350\024\354H\325I\000\252\031\266\320\370\343\027\020"
 1232      D54900AA 
 1232      19B6D0F8 
 1232      E31710
 1233 023f 17E05330 		.ascii	"\027\340S0\237m+\215\341\347kL\005\232CL\257\274\211"
 1233      9F6D2B8D 
 1233      E1E76B4C 
 1233      059A434C 
 1233      AFBC89
 1234 0252 310750C1 		.ascii	"1\007P\301C\305\262\203\031#\222\360k\027r\011\001\001"
 1234      43C5B283 
 1234      192392F0 
 1234      6B177209 
 1234      0101
 1235 0264 B178CC18 		.ascii	"\261x\314\030\001\220\261b\310s\030`\3325\306\210\213"
 1235      0190B162 
 1235      C8731860 
 1235      DA35C688 
 1235      8B
 1236 0275 136E5312 		.ascii	"\023nS\022IkI\"\346\004\367MS\325\331\231\216k\3307"
 1236      496B4922 
 1236      E604F74D 
 1236      53D5D999 
 1236      8E6BD837 
 1237 0289 BDB67217 		.ascii	"\275\266r\027\203\276\013\262\010\260\211\346&\244\306"
 1237      83BE0BB2 
 1237      08B089E6 
 1237      26A4C6
 1238 0298 264C41D4 		.ascii	"&LA\324\314\206yG\324~\010\272\255\353iP\010\215\000"
 1238      CC867947 
 1238      D47E08BA 
 1238      ADEB6950 
 1238      088D00
 1239 02ab 7B798226 		.ascii	"{y\202&\344\216\032<k\267U>L~c\311\022\375\311\356\231"
 1239      E48E1A3C 
 1239      6BB7553E 
ARM GAS  C:\Users\nello\AppData\Local\Temp\ccnRqDuE.s 			page 40


 1239      4C7E63C9 
 1239      12FDC9EE 
 1240 02c0 1756FDA0 		.ascii	"\027V\375\240}\273\256OG\274\233c`\017\340V5r\357\301"
 1240      7DBBAE4F 
 1240      47BC9B63 
 1240      600FE056 
 1240      3572EFC1 
 1241 02d4 80DD00BB 		.ascii	"\200\335\000\273\300\267\320\311\366\003\217|v\246\274"
 1241      C0B7D0C9 
 1241      F6038F7C 
 1241      76A6BC
 1242 02e3 D325B91B 		.ascii	"\323%\271\033@\222\177&\311\347^\376\254\2767'\277w"
 1242      40927F26 
 1242      C9E75EFE 
 1242      ACBE3727 
 1242      BF77
 1243 02f5 E2F28C3E 		.ascii	"\342\362\214>-\374\251\001\374\032\366K\336\375\222"
 1243      2DFCA901 
 1243      FC1AF64B 
 1243      DEFD92
 1244 0304 778693B5 		.ascii	"w\206\223\265\030\274\017\026=\376\212\361c\210sF\321"
 1244      18BC0F16 
 1244      3DFE8AF1 
 1244      63887346 
 1244      D1
 1245 0315 F15ED9E7 		.ascii	"\361^\331\347\217z\365PD3\306\036\002#\321\375K{N\202"
 1245      8F7AF550 
 1245      4433C61E 
 1245      0223D1FD 
 1245      4B7B4E82 
 1246 0329 91E8EEFE 		.ascii	"\221\350\356\376?\325\362-\215\337\302A\231\346\240"
 1246      3FD5F22D 
 1246      8DDFC241 
 1246      99E6A0
 1247 0338 4C73C2C1 		.ascii	"Ls\302\301\316\033iV\256i\233AyH]\345\364\231zJ\031"
 1247      CE1B6956 
 1247      AE699B41 
 1247      79485DE5 
 1247      F4997A4A 
 1248 034d 0629BCE6 		.ascii	"\006)\274\346\3032\350\260\014:\344`7\214\240\223\225"
 1248      C332E8B0 
 1248      0C3AE460 
 1248      378CA093 
 1248      95
 1249 035e 8FAEF531 		.ascii	"\217\256\3651\202\326\333A\230\351\250\014:*\203>r\260"
 1249      82D6DB41 
 1249      98E9A80C 
 1249      3A2A833E 
 1249      72B0
 1250 0370 8746D0C5 		.ascii	"\207F\320\305\206\217\257{\014qG\256v\355\302q\031t"
 1250      868FAF7B 
 1250      0C7147AE 
 1250      76EDC271 
 1250      1974
 1251 0382 5C067DAD 		.ascii	"\\\006}\255\260\027x\310\314\247\030\350\3349{\353j"
 1251      B01778C8 
 1251      CCA718E8 
ARM GAS  C:\Users\nello\AppData\Local\Temp\ccnRqDuE.s 			page 41


 1251      DC397BEB 
 1251      6A
 1252 0393 E5FB00F8 		.ascii	"\345\373\000\370\237D\241\025\312x\266V\3003\245C/\367"
 1252      9F44A115 
 1252      CA78B656 
 1252      C033A543 
 1252      2FF7
 1253 03a5 10C884C1 		.ascii	"\020\310\204\301\004N\002\272\010|\001\360/~\236\254"
 1253      044E02BA 
 1253      087C01F0 
 1253      2F7E9EAC 
 1254 03b5 695CDE06 		.ascii	"i\\\336\006\262Y\255\366\252|)W\345\340\345\355\323"
 1254      B259ADF6 
 1254      AA7C2957 
 1254      E5E0E5ED 
 1254      D3
 1255 03c6 930C3DB7 		.ascii	"\223\014=\267\016\210f}\011\320\"\325\264H57\025\266"
 1255      0E88667D 
 1255      09D022D5 
 1255      B4483537 
 1255      15B6
 1256 03d8 882BA1F3 		.ascii	"\210+\241\363n/\332\213%\350\372\223\205U\307\266\245"
 1256      6E2FDA8B 
 1256      25E8FA93 
 1256      8555C7B6 
 1256      A5
 1257 03e9 374DABC9 		.ascii	"7M\253\311\340\275:%cN\201\330\227\207\317\325u\272"
 1257      E0BD3A25 
 1257      634E81D8 
 1257      9787CFD5 
 1257      75BA
 1258 03fb 3DC6B157 		.ascii	"=\306\261W\263\317h\250y\360\0218\003\304\334\236m."
 1258      B3CF68A8 
 1258      79F01138 
 1258      03C4DC9E 
 1258      6D2E
 1259 040d E376DAC5 		.ascii	"\343v\332\305.Q\302\256\031\011f4^oq\253m\335O\313\363"
 1259      2E51C2AE 
 1259      19096634 
 1259      5E6F71AB 
 1259      6DDD4FCB 
 1260 0422 5D4F4B23 		.ascii	"]OK#\252\303\344\270\3474\366\270>\214\335\245\246\347"
 1260      AAC3E4B8 
 1260      E734F6B8 
 1260      3E8CDDA5 
 1260      A6E7
 1261 0434 2CAF7EC5 		.ascii	",\257~\305\235C\315.U\0274\350\265\222_A2/\\\346\230"
 1261      9D43CD2E 
 1261      551734E8 
 1261      B5925F41 
 1261      322F5CE6 
 1262 0449 DB076E1C 		.ascii	"\333\007n\034\355\235x0\237\357v0O\273\277\356\214\222"
 1262      ED9D7830 
 1262      9FEF7630 
 1262      4FBBBFEE 
 1262      8C92
 1263 045b 8A54E5BA 		.ascii	"\212T\345\272^C\341*@;@\033\347\272\006\006\037\227"
ARM GAS  C:\Users\nello\AppData\Local\Temp\ccnRqDuE.s 			page 42


 1263      5E43E12A 
 1263      403B401B 
 1263      E7BA0606 
 1263      1F97
 1264 046d 7DEAD6E6 		.ascii	"}\352\326\3462\260A\027\022A\354\251\320\327F\330s,"
 1264      32B04117 
 1264      1241ECA9 
 1264      D0D746D8 
 1264      732C
 1265 047f 5767E6F4 		.ascii	"Wg\346\3644a\345\214\260\331b\332B\330<\234V\211i\263"
 1265      3461E58C 
 1265      B0D962DA 
 1265      42D83C9C 
 1265      568969B3 
 1266 0493 79731B45 		.ascii	"ys\033E6\022\266\224\361l\333\356<\257s\364T\335\327"
 1266      3612B694 
 1266      F16CDBEE 
 1266      3CAF73F4 
 1266      54DDD7
 1267 04a6 46758311 		.ascii	"Fu\203\021\262\265\341H-\215S\375\020\340\001\307<\006"
 1267      B2B5E148 
 1267      2D8D53FD 
 1267      10E001C7 
 1267      3C06
 1268 04b8 03C7796A 		.ascii	"\003\307yj?\274U\020'\272;\306H\216i\253\205\234\301"
 1268      3FBC5510 
 1268      27BA3BC6 
 1268      488E69AB 
 1268      859CC1
 1269 04cb C635C56C 		.ascii	"\3065\305l9\260\325\302\315\220\253\352f\347FOO\232"
 1269      39B0D5C2 
 1269      CD90ABEA 
 1269      66E7464F 
 1269      4F9A
 1270 04dd 74CA35BD 		.ascii	"t\3125\275\340\255\334\260\354\354,\210\023\365\015"
 1270      E0ADDCB0 
 1270      ECEC2C88 
 1270      13F50D
 1271 04ec C0730EFA 		.ascii	"\300s\016\372\0335\200\\TMkEC\2578U\335Al\255\310\233"
 1271      1B35805C 
 1271      544D6B45 
 1271      43AF3855 
 1271      DD416CAD 
 1272 0502 C1D663AF 		.ascii	"\301\326c\2576\212Y:\333\202\263z1\373.\333\205\263"
 1272      368A593A 
 1272      DB82B37A 
 1272      31FB2EDB 
 1272      85B3
 1273 0514 7D68CD68 		.ascii	"}h\315hG\321N\240\265\242\235A;/PW\\F-5\277d\355\274"
 1273      47D14EA0 
 1273      B5A29D41 
 1273      3B2F5057 
 1273      5C462D35 
 1274 052c B343179F 		.ascii	"\263C\027\237\333|\301\363\303\304\317k\342\336\216"
 1274      DB7CC1F3 
 1274      C3C4CF6B 
 1274      E2DE8E
ARM GAS  C:\Users\nello\AppData\Local\Temp\ccnRqDuE.s 			page 43


 1275 053b 3B7FC5CA 		.ascii	";\177\305\312\027\033\373\254\300*=\\\334,\012\353\250"
 1275      171BFBAC 
 1275      C02A3D5C 
 1275      DC2C0AEB 
 1275      A8
 1276 054c 2C7626CA 		.ascii	",v&\312\003\037AX]\347|<\030L\314\2748\214Q\213\211"
 1276      031F4158 
 1276      5DE77C3C 
 1276      184CCCBC 
 1276      388C518B 
 1277 0561 796E632A 		.ascii	"ync*\0231;\201|\200\240\271\233\224f|x\313(|\013\034"
 1277      13313B81 
 1277      7C80A0B9 
 1277      9B94667C 
 1277      78CB287C 
 1278 0577 63B5A353 		.ascii	"c\265\243S`8\321\322M%\034\203<\367\240+\317\335.<+"
 1278      6038D1D2 
 1278      4D251C83 
 1278      3CF7A02B 
 1278      CFDD2E3C 
 1279 058c 4D9EEB00 		.ascii	"M\236\353\000\227\014\214\265C/v\341yj\013Z\020'\350"
 1279      970C8CB5 
 1279      432F76E1 
 1279      796A0B5A 
 1279      1027E8
 1280 059f 812D7A85 		.ascii	"\201-z\205\314u+.\327\015\033\362\276\204\334L\204\210"
 1280      CC752B2E 
 1280      D70D1BF2 
 1280      BE84DC4C 
 1280      8488
 1281 05b1 549512F3 		.ascii	"T\225\022\363,\016\363\264\013f\231\304\334\211\303"
 1281      2C0EF3B4 
 1281      0B6699C4 
 1281      DC89C3
 1282 05c0 DCB6537D 		.ascii	"\334\266S}k+\236\023\247x6\265yfI\236\031q\230r{\271"
 1282      6B2B9E13 
 1282      A77836B5 
 1282      7966499E 
 1282      19719872 
 1283 05d6 EEDA3C0B 		.ascii	"\356\332<\013\3430^\003\302\0338\337l\340\023\200G\206"
 1283      E3305E03 
 1283      C21B38DF 
 1283      6CE01380 
 1283      4786
 1284 05e8 1AEB69F9 		.ascii	"\032\353i\371\257\255\346\211\315\362\367\004\026!f"
 1284      AFADE689 
 1284      CDF2F704 
 1284      162166
 1285 05f7 8914733F 		.ascii	"\211\024s?q\255L\232ol\232\271\211E\231\2309\222fZ\034"
 1285      71AD4C9A 
 1285      6F6C9AB9 
 1285      89459998 
 1285      3992665A 
 1286 060c A4D3A431 		.ascii	"\244\323\2441\037\240F\205\300?(T\3610\304\340\261\266"
 1286      1FA04685 
 1286      C03F2854 
 1286      F130C4E0 
ARM GAS  C:\Users\nello\AppData\Local\Temp\ccnRqDuE.s 			page 44


 1286      B1B6
 1287 061e 9AC24714 		.ascii	"\232\302G\024VP\370\230\302b\012K(\254\245\360\001\205"
 1287      5650F898 
 1287      C2620A4B 
 1287      28ACA5F0 
 1287      0185
 1288 0630 F7286CA4 		.ascii	"\367(l\244\260\212\342\033$\324RXJa%\205\017)\254\241"
 1288      B08AE21B 
 1288      24D45258 
 1288      4A612585 
 1288      0F29ACA1 
 1289 0644 B08C023E 		.ascii	"\260\214\002>\210\353)\274O\241\232B\035\205\345\024"
 1289      88EB29BC 
 1289      4FA19A42 
 1289      1D85E514 
 1290 0654 3EA1B081 		.ascii	">\241\260\201\277$q)\317l\271\363\023w\215({\271\324"
 1290      BF247129 
 1290      CF6CB9F3 
 1290      13778D28 
 1290      7BB9D4
 1291 0667 FB55E25A 		.ascii	"\373U\342Z\012\314l\211\231\236\270N\002S+1\347\342"
 1291      0ACC6C89 
 1291      999EB84E 
 1291      02532B31 
 1291      E7E2
 1292 0679 78CE76E1 		.ascii	"x\316v\341Y'1\213\342x\376c\267\270BB*\022\237`AS-1"
 1292      5927318B 
 1292      E278FE63 
 1292      B7B84242 
 1292      2A129F60 
 1293 0691 1D71A92E 		.ascii	"\035q\251.\2324l\225\302\017\254\305\307.<O~\255{\277"
 1293      9A346C95 
 1293      C20FACC5 
 1293      C72E3C4F 
 1293      7EAD7BBF 
 1294 06a5 6113FD3F 		.ascii	"a\023\375?u\234\037\266\323n|\301\354\037\327\315\266"
 1294      759C1FB6 
 1294      D36E7CC1 
 1294      EC1FD7CD 
 1294      B6
 1295 06b6 B42DFC7C 		.ascii	"\264-\374|\334\240\2207\026,\321\267/\254z2\004\017"
 1295      DCA09037 
 1295      162CD1B7 
 1295      2FAC7A32 
 1295      040F
 1296 06c8 2A7C5D68 		.ascii	"*|]hR\370\213\306Vj\376L\3036\212c\353\307\375\201\223"
 1296      52F88BC6 
 1296      566AFE4C 
 1296      C3368A63 
 1296      EBC7FD81 
 1297 06dd 359901F7 		.ascii	"5\231\001\367\346\325\327\265\203>\033KI\345o3\237Z"
 1297      E6D5D7B5 
 1297      833E1B4B 
 1297      49E56F33 
 1297      9F5A
 1298 06ef F87A8A63 		.ascii	"\370z\212c\013\177\332\311ZM|\335\206\372\022|oX\360"
 1298      0B7FDAC9 
ARM GAS  C:\Users\nello\AppData\Local\Temp\ccnRqDuE.s 			page 45


 1298      5A4D7CDD 
 1298      86FA127C 
 1298      6F58F0
 1299 0702 0EFF79DF 		.ascii	"\016\377y\337n\201wP\034\313\327,'\273&\300\307-02\357"
 1299      6E817750 
 1299      1CCBD72C 
 1299      27BB26C0 
 1299      C72D3032 
 1300 0717 B4C00D28 		.ascii	"\264\300\015(]\202\267:\331c\241\344f\375\025\251\004"
 1300      5D82B73A 
 1300      D963A1E4 
 1300      66FD15A9 
 1300      04
 1301 0728 95EFB2F0 		.ascii	"\225\357\262\360\273)\216-\374Z'\253p\230\370\212\035"
 1301      BB298E2D 
 1301      FC5A27AB 
 1301      7098F88A 
 1301      1D
 1302 0739 B6727C89 		.ascii	"\266r|\211\331c\341\367R\034[\370eN\362\243A\203\274"
 1302      D963E1F7 
 1302      521C5BF8 
 1302      654EF2A3 
 1302      4183BC
 1303 074c F85F5058 		.ascii	"\370_PX\364nQ4\346\367\371|\336h\314[\230?\311\033+"
 1303      F46E5134 
 1303      E6F7F97C 
 1303      DE68CC5B 
 1303      983FC91B 
 1304 0761 2DE0F750 		.ascii	"-\340\367PL\033T\340\0369\3567\351\001\3370\222jy\006"
 1304      4C1B54E0 
 1304      1E39EE37 
 1304      E901DF30 
 1304      926A7906 
 1305 0775 0D7DD73F 		.ascii	"\015}\327?\304\367\346\2600I\212\3755\246\025\025GB"
 1305      C4F7E6B0 
 1305      30498AFD 
 1305      35A61515 
 1305      4742
 1306 0787 1AF30D25 		.ascii	"\032\363\015%I\371\245\305S\207E\006\026\023\265 Z\252"
 1306      49F9A5C5 
 1306      53874506 
 1306      1613B520 
 1306      5AAA
 1307 0799 45FE32B0 		.ascii	"E\3762\260\370g\304\031\323FM.\322\006\006~>!\300\023"
 1307      F867C419 
 1307      D3464D2E 
 1307      D206067E 
 1307      3E21C013 
 1308 07ad E56A53C2 		.ascii	"\345jS\302E\321\011\177\216\226\3761V\222_\020\011M"
 1308      45D1097F 
 1308      8E96FE31 
 1308      56925F10 
 1308      094D
 1309 07bf 89454A27 		.ascii	"\211EJ'\214\214\304\264)\245\2211\321\211E\005S"
 1309      8C8CC4B4 
 1309      29A59131 
 1309      D1894505 
ARM GAS  C:\Users\nello\AppData\Local\Temp\ccnRqDuE.s 			page 46


 1309      53
 1310 07d0 33C98F5F 		.ascii	"3\311\217_I\031\361\304\264\221\021-\020\2352Y\213\224"
 1310      4919F1C4 
 1310      B491112D 
 1310      109D3259 
 1310      8B94
 1311 07e2 E22457CB 		.ascii	"\342$W\313/\325\206OB\031\275\370$Zb\214U\034G4k8R\014"
 1311      2FD5864F 
 1311      4219BDF8 
 1311      245A628C 
 1311      551C4734 
 1312 07fa 935157CC 		.ascii	"\223QW\314\030\015/\320\212\246F\034\241\267\243\321"
 1312      180D2FD0 
 1312      8AA6461C 
 1312      A1B7A3D1 
 1313 080a 4918179A 		.ascii	"I\030\027\2324)\034*B\311Y/\025Q\202\325\305\274\271"
 1313      34291C2A 
 1313      42C9592F 
 1313      155182D5 
 1313      C5BCB9
 1314 081d 796333FD 		.ascii	"yc3\375\3361c\262\275\271\277\317\315\033\025\030=\325"
 1314      DE3163B2 
 1314      BDB9BFCF 
 1314      CD1B1518 
 1314      3DD5
 1315 082f 27A4718A 		.ascii	"'\244q\212A\205\204e\007\202\356)E\223\265L\177HK\012"
 1315      41858465 
 1315      0782EE29 
 1315      4593B54C 
 1315      7F484B0A 
 1316 0843 E6E4E604 		.ascii	"\346\344\346\004\177\233\223=\230\376:\310\206\217\360"
 1316      7F9B933D 
 1316      98FE3AC8 
 1316      868FF0
 1317 0852 A3F91C79 		.ascii	"\243\371\034y\243rs\306\260\234@P\311\316\013\372\035"
 1317      A37273C6 
 1317      B09C4050 
 1317      C9CE0BFA 
 1317      1D
 1318 0863 81C0D860 		.ascii	"\201\300\330`\246\022\010\374.\250\274\215\016\026\010"
 1318      A61208FC 
 1318      2EA8BC8D 
 1318      0E1608
 1319 0872 0459106D 		.ascii	"\004Y\020mx0\310\306\347\006X`\\\036~\233\0234\200&"
 1319      7830C8C6 
 1319      E7065860 
 1319      5C1E7E9B 
 1319      13348026 
 1320 0886 DCC77246 		.ascii	"\334\307rF\006i.\022\214\312\011*\271c\021\035\010\372"
 1320      06692E12 
 1320      8CCA092A 
 1320      B963111D 
 1320      08FA
 1321 0898 D17C4AF6 		.ascii	"\321|J\366\330\341\301\267^\271\210\274Qc\261\200\230"
 1321      D8E1C1B7 
 1321      5EB988BC 
 1321      5163B180 
ARM GAS  C:\Users\nello\AppData\Local\Temp\ccnRqDuE.s 			page 47


 1321      98
 1322 08a9 56CCD516 		.ascii	"V\314\325\026\025\243\376^r\022\322REc&F\264P\201\331"
 1322      15A3FE5E 
 1322      7212D252 
 1322      45632646 
 1322      B45081D9 
 1323 08bd 70CB15E3 		.ascii	"p\313\025\343]\017\345\363V~G\272\242%\246'\305\362"
 1323      5D0FE5F3 
 1323      567E47BA 
 1323      A225A627 
 1323      C5F2
 1324 08cf 44B478C7 		.ascii	"D\264x\307D\313\361\272\325\362\2309\017\345\033\353"
 1324      44CBF1BA 
 1324      D5F29839 
 1324      0FE51BEB 
 1325 08df F13FBBA8 		.ascii	"\361?\273\250\330\013"
 1325      D80B
 1326              		.text
 1327              		.section	.gnu.lto_.symtab.6c44f231,"e",%progbits
 1328 0000 7374496E 		.ascii	"stInit\000"
 1328      697400
 1329 0007 00       		.ascii	"\000"
 1330 0008 00       		.ascii	"\000"
 1331 0009 00       		.ascii	"\000"
 1332 000a 00000000 		.ascii	"\000\000\000\000\000\000\000\000"
 1332      00000000 
 1333 0012 C2000000 		.ascii	"\302\000\000\000"
 1334 0016 73744765 		.ascii	"stGetCounter\000"
 1334      74436F75 
 1334      6E746572 
 1334      00
 1335 0023 00       		.ascii	"\000"
 1336 0024 00       		.ascii	"\000"
 1337 0025 00       		.ascii	"\000"
 1338 0026 00000000 		.ascii	"\000\000\000\000\000\000\000\000"
 1338      00000000 
 1339 002e C5000000 		.ascii	"\305\000\000\000"
 1340 0032 73745374 		.ascii	"stStartAlarm\000"
 1340      61727441 
 1340      6C61726D 
 1340      00
 1341 003f 00       		.ascii	"\000"
 1342 0040 00       		.ascii	"\000"
 1343 0041 00       		.ascii	"\000"
 1344 0042 00000000 		.ascii	"\000\000\000\000\000\000\000\000"
 1344      00000000 
 1345 004a C9000000 		.ascii	"\311\000\000\000"
 1346 004e 73745374 		.ascii	"stStopAlarm\000"
 1346      6F70416C 
 1346      61726D00 
 1347 005a 00       		.ascii	"\000"
 1348 005b 00       		.ascii	"\000"
 1349 005c 00       		.ascii	"\000"
 1350 005d 00000000 		.ascii	"\000\000\000\000\000\000\000\000"
 1350      00000000 
 1351 0065 CB000000 		.ascii	"\313\000\000\000"
 1352 0069 73745365 		.ascii	"stSetAlarm\000"
ARM GAS  C:\Users\nello\AppData\Local\Temp\ccnRqDuE.s 			page 48


 1352      74416C61 
 1352      726D00
 1353 0074 00       		.ascii	"\000"
 1354 0075 00       		.ascii	"\000"
 1355 0076 00       		.ascii	"\000"
 1356 0077 00000000 		.ascii	"\000\000\000\000\000\000\000\000"
 1356      00000000 
 1357 007f CD000000 		.ascii	"\315\000\000\000"
 1358 0083 73744765 		.ascii	"stGetAlarm\000"
 1358      74416C61 
 1358      726D00
 1359 008e 00       		.ascii	"\000"
 1360 008f 00       		.ascii	"\000"
 1361 0090 00       		.ascii	"\000"
 1362 0091 00000000 		.ascii	"\000\000\000\000\000\000\000\000"
 1362      00000000 
 1363 0099 CF000000 		.ascii	"\317\000\000\000"
 1364 009d 73744973 		.ascii	"stIsAlarmActive\000"
 1364      416C6172 
 1364      6D416374 
 1364      69766500 
 1365 00ad 00       		.ascii	"\000"
 1366 00ae 00       		.ascii	"\000"
 1367 00af 00       		.ascii	"\000"
 1368 00b0 00000000 		.ascii	"\000\000\000\000\000\000\000\000"
 1368      00000000 
 1369 00b8 D6000000 		.ascii	"\326\000\000\000"
 1370 00bc 73745F6C 		.ascii	"st_lld_init\000"
 1370      6C645F69 
 1370      6E697400 
 1371 00c8 00       		.ascii	"\000"
 1372 00c9 02       		.ascii	"\002"
 1373 00ca 00       		.ascii	"\000"
 1374 00cb 00000000 		.ascii	"\000\000\000\000\000\000\000\000"
 1374      00000000 
 1375 00d3 D8000000 		.ascii	"\330\000\000\000"
 1376              		.text
 1377              		.section	.gnu.lto_.ext_symtab.6c44f231,"e",%progbits
 1378 0000 01       		.ascii	"\001"
 1379 0001 01       		.ascii	"\001"
 1380 0002 00       		.ascii	"\000"
 1381 0003 01       		.ascii	"\001"
 1382 0004 00       		.ascii	"\000"
 1383 0005 01       		.ascii	"\001"
 1384 0006 00       		.ascii	"\000"
 1385 0007 01       		.ascii	"\001"
 1386 0008 00       		.ascii	"\000"
 1387 0009 01       		.ascii	"\001"
 1388 000a 00       		.ascii	"\000"
 1389 000b 01       		.ascii	"\001"
 1390 000c 00       		.ascii	"\000"
 1391 000d 01       		.ascii	"\001"
 1392 000e 00       		.ascii	"\000"
 1393 000f 01       		.ascii	"\001"
 1394 0010 00       		.ascii	"\000"
 1395              		.text
 1396              		.section	.gnu.lto_.opts,"e",%progbits
ARM GAS  C:\Users\nello\AppData\Local\Temp\ccnRqDuE.s 			page 49


 1397 0000 272D666E 		.ascii	"'-fno-openmp' '-fno-openacc' '-fno-pie' '-fcf-prote"
 1397      6F2D6F70 
 1397      656E6D70 
 1397      2720272D 
 1397      666E6F2D 
 1398 0033 6374696F 		.ascii	"ction=none' '-g' '-mcpu=cortex-m4' '-mthumb' '-mflo"
 1398      6E3D6E6F 
 1398      6E652720 
 1398      272D6727 
 1398      20272D6D 
 1399 0066 61742D61 		.ascii	"at-abi=soft' '-mlibarch=armv7e-m' '-march=armv7e-m'"
 1399      62693D73 
 1399      6F667427 
 1399      20272D6D 
 1399      6C696261 
 1400 0099 20272D4F 		.ascii	" '-O2' '-fomit-frame-pointer' '-falign-functions=16"
 1400      32272027 
 1400      2D666F6D 
 1400      69742D66 
 1400      72616D65 
 1401 00cc 2720272D 		.ascii	"' '-ffunction-sections' '-fdata-sections' '-fno-com"
 1401      6666756E 
 1401      6374696F 
 1401      6E2D7365 
 1401      6374696F 
 1402 00ff 6D6F6E27 		.ascii	"mon' '-flto' '-Xassembler' '-alms=./build/lst/hal_s"
 1402      20272D66 
 1402      6C746F27 
 1402      20272D58 
 1402      61737365 
 1403 0132 742E6C73 		.ascii	"t.lst'\000"
 1403      742700
 1404              		.text
 1405              		.comm	__gnu_lto_slim,1,1
 1406              		.ident	"GCC: (GNU Arm Embedded Toolchain 10.3-2021.10) 10.3.1 20210824 (release)"
ARM GAS  C:\Users\nello\AppData\Local\Temp\ccnRqDuE.s 			page 50


DEFINED SYMBOLS
                            *ABS*:00000000 hal_st.c
C:\Users\nello\AppData\Local\Temp\ccnRqDuE.s:24     .gnu.debuglto_.debug_info:00000000 hal_st.c.6b25197d
                            *COM*:00000001 __gnu_lto_slim

NO UNDEFINED SYMBOLS
